runmode
	reference	3 328.3894844 17.6993579 328.389484 17.699358
	inverse	3 0.500000 400
	end
image
	multfile	1 arcs.dat
	newton		1
	forme		-1
	mult_wcs	1
	sigposArcsec		0.500000
	end
grille
	nombre		128
	polaire		0
	nlentille	1
	nlens_opt	1
	end
source
	z_source	0.242900
	end
potential	O1
0
	profile		81
	x_centre	0.000000
	y_centre	0.000000
	ellipticity	0.325853
	angle_pos	-61.314961
	core_radius_kpc	5.000000
	cut_radius_kpc	100.000000
	v_disp		100.000000
	z_lens		0.232900
	end
limit	O1
0
	x_centre	0 -5.000000 5.000000 0.000000
	y_centre	0 -5.000000 5.000000 0.000000
	ellipticity	1 0.000000 0.800000 0.000000
	angle_pos	1 -1.570796 1.570796 0.001745
	core_radius_kpc	1 0.010000 80.000000 0.010000
	v_disp		1 10.000000 500.000000 0.000000
	end
cline
	nplan		0
	dmax		40.000000
	algorithm		MARCHINGSQUARES
	limitHigh		10.000000
	limitLow		3.000000
	end
grande
	iso	0 0 0.000000 0.000000 0.000000
	name	best
	profile	0 0
	contour	1 0
	large_dist	0.300000
	end
cosmology
	model	1
	H0	70.000000
	omegaM	0.300000
	omegaX	0.700000
	omegaK	0.000000
	wX	-1.000000
	wa	0.000000
	kcourb	0.000000
	end
cosmolimit
	omegaM	0 0.000000 0.000000
	omegaX	0 0.000000 0.000000
	wX	0 0.000000 0.000000
	wa	0 0.000000 0.000000
	end
field
	xmin	-20.000000
	xmax	20.000000
	ymin	-20.000000
	ymax	20.000000
	end
finish
For z_s = 0.2429  DLS/DS:0.0387
DLS:0.0071(lt) 30.59(Mpc) DOS:0.1843(lt) 789.50(Mpc)
DOL:0.1786(lt) 765.07(Mpc) DOL_lum:0.2715(lt) 1162.94(Mpc)
Mcrit:5.609359e-02 (10^12 Msol/kpc^2)
Conversion Factor @ z = 0.232900, 1 arcsec == 3.709 kpc
Number of Clumps: 1
-------- Clump O1: PIEMD Kovner, truncated
 Total mass: 1.210957(cor) 1.043892 (10^12 M_sol)
 rcut:26.96(") 100.00(kpc)
 vdisp:100.00(km/s) b0:0.4326
 rc:1.35(") 5.00(kpc)
 rt:26.96(") 100.00(kpc)
 r_ct:0.0000 r_cr:0.0000
