runmode
	reference	3 243.953757 -6.145082 243.953757 -6.145082
	image	1 arcs.dat
	mass	3 2000 0.203000 mass3.fits
	end
grid
	number		128
	polar		0
	nlens	100
	end
source
	z_source	0.213000
	end
image
	newton		1
	end
potential
0
	profile		81
	x_centre	-43.066312
	y_centre	31.719600
	ellipticity	0.467120
	angle_pos	-71.188434
	core_radius	1.024151
	core_radius_kpc	3.418922
	cut_radius	29.955378
	cut_radius_kpc	100.000000
	v_disp		215.085315
	z_lens		0.203000
	end
potential
1
	profile		81
	x_centre	2.763852
	y_centre	1.104884
	ellipticity	0.683423
	angle_pos	178.963760
	core_radius	13.941093
	core_radius_kpc	46.539532
	cut_radius	240.803843
	cut_radius_kpc	803.875152
	v_disp		749.607264
	z_lens		0.203000
	end
potential
2
	profile		81
	x_centre	-0.687000
	y_centre	0.911000
	ellipticity	0.133361
	angle_pos	1.308083
	core_radius	1.137161
	core_radius_kpc	3.796183
	cut_radius	151.867705
	cut_radius_kpc	506.979760
	v_disp		350.846802
	mag		17.424000
	z_lens		0.203000
	end
potential
3
	profile		81
	x_centre	91.913217
	y_centre	-112.694400
	ellipticity	0.168820
	angle_pos	73.200000
	core_radius	0.051299
	core_radius_kpc	0.171250
	cut_radius	10.601724
	cut_radius_kpc	35.391722
	v_disp		204.081373
	mag		17.092300
	z_lens		0.203000
	end
potential
4
	profile		81
	x_centre	-66.951078
	y_centre	83.703600
	ellipticity	0.374721
	angle_pos	-54.200000
	core_radius	0.049809
	core_radius_kpc	0.166277
	cut_radius	10.293818
	cut_radius_kpc	34.363840
	v_disp		201.095970
	mag		17.156300
	z_lens		0.203000
	end
potential
5
	profile		81
	x_centre	112.755565
	y_centre	-24.879600
	ellipticity	0.198741
	angle_pos	-8.000000
	core_radius	0.047348
	core_radius_kpc	0.158063
	cut_radius	9.785353
	cut_radius_kpc	32.666431
	v_disp		196.066487
	mag		17.266300
	z_lens		0.203000
	end
potential
6
	profile		81
	x_centre	75.870729
	y_centre	-77.184000
	ellipticity	0.122988
	angle_pos	-59.600000
	core_radius	0.045747
	core_radius_kpc	0.152718
	cut_radius	9.454455
	cut_radius_kpc	31.561795
	v_disp		192.722920
	mag		17.341000
	z_lens		0.203000
	end
potential
7
	profile		81
	x_centre	163.009140
	y_centre	-114.015600
	ellipticity	0.399334
	angle_pos	-39.400000
	core_radius	0.044914
	core_radius_kpc	0.149938
	cut_radius	9.282319
	cut_radius_kpc	30.987154
	v_disp		190.960423
	mag		17.380900
	z_lens		0.203000
	end
potential
8
	profile		81
	x_centre	-104.523142
	y_centre	103.395600
	ellipticity	0.462727
	angle_pos	-28.700000
	core_radius	0.044372
	core_radius_kpc	0.148126
	cut_radius	9.170151
	cut_radius_kpc	30.612704
	v_disp		189.803129
	mag		17.407300
	z_lens		0.203000
	end
potential
9
	profile		81
	x_centre	44.498038
	y_centre	79.426800
	ellipticity	0.268483
	angle_pos	13.200000
	core_radius	0.042306
	core_radius_kpc	0.141231
	cut_radius	8.743322
	cut_radius_kpc	29.187822
	v_disp		185.333261
	mag		17.510800
	z_lens		0.203000
	end
potential
10
	profile		81
	x_centre	91.118609
	y_centre	-63.817200
	ellipticity	0.242884
	angle_pos	72.300000
	core_radius	0.042007
	core_radius_kpc	0.140233
	cut_radius	8.681535
	cut_radius_kpc	28.981556
	v_disp		184.677237
	mag		17.526200
	z_lens		0.203000
	end
potential
11
	profile		81
	x_centre	108.256367
	y_centre	-88.650000
	ellipticity	0.148701
	angle_pos	-84.900000
	core_radius	0.040412
	core_radius_kpc	0.134906
	cut_radius	8.351731
	cut_radius_kpc	27.880573
	v_disp		181.135414
	mag		17.610300
	z_lens		0.203000
	end
potential
12
	profile		81
	x_centre	65.576621
	y_centre	-42.134400
	ellipticity	0.177308
	angle_pos	75.800000
	core_radius	0.038650
	core_radius_kpc	0.129024
	cut_radius	7.987603
	cut_radius_kpc	26.665006
	v_disp		177.142744
	mag		17.707100
	z_lens		0.203000
	end
potential
13
	profile		81
	x_centre	174.069222
	y_centre	-56.653200
	ellipticity	0.275279
	angle_pos	23.800000
	core_radius	0.038504
	core_radius_kpc	0.128538
	cut_radius	7.957497
	cut_radius_kpc	26.564503
	v_disp		176.808593
	mag		17.715300
	z_lens		0.203000
	end
potential
14
	profile		81
	x_centre	22.302709
	y_centre	39.416400
	ellipticity	0.163151
	angle_pos	-82.100000
	core_radius	0.037711
	core_radius_kpc	0.125890
	cut_radius	7.793571
	cut_radius_kpc	26.017268
	v_disp		174.977967
	mag		17.760500
	z_lens		0.203000
	end
potential
15
	profile		81
	x_centre	92.639818
	y_centre	89.758800
	ellipticity	0.825784
	angle_pos	-54.900000
	core_radius	0.037229
	core_radius_kpc	0.124283
	cut_radius	7.694077
	cut_radius_kpc	25.685126
	v_disp		173.857475
	mag		17.788400
	z_lens		0.203000
	end
potential
16
	profile		81
	x_centre	76.597330
	y_centre	-107.931600
	ellipticity	0.204107
	angle_pos	-71.500000
	core_radius	0.035744
	core_radius_kpc	0.119325
	cut_radius	7.387143
	cut_radius_kpc	24.660490
	v_disp		170.354405
	mag		17.876800
	z_lens		0.203000
	end
potential
17
	profile		81
	x_centre	-12.924905
	y_centre	16.408800
	ellipticity	0.226197
	angle_pos	9.400000
	core_radius	0.035330
	core_radius_kpc	0.117943
	cut_radius	7.301574
	cut_radius_kpc	24.374836
	v_disp		169.364883
	mag		17.902100
	z_lens		0.203000
	end
potential
18
	profile		81
	x_centre	53.328207
	y_centre	-53.283600
	ellipticity	0.645331
	angle_pos	-63.100000
	core_radius	0.035277
	core_radius_kpc	0.117764
	cut_radius	7.290486
	cut_radius_kpc	24.337821
	v_disp		169.236240
	mag		17.905400
	z_lens		0.203000
	end
potential
19
	profile		81
	x_centre	48.743105
	y_centre	40.942800
	ellipticity	0.203261
	angle_pos	-28.700000
	core_radius	0.034913
	core_radius_kpc	0.116550
	cut_radius	7.215335
	cut_radius_kpc	24.086943
	v_disp		168.361725
	mag		17.927900
	z_lens		0.203000
	end
potential
20
	profile		81
	x_centre	60.762443
	y_centre	15.498000
	ellipticity	0.639712
	angle_pos	-23.600000
	core_radius	0.034857
	core_radius_kpc	0.116362
	cut_radius	7.203715
	cut_radius_kpc	24.048151
	v_disp		168.226096
	mag		17.931400
	z_lens		0.203000
	end
potential
21
	profile		81
	x_centre	140.824549
	y_centre	32.990400
	ellipticity	0.103885
	angle_pos	-60.400000
	core_radius	0.034159
	core_radius_kpc	0.114033
	cut_radius	7.059541
	cut_radius_kpc	23.566858
	v_disp		166.534174
	mag		17.975300
	z_lens		0.203000
	end
potential
22
	profile		81
	x_centre	160.313917
	y_centre	-68.403600
	ellipticity	0.486444
	angle_pos	32.100000
	core_radius	0.033960
	core_radius_kpc	0.113368
	cut_radius	7.018374
	cut_radius_kpc	23.429428
	v_disp		166.047892
	mag		17.988000
	z_lens		0.203000
	end
potential
23
	profile		81
	x_centre	76.404047
	y_centre	-18.694800
	ellipticity	0.452213
	angle_pos	-58.900000
	core_radius	0.032980
	core_radius_kpc	0.110096
	cut_radius	6.815795
	cut_radius_kpc	22.753159
	v_disp		163.633932
	mag		18.051600
	z_lens		0.203000
	end
potential
24
	profile		81
	x_centre	42.762070
	y_centre	-109.350000
	ellipticity	0.166321
	angle_pos	-64.500000
	core_radius	0.032106
	core_radius_kpc	0.107179
	cut_radius	6.635238
	cut_radius_kpc	22.150406
	v_disp		161.451977
	mag		18.109900
	z_lens		0.203000
	end
potential
25
	profile		81
	x_centre	23.752331
	y_centre	0.367200
	ellipticity	0.079872
	angle_pos	-73.500000
	core_radius	0.031861
	core_radius_kpc	0.106363
	cut_radius	6.584708
	cut_radius_kpc	21.981721
	v_disp		160.836038
	mag		18.126500
	z_lens		0.203000
	end
potential
26
	profile		81
	x_centre	100.052578
	y_centre	52.783200
	ellipticity	0.118500
	angle_pos	-30.500000
	core_radius	0.031585
	core_radius_kpc	0.105441
	cut_radius	6.527644
	cut_radius_kpc	21.791227
	v_disp		160.137619
	mag		18.145400
	z_lens		0.203000
	end
potential
27
	profile		81
	x_centre	-11.650669
	y_centre	32.688000
	ellipticity	0.496776
	angle_pos	31.700000
	core_radius	0.031453
	core_radius_kpc	0.105000
	cut_radius	6.500346
	cut_radius_kpc	21.700098
	v_disp		159.802426
	mag		18.154500
	z_lens		0.203000
	end
potential
28
	profile		81
	x_centre	120.379505
	y_centre	46.983600
	ellipticity	0.440852
	angle_pos	87.400000
	core_radius	0.031264
	core_radius_kpc	0.104369
	cut_radius	6.461249
	cut_radius_kpc	21.569580
	v_disp		159.321126
	mag		18.167600
	z_lens		0.203000
	end
potential
29
	profile		81
	x_centre	-2.659431
	y_centre	10.544400
	ellipticity	0.396807
	angle_pos	-86.400000
	core_radius	0.031139
	core_radius_kpc	0.103952
	cut_radius	6.435414
	cut_radius_kpc	21.483335
	v_disp		159.002286
	mag		18.176300
	z_lens		0.203000
	end
potential
30
	profile		81
	x_centre	138.966885
	y_centre	-54.900000
	ellipticity	0.700102
	angle_pos	8.600000
	core_radius	0.030483
	core_radius_kpc	0.101763
	cut_radius	6.299941
	cut_radius_kpc	21.031086
	v_disp		157.319793
	mag		18.222500
	z_lens		0.203000
	end
potential
31
	profile		81
	x_centre	34.651344
	y_centre	71.614800
	ellipticity	0.862675
	angle_pos	38.200000
	core_radius	0.030350
	core_radius_kpc	0.101319
	cut_radius	6.272440
	cut_radius_kpc	20.939278
	v_disp		156.976039
	mag		18.232000
	z_lens		0.203000
	end
potential
32
	profile		81
	x_centre	-15.516328
	y_centre	69.958800
	ellipticity	0.595392
	angle_pos	40.500000
	core_radius	0.029206
	core_radius_kpc	0.097497
	cut_radius	6.035823
	cut_radius_kpc	20.149380
	v_disp		153.986755
	mag		18.315500
	z_lens		0.203000
	end
potential
33
	profile		81
	x_centre	99.705384
	y_centre	-39.420000
	ellipticity	0.048165
	angle_pos	-38.300000
	core_radius	0.027824
	core_radius_kpc	0.092886
	cut_radius	5.750379
	cut_radius_kpc	19.196484
	v_disp		150.301518
	mag		18.420700
	z_lens		0.203000
	end
potential
34
	profile		81
	x_centre	61.317237
	y_centre	87.955200
	ellipticity	0.413394
	angle_pos	-35.900000
	core_radius	0.027543
	core_radius_kpc	0.091946
	cut_radius	5.692152
	cut_radius_kpc	19.002104
	v_disp		149.538620
	mag		18.442800
	z_lens		0.203000
	end
potential
35
	profile		81
	x_centre	-75.423315
	y_centre	8.737200
	ellipticity	0.225256
	angle_pos	83.300000
	core_radius	0.026864
	core_radius_kpc	0.089679
	cut_radius	5.551834
	cut_radius_kpc	18.533681
	v_disp		147.683973
	mag		18.497000
	z_lens		0.203000
	end
potential
36
	profile		81
	x_centre	-43.030519
	y_centre	3.880800
	ellipticity	0.244742
	angle_pos	-17.300000
	core_radius	0.026825
	core_radius_kpc	0.089551
	cut_radius	5.543914
	cut_radius_kpc	18.507242
	v_disp		147.578594
	mag		18.500100
	z_lens		0.203000
	end
potential
37
	profile		81
	x_centre	21.143011
	y_centre	-59.680800
	ellipticity	0.294010
	angle_pos	-50.200000
	core_radius	0.026822
	core_radius_kpc	0.089539
	cut_radius	5.543148
	cut_radius_kpc	18.504685
	v_disp		147.568400
	mag		18.500400
	z_lens		0.203000
	end
potential
38
	profile		81
	x_centre	-26.032354
	y_centre	14.810400
	ellipticity	0.334069
	angle_pos	81.900000
	core_radius	0.026528
	core_radius_kpc	0.088559
	cut_radius	5.482473
	cut_radius_kpc	18.302132
	v_disp		146.758535
	mag		18.524300
	z_lens		0.203000
	end
potential
39
	profile		81
	x_centre	8.937548
	y_centre	-81.972000
	ellipticity	0.384615
	angle_pos	42.400000
	core_radius	0.025905
	core_radius_kpc	0.086479
	cut_radius	5.353730
	cut_radius_kpc	17.872351
	v_disp		145.025165
	mag		18.575900
	z_lens		0.203000
	end
potential
40
	profile		81
	x_centre	181.456927
	y_centre	8.236800
	ellipticity	0.429703
	angle_pos	53.500000
	core_radius	0.025488
	core_radius_kpc	0.085085
	cut_radius	5.267403
	cut_radius_kpc	17.584163
	v_disp		143.851160
	mag		18.611200
	z_lens		0.203000
	end
potential
41
	profile		81
	x_centre	23.916979
	y_centre	26.722800
	ellipticity	0.128956
	angle_pos	23.500000
	core_radius	0.025373
	core_radius_kpc	0.084702
	cut_radius	5.243684
	cut_radius_kpc	17.504983
	v_disp		143.526921
	mag		18.621000
	z_lens		0.203000
	end
potential
42
	profile		81
	x_centre	53.385476
	y_centre	-17.542800
	ellipticity	0.811781
	angle_pos	-62.300000
	core_radius	0.025299
	core_radius_kpc	0.084456
	cut_radius	5.228493
	cut_radius_kpc	17.454270
	v_disp		143.318867
	mag		18.627300
	z_lens		0.203000
	end
potential
43
	profile		81
	x_centre	109.652299
	y_centre	32.554800
	ellipticity	0.183056
	angle_pos	68.400000
	core_radius	0.025241
	core_radius_kpc	0.084262
	cut_radius	5.216467
	cut_radius_kpc	17.414126
	v_disp		143.153960
	mag		18.632300
	z_lens		0.203000
	end
potential
44
	profile		81
	x_centre	-93.151660
	y_centre	31.251600
	ellipticity	0.183056
	angle_pos	-36.400000
	core_radius	0.025197
	core_radius_kpc	0.084115
	cut_radius	5.207347
	cut_radius_kpc	17.383679
	v_disp		143.028758
	mag		18.636100
	z_lens		0.203000
	end
potential
45
	profile		81
	x_centre	138.566002
	y_centre	-30.794400
	ellipticity	0.711157
	angle_pos	-80.400000
	core_radius	0.024973
	core_radius_kpc	0.083366
	cut_radius	5.161031
	cut_radius_kpc	17.229064
	v_disp		142.391271
	mag		18.655500
	z_lens		0.203000
	end
potential
46
	profile		81
	x_centre	1.385195
	y_centre	117.651600
	ellipticity	0.219512
	angle_pos	-79.800000
	core_radius	0.023877
	core_radius_kpc	0.079710
	cut_radius	4.934652
	cut_radius_kpc	16.473341
	v_disp		139.233380
	mag		18.752900
	z_lens		0.203000
	end
potential
47
	profile		81
	x_centre	-31.659037
	y_centre	44.920800
	ellipticity	0.540031
	angle_pos	-49.600000
	core_radius	0.023726
	core_radius_kpc	0.079205
	cut_radius	4.903391
	cut_radius_kpc	16.368983
	v_disp		138.791659
	mag		18.766700
	z_lens		0.203000
	end
potential
48
	profile		81
	x_centre	33.223197
	y_centre	-24.008400
	ellipticity	0.326562
	angle_pos	-10.800000
	core_radius	0.023691
	core_radius_kpc	0.079088
	cut_radius	4.896170
	cut_radius_kpc	16.344878
	v_disp		138.689431
	mag		18.769900
	z_lens		0.203000
	end
potential
49
	profile		81
	x_centre	160.736276
	y_centre	-19.062000
	ellipticity	0.096548
	angle_pos	-8.700000
	core_radius	0.023608
	core_radius_kpc	0.078812
	cut_radius	4.879064
	cut_radius_kpc	16.287772
	v_disp		138.446942
	mag		18.777500
	z_lens		0.203000
	end
potential
50
	profile		81
	x_centre	126.450022
	y_centre	-20.448000
	ellipticity	0.452392
	angle_pos	24.000000
	core_radius	0.023396
	core_radius_kpc	0.078104
	cut_radius	4.835223
	cut_radius_kpc	16.141418
	v_disp		137.823529
	mag		18.797100
	z_lens		0.203000
	end
potential
51
	profile		81
	x_centre	43.316864
	y_centre	39.441600
	ellipticity	0.538596
	angle_pos	-12.200000
	core_radius	0.023189
	core_radius_kpc	0.077413
	cut_radius	4.792438
	cut_radius_kpc	15.998589
	v_disp		137.212402
	mag		18.816400
	z_lens		0.203000
	end
potential
52
	profile		81
	x_centre	149.150035
	y_centre	-2.937600
	ellipticity	0.317176
	angle_pos	-30.700000
	core_radius	0.023164
	core_radius_kpc	0.077327
	cut_radius	4.787144
	cut_radius_kpc	15.980917
	v_disp		137.136597
	mag		18.818800
	z_lens		0.203000
	end
potential
53
	profile		81
	x_centre	169.405375
	y_centre	-43.498800
	ellipticity	0.152941
	angle_pos	66.200000
	core_radius	0.022181
	core_radius_kpc	0.074048
	cut_radius	4.584125
	cut_radius_kpc	15.303180
	v_disp		134.197173
	mag		18.912900
	z_lens		0.203000
	end
potential
54
	profile		81
	x_centre	-36.022221
	y_centre	-2.574000
	ellipticity	0.347075
	angle_pos	72.900000
	core_radius	0.022118
	core_radius_kpc	0.073837
	cut_radius	4.571056
	cut_radius_kpc	15.259549
	v_disp		134.005729
	mag		18.919100
	z_lens		0.203000
	end
potential
55
	profile		81
	x_centre	-49.036608
	y_centre	-34.052400
	ellipticity	0.948302
	angle_pos	-20.700000
	core_radius	0.022089
	core_radius_kpc	0.073741
	cut_radius	4.565165
	cut_radius_kpc	15.239885
	v_disp		133.919361
	mag		18.921900
	z_lens		0.203000
	end
potential
56
	profile		81
	x_centre	25.703057
	y_centre	-46.278000
	ellipticity	0.222731
	angle_pos	89.300000
	core_radius	0.021830
	core_radius_kpc	0.072874
	cut_radius	4.511454
	cut_radius_kpc	15.060580
	v_disp		133.129214
	mag		18.947600
	z_lens		0.203000
	end
potential
57
	profile		81
	x_centre	37.965789
	y_centre	14.893200
	ellipticity	0.132743
	angle_pos	79.900000
	core_radius	0.021163
	core_radius_kpc	0.070647
	cut_radius	4.373574
	cut_radius_kpc	14.600297
	v_disp		131.079075
	mag		19.015000
	z_lens		0.203000
	end
potential
58
	profile		81
	x_centre	137.127117
	y_centre	-48.751200
	ellipticity	0.631507
	angle_pos	-74.900000
	core_radius	0.021034
	core_radius_kpc	0.070218
	cut_radius	4.347069
	cut_radius_kpc	14.511814
	v_disp		130.681276
	mag		19.028200
	z_lens		0.203000
	end
potential
59
	profile		81
	x_centre	-29.661779
	y_centre	2.775600
	ellipticity	0.785312
	angle_pos	-87.500000
	core_radius	0.020951
	core_radius_kpc	0.069941
	cut_radius	4.329886
	cut_radius_kpc	14.454454
	v_disp		130.422754
	mag		19.036800
	z_lens		0.203000
	end
potential
60
	profile		81
	x_centre	10.057874
	y_centre	-74.786400
	ellipticity	0.668850
	angle_pos	51.100000
	core_radius	0.020832
	core_radius_kpc	0.069543
	cut_radius	4.305231
	cut_radius_kpc	14.372148
	v_disp		130.050902
	mag		19.049200
	z_lens		0.203000
	end
potential
61
	profile		81
	x_centre	-92.432217
	y_centre	52.153200
	ellipticity	0.583962
	angle_pos	43.400000
	core_radius	0.020633
	core_radius_kpc	0.068880
	cut_radius	4.264189
	cut_radius_kpc	14.235138
	v_disp		129.429528
	mag		19.070000
	z_lens		0.203000
	end
potential
62
	profile		81
	x_centre	160.367606
	y_centre	-126.583200
	ellipticity	0.857452
	angle_pos	65.100000
	core_radius	0.020558
	core_radius_kpc	0.068630
	cut_radius	4.248704
	cut_radius_kpc	14.183444
	v_disp		129.194304
	mag		19.077900
	z_lens		0.203000
	end
potential
63
	profile		81
	x_centre	78.125697
	y_centre	-126.604800
	ellipticity	0.582176
	angle_pos	-28.300000
	core_radius	0.019975
	core_radius_kpc	0.066682
	cut_radius	4.128160
	cut_radius_kpc	13.781030
	v_disp		127.348363
	mag		19.140400
	z_lens		0.203000
	end
potential
64
	profile		81
	x_centre	12.062290
	y_centre	-9.039600
	ellipticity	0.280000
	angle_pos	-79.500000
	core_radius	0.019671
	core_radius_kpc	0.065668
	cut_radius	4.065337
	cut_radius_kpc	13.571308
	v_disp		126.375640
	mag		19.173700
	z_lens		0.203000
	end
potential
65
	profile		81
	x_centre	76.758399
	y_centre	20.300400
	ellipticity	0.545659
	angle_pos	28.500000
	core_radius	0.019251
	core_radius_kpc	0.064267
	cut_radius	3.978657
	cut_radius_kpc	13.281945
	v_disp		125.021115
	mag		19.220500
	z_lens		0.203000
	end
potential
66
	profile		81
	x_centre	146.043190
	y_centre	34.052400
	ellipticity	0.431565
	angle_pos	-13.700000
	core_radius	0.019200
	core_radius_kpc	0.064096
	cut_radius	3.968044
	cut_radius_kpc	13.246517
	v_disp		124.854261
	mag		19.226300
	z_lens		0.203000
	end
potential
67
	profile		81
	x_centre	55.157236
	y_centre	-51.069600
	ellipticity	0.474193
	angle_pos	-79.200000
	core_radius	0.019018
	core_radius_kpc	0.063488
	cut_radius	3.930398
	cut_radius_kpc	13.120842
	v_disp		124.260577
	mag		19.247000
	z_lens		0.203000
	end
potential
68
	profile		81
	x_centre	-62.083210
	y_centre	56.577600
	ellipticity	0.459310
	angle_pos	64.200000
	core_radius	0.018760
	core_radius_kpc	0.062626
	cut_radius	3.877006
	cut_radius_kpc	12.942605
	v_disp		123.413698
	mag		19.276700
	z_lens		0.203000
	end
potential
69
	profile		81
	x_centre	4.602998
	y_centre	21.931200
	ellipticity	0.740691
	angle_pos	90.000000
	core_radius	0.018613
	core_radius_kpc	0.062137
	cut_radius	3.846773
	cut_radius_kpc	12.841676
	v_disp		122.931553
	mag		19.293700
	z_lens		0.203000
	end
potential
70
	profile		81
	x_centre	-76.207185
	y_centre	7.822800
	ellipticity	0.338343
	angle_pos	50.100000
	core_radius	0.018397
	core_radius_kpc	0.061415
	cut_radius	3.802038
	cut_radius_kpc	12.692340
	v_disp		122.214678
	mag		19.319100
	z_lens		0.203000
	end
potential
71
	profile		81
	x_centre	-94.987848
	y_centre	98.308800
	ellipticity	0.615200
	angle_pos	88.100000
	core_radius	0.018363
	core_radius_kpc	0.061302
	cut_radius	3.795041
	cut_radius_kpc	12.668981
	v_disp		122.102166
	mag		19.323100
	z_lens		0.203000
	end
potential
72
	profile		81
	x_centre	42.622477
	y_centre	174.636000
	ellipticity	0.600000
	angle_pos	-1.600000
	core_radius	0.018297
	core_radius_kpc	0.061082
	cut_radius	3.781434
	cut_radius_kpc	12.623556
	v_disp		121.883065
	mag		19.330900
	z_lens		0.203000
	end
potential
73
	profile		81
	x_centre	155.106014
	y_centre	-3.092400
	ellipticity	0.644698
	angle_pos	-58.300000
	core_radius	0.018164
	core_radius_kpc	0.060636
	cut_radius	3.753847
	cut_radius_kpc	12.531461
	v_disp		121.437654
	mag		19.346800
	z_lens		0.203000
	end
potential
74
	profile		81
	x_centre	113.310359
	y_centre	-102.470400
	ellipticity	0.576791
	angle_pos	-74.800000
	core_radius	0.018120
	core_radius_kpc	0.060491
	cut_radius	3.744868
	cut_radius_kpc	12.501488
	v_disp		121.292338
	mag		19.352000
	z_lens		0.203000
	end
potential
75
	profile		81
	x_centre	34.178874
	y_centre	-21.416400
	ellipticity	0.370203
	angle_pos	-80.200000
	core_radius	0.017925
	core_radius_kpc	0.059840
	cut_radius	3.704559
	cut_radius_kpc	12.366924
	v_disp		120.637789
	mag		19.375500
	z_lens		0.203000
	end
potential
76
	profile		81
	x_centre	51.875005
	y_centre	-147.751200
	ellipticity	0.644698
	angle_pos	-59.700000
	core_radius	0.017384
	core_radius_kpc	0.058032
	cut_radius	3.592663
	cut_radius_kpc	11.993383
	v_disp		118.801895
	mag		19.442100
	z_lens		0.203000
	end
potential
77
	profile		81
	x_centre	107.551242
	y_centre	46.087200
	ellipticity	0.721683
	angle_pos	56.800000
	core_radius	0.017293
	core_radius_kpc	0.057729
	cut_radius	3.573852
	cut_radius_kpc	11.930584
	v_disp		118.490455
	mag		19.453500
	z_lens		0.203000
	end
potential
78
	profile		81
	x_centre	96.641491
	y_centre	-59.230800
	ellipticity	0.609537
	angle_pos	65.900000
	core_radius	0.017254
	core_radius_kpc	0.057599
	cut_radius	3.565796
	cut_radius_kpc	11.903692
	v_disp		118.356842
	mag		19.458400
	z_lens		0.203000
	end
potential
79
	profile		81
	x_centre	-0.597746
	y_centre	147.895200
	ellipticity	0.592462
	angle_pos	-20.500000
	core_radius	0.017085
	core_radius_kpc	0.057036
	cut_radius	3.530990
	cut_radius_kpc	11.787500
	v_disp		117.777781
	mag		19.479700
	z_lens		0.203000
	end
potential
80
	profile		81
	x_centre	19.503685
	y_centre	-86.576400
	ellipticity	0.699550
	angle_pos	-84.400000
	core_radius	0.017031
	core_radius_kpc	0.056853
	cut_radius	3.519626
	cut_radius_kpc	11.749562
	v_disp		117.588098
	mag		19.486700
	z_lens		0.203000
	end
potential
81
	profile		81
	x_centre	-66.725581
	y_centre	36.133200
	ellipticity	0.470588
	angle_pos	54.400000
	core_radius	0.016645
	core_radius_kpc	0.055566
	cut_radius	3.439985
	cut_radius_kpc	11.483696
	v_disp		116.250109
	mag		19.536400
	z_lens		0.203000
	end
potential
82
	profile		81
	x_centre	208.223041
	y_centre	-92.448000
	ellipticity	0.190546
	angle_pos	-45.800000
	core_radius	0.016093
	core_radius_kpc	0.053724
	cut_radius	3.325956
	cut_radius_kpc	11.103035
	v_disp		114.307142
	mag		19.609600
	z_lens		0.203000
	end
potential
83
	profile		81
	x_centre	80.649114
	y_centre	-32.054400
	ellipticity	0.060550
	angle_pos	-17.000000
	core_radius	0.016082
	core_radius_kpc	0.053685
	cut_radius	3.323506
	cut_radius_kpc	11.094857
	v_disp		114.265038
	mag		19.611200
	z_lens		0.203000
	end
potential
84
	profile		81
	x_centre	186.324795
	y_centre	-2.840400
	ellipticity	0.721234
	angle_pos	-45.700000
	core_radius	0.016065
	core_radius_kpc	0.053630
	cut_radius	3.320141
	cut_radius_kpc	11.083622
	v_disp		114.207169
	mag		19.613400
	z_lens		0.203000
	end
potential
85
	profile		81
	x_centre	64.978875
	y_centre	21.034800
	ellipticity	0.689655
	angle_pos	65.700000
	core_radius	0.015909
	core_radius_kpc	0.053109
	cut_radius	3.287884
	cut_radius_kpc	10.975939
	v_disp		113.651028
	mag		19.634600
	z_lens		0.203000
	end
potential
86
	profile		81
	x_centre	-41.602372
	y_centre	52.311600
	ellipticity	0.321343
	angle_pos	28.200000
	core_radius	0.015783
	core_radius_kpc	0.052688
	cut_radius	3.261794
	cut_radius_kpc	10.888842
	v_disp		113.199203
	mag		19.651900
	z_lens		0.203000
	end
potential
87
	profile		81
	x_centre	130.179668
	y_centre	-42.328800
	ellipticity	0.459310
	angle_pos	-65.700000
	core_radius	0.015684
	core_radius_kpc	0.052357
	cut_radius	3.241280
	cut_radius_kpc	10.820360
	v_disp		112.842674
	mag		19.665600
	z_lens		0.203000
	end
potential
88
	profile		81
	x_centre	-24.335759
	y_centre	61.876800
	ellipticity	0.610142
	angle_pos	-7.100000
	core_radius	0.015653
	core_radius_kpc	0.052253
	cut_radius	3.234868
	cut_radius_kpc	10.798954
	v_disp		112.731002
	mag		19.669900
	z_lens		0.203000
	end
potential
89
	profile		81
	x_centre	-26.673052
	y_centre	-49.136400
	ellipticity	0.558484
	angle_pos	-48.900000
	core_radius	0.015534
	core_radius_kpc	0.051857
	cut_radius	3.210380
	cut_radius_kpc	10.717209
	v_disp		112.303520
	mag		19.686400
	z_lens		0.203000
	end
potential
90
	profile		81
	x_centre	1.646485
	y_centre	65.966400
	ellipticity	0.021050
	angle_pos	-76.000000
	core_radius	0.015384
	core_radius_kpc	0.051358
	cut_radius	3.179483
	cut_radius_kpc	10.614064
	v_disp		111.761795
	mag		19.707400
	z_lens		0.203000
	end
potential
91
	profile		81
	x_centre	56.728555
	y_centre	36.993600
	ellipticity	0.700402
	angle_pos	-18.900000
	core_radius	0.015315
	core_radius_kpc	0.051127
	cut_radius	3.165166
	cut_radius_kpc	10.566270
	v_disp		111.509885
	mag		19.717200
	z_lens		0.203000
	end
potential
92
	profile		81
	x_centre	29.250158
	y_centre	24.649200
	ellipticity	0.314402
	angle_pos	-47.600000
	core_radius	0.014871
	core_radius_kpc	0.049645
	cut_radius	3.073382
	cut_radius_kpc	10.259866
	v_disp		109.881193
	mag		19.781100
	z_lens		0.203000
	end
potential
93
	profile		81
	x_centre	8.250320
	y_centre	-45.252000
	ellipticity	0.487074
	angle_pos	70.200000
	core_radius	0.014762
	core_radius_kpc	0.049280
	cut_radius	3.050819
	cut_radius_kpc	10.184546
	v_disp		109.477121
	mag		19.797100
	z_lens		0.203000
	end
potential
94
	profile		81
	x_centre	72.685139
	y_centre	-15.980400
	ellipticity	0.068884
	angle_pos	40.800000
	core_radius	0.014428
	core_radius_kpc	0.048165
	cut_radius	2.981786
	cut_radius_kpc	9.954093
	v_disp		108.231423
	mag		19.846800
	z_lens		0.203000
	end
potential
95
	profile		81
	x_centre	66.850857
	y_centre	-9.781200
	ellipticity	0.219512
	angle_pos	14.400000
	core_radius	0.014223
	core_radius_kpc	0.047480
	cut_radius	2.939385
	cut_radius_kpc	9.812546
	v_disp		107.459142
	mag		19.877900
	z_lens		0.203000
	end
potential
96
	profile		81
	x_centre	-41.917352
	y_centre	66.117600
	ellipticity	0.310327
	angle_pos	-58.400000
	core_radius	0.014134
	core_radius_kpc	0.047184
	cut_radius	2.921033
	cut_radius_kpc	9.751282
	v_disp		107.123158
	mag		19.891500
	z_lens		0.203000
	end
potential
97
	profile		81
	x_centre	-53.242303
	y_centre	126.817200
	ellipticity	0.170178
	angle_pos	13.500000
	core_radius	0.014114
	core_radius_kpc	0.047116
	cut_radius	2.916866
	cut_radius_kpc	9.737370
	v_disp		107.046721
	mag		19.894600
	z_lens		0.203000
	end
potential
98
	profile		81
	x_centre	137.427780
	y_centre	-14.324400
	ellipticity	0.550459
	angle_pos	-18.300000
	core_radius	0.013833
	core_radius_kpc	0.046178
	cut_radius	2.858752
	cut_radius_kpc	9.543369
	v_disp		105.974986
	mag		19.938300
	z_lens		0.203000
	end
potential
99
	profile		81
	x_centre	-8.776479
	y_centre	-32.151600
	ellipticity	0.044423
	angle_pos	-30.300000
	core_radius	0.013448
	core_radius_kpc	0.044894
	cut_radius	2.779307
	cut_radius_kpc	9.278157
	v_disp		104.492078
	mag		19.999500
	z_lens		0.203000
	end
cline
	nplan		1 4.500000 
	dmax		100.000000
	algorithm		MARCHINGSQUARES
	connect		1
	limitHigh		0.200000
	limitLow		0.050000
	end
grande
	iso	0 0 0.000000 0.000000 0.000000
	name	best
	profile	0 0
	contour	1 0
	large_dist	0.300000
	end
cosmology
	model	1
	H0	70.000000
	omegaM	0.300000
	omegaX	0.700000
	omegaK	0.000000
	wX	-1.000000
	wa	0.000000
	kcourb	0.000000
	end
field
	xmin	-90.000000
	xmax	90.000000
	ymin	-90.000000
	ymax	90.000000
	end
finish
For z_s = 0.2130  DLS/DS:0.0446
DLS:0.0074(lt) 31.85(Mpc) DOS:0.1669(lt) 714.75(Mpc)
DOL:0.1608(lt) 688.57(Mpc) DOL_lum:0.2327(lt) 996.51(Mpc)
Mcrit:5.418635e-02 (10^12 Msol/kpc^2)
Conversion Factor @ z = 0.203000, 1 arcsec == 3.338 kpc
Number of Clumps: 100
-------- Clump 1: PIEMD Kovner, truncated
 Total mass: 5.602093(cor) 4.903051 (10^12 M_sol)
 rcut:29.96(") 100.00(kpc)
 vdisp:215.09(km/s) b0:2.0013
 rc:1.02(") 3.42(kpc)
 rt:29.96(") 100.00(kpc)
 r_ct:0.0000 r_cr:0.0000
-------- Clump 2: PIEMD Kovner, truncated
 Total mass: 546.997060(cor) 468.014059 (10^12 M_sol)
 rcut:240.80(") 803.88(kpc)
 vdisp:749.61(km/s) b0:24.3082
 rc:13.94(") 46.54(kpc)
 rt:240.80(") 803.88(kpc)
 r_ct:0.0000 r_cr:0.0000
-------- Clump 3: PIEMD Kovner, truncated
 Total mass: 75.570880(cor) 67.893894 (10^12 M_sol)
 rcut:151.87(") 506.98(kpc)
 vdisp:350.85(km/s) b0:5.3250
 rc:1.14(") 3.80(kpc)
 rt:151.87(") 506.98(kpc)
 r_ct:0.0000 r_cr:0.0000
-------- Clump 4: PIEMD Kovner, truncated
 Total mass: 1.784996(cor) 1.607892 (10^12 M_sol)
 rcut:10.60(") 35.39(kpc)
 vdisp:204.08(km/s) b0:1.8017
 rc:0.05(") 0.17(kpc)
 rt:10.60(") 35.39(kpc)
 r_ct:0.0000 r_cr:0.0000
-------- Clump 5: PIEMD Kovner, truncated
 Total mass: 1.682818(cor) 1.515852 (10^12 M_sol)
 rcut:10.29(") 34.36(kpc)
 vdisp:201.10(km/s) b0:1.7494
 rc:0.05(") 0.17(kpc)
 rt:10.29(") 34.36(kpc)
 r_ct:0.0000 r_cr:0.0000
-------- Clump 6: PIEMD Kovner, truncated
 Total mass: 1.520678(cor) 1.369799 (10^12 M_sol)
 rcut:9.79(") 32.67(kpc)
 vdisp:196.07(km/s) b0:1.6630
 rc:0.05(") 0.16(kpc)
 rt:9.79(") 32.67(kpc)
 r_ct:0.0000 r_cr:0.0000
-------- Clump 7: PIEMD Kovner, truncated
 Total mass: 1.419571(cor) 1.278724 (10^12 M_sol)
 rcut:9.45(") 31.56(kpc)
 vdisp:192.72(km/s) b0:1.6068
 rc:0.05(") 0.15(kpc)
 rt:9.45(") 31.56(kpc)
 r_ct:0.0000 r_cr:0.0000
-------- Clump 8: PIEMD Kovner, truncated
 Total mass: 1.368350(cor) 1.232585 (10^12 M_sol)
 rcut:9.28(") 30.99(kpc)
 vdisp:190.96(km/s) b0:1.5775
 rc:0.04(") 0.15(kpc)
 rt:9.28(") 30.99(kpc)
 r_ct:0.0000 r_cr:0.0000
-------- Clump 9: PIEMD Kovner, truncated
 Total mass: 1.335480(cor) 1.202976 (10^12 M_sol)
 rcut:9.17(") 30.61(kpc)
 vdisp:189.80(km/s) b0:1.5584
 rc:0.04(") 0.15(kpc)
 rt:9.17(") 30.61(kpc)
 r_ct:0.0000 r_cr:0.0000
-------- Clump 10: PIEMD Kovner, truncated
 Total mass: 1.214052(cor) 1.093596 (10^12 M_sol)
 rcut:8.74(") 29.19(kpc)
 vdisp:185.33(km/s) b0:1.4859
 rc:0.04(") 0.14(kpc)
 rt:8.74(") 29.19(kpc)
 r_ct:0.0000 r_cr:0.0000
-------- Clump 11: PIEMD Kovner, truncated
 Total mass: 1.196953(cor) 1.078194 (10^12 M_sol)
 rcut:8.68(") 28.98(kpc)
 vdisp:184.68(km/s) b0:1.4754
 rc:0.04(") 0.14(kpc)
 rt:8.68(") 28.98(kpc)
 r_ct:0.0000 r_cr:0.0000
-------- Clump 12: PIEMD Kovner, truncated
 Total mass: 1.107738(cor) 0.997831 (10^12 M_sol)
 rcut:8.35(") 27.88(kpc)
 vdisp:181.14(km/s) b0:1.4194
 rc:0.04(") 0.13(kpc)
 rt:8.35(") 27.88(kpc)
 r_ct:0.0000 r_cr:0.0000
-------- Clump 13: PIEMD Kovner, truncated
 Total mass: 1.013251(cor) 0.912719 (10^12 M_sol)
 rcut:7.99(") 26.67(kpc)
 vdisp:177.14(km/s) b0:1.3575
 rc:0.04(") 0.13(kpc)
 rt:7.99(") 26.67(kpc)
 r_ct:0.0000 r_cr:0.0000
-------- Clump 14: PIEMD Kovner, truncated
 Total mass: 1.005628(cor) 0.905851 (10^12 M_sol)
 rcut:7.96(") 26.56(kpc)
 vdisp:176.81(km/s) b0:1.3524
 rc:0.04(") 0.13(kpc)
 rt:7.96(") 26.56(kpc)
 r_ct:0.0000 r_cr:0.0000
-------- Clump 15: PIEMD Kovner, truncated
 Total mass: 0.964622(cor) 0.868914 (10^12 M_sol)
 rcut:7.79(") 26.02(kpc)
 vdisp:174.98(km/s) b0:1.3245
 rc:0.04(") 0.13(kpc)
 rt:7.79(") 26.02(kpc)
 r_ct:0.0000 r_cr:0.0000
-------- Clump 16: PIEMD Kovner, truncated
 Total mass: 0.940150(cor) 0.846870 (10^12 M_sol)
 rcut:7.69(") 25.69(kpc)
 vdisp:173.86(km/s) b0:1.3076
 rc:0.04(") 0.12(kpc)
 rt:7.69(") 25.69(kpc)
 r_ct:0.0000 r_cr:0.0000
-------- Clump 17: PIEMD Kovner, truncated
 Total mass: 0.866637(cor) 0.780651 (10^12 M_sol)
 rcut:7.39(") 24.66(kpc)
 vdisp:170.35(km/s) b0:1.2554
 rc:0.04(") 0.12(kpc)
 rt:7.39(") 24.66(kpc)
 r_ct:0.0000 r_cr:0.0000
-------- Clump 18: PIEMD Kovner, truncated
 Total mass: 0.846676(cor) 0.762670 (10^12 M_sol)
 rcut:7.30(") 24.37(kpc)
 vdisp:169.36(km/s) b0:1.2409
 rc:0.04(") 0.12(kpc)
 rt:7.30(") 24.37(kpc)
 r_ct:0.0000 r_cr:0.0000
-------- Clump 19: PIEMD Kovner, truncated
 Total mass: 0.844106(cor) 0.760356 (10^12 M_sol)
 rcut:7.29(") 24.34(kpc)
 vdisp:169.24(km/s) b0:1.2390
 rc:0.04(") 0.12(kpc)
 rt:7.29(") 24.34(kpc)
 r_ct:0.0000 r_cr:0.0000
-------- Clump 20: PIEMD Kovner, truncated
 Total mass: 0.826794(cor) 0.744761 (10^12 M_sol)
 rcut:7.22(") 24.09(kpc)
 vdisp:168.36(km/s) b0:1.2262
 rc:0.03(") 0.12(kpc)
 rt:7.22(") 24.09(kpc)
 r_ct:0.0000 r_cr:0.0000
-------- Clump 21: PIEMD Kovner, truncated
 Total mass: 0.824133(cor) 0.742364 (10^12 M_sol)
 rcut:7.20(") 24.05(kpc)
 vdisp:168.23(km/s) b0:1.2243
 rc:0.03(") 0.12(kpc)
 rt:7.20(") 24.05(kpc)
 r_ct:0.0000 r_cr:0.0000
-------- Clump 22: PIEMD Kovner, truncated
 Total mass: 0.791475(cor) 0.712946 (10^12 M_sol)
 rcut:7.06(") 23.57(kpc)
 vdisp:166.53(km/s) b0:1.1998
 rc:0.03(") 0.11(kpc)
 rt:7.06(") 23.57(kpc)
 r_ct:0.0000 r_cr:0.0000
-------- Clump 23: PIEMD Kovner, truncated
 Total mass: 0.782271(cor) 0.704656 (10^12 M_sol)
 rcut:7.02(") 23.43(kpc)
 vdisp:166.05(km/s) b0:1.1928
 rc:0.03(") 0.11(kpc)
 rt:7.02(") 23.43(kpc)
 r_ct:0.0000 r_cr:0.0000
-------- Clump 24: PIEMD Kovner, truncated
 Total mass: 0.737764(cor) 0.664564 (10^12 M_sol)
 rcut:6.82(") 22.75(kpc)
 vdisp:163.63(km/s) b0:1.1583
 rc:0.03(") 0.11(kpc)
 rt:6.82(") 22.75(kpc)
 r_ct:0.0000 r_cr:0.0000
-------- Clump 25: PIEMD Kovner, truncated
 Total mass: 0.699193(cor) 0.629821 (10^12 M_sol)
 rcut:6.64(") 22.15(kpc)
 vdisp:161.45(km/s) b0:1.1276
 rc:0.03(") 0.11(kpc)
 rt:6.64(") 22.15(kpc)
 r_ct:0.0000 r_cr:0.0000
-------- Clump 26: PIEMD Kovner, truncated
 Total mass: 0.688584(cor) 0.620265 (10^12 M_sol)
 rcut:6.58(") 21.98(kpc)
 vdisp:160.84(km/s) b0:1.1191
 rc:0.03(") 0.11(kpc)
 rt:6.58(") 21.98(kpc)
 r_ct:0.0000 r_cr:0.0000
-------- Clump 27: PIEMD Kovner, truncated
 Total mass: 0.676702(cor) 0.609561 (10^12 M_sol)
 rcut:6.53(") 21.79(kpc)
 vdisp:160.14(km/s) b0:1.1094
 rc:0.03(") 0.11(kpc)
 rt:6.53(") 21.79(kpc)
 r_ct:0.0000 r_cr:0.0000
-------- Clump 28: PIEMD Kovner, truncated
 Total mass: 0.671054(cor) 0.604473 (10^12 M_sol)
 rcut:6.50(") 21.70(kpc)
 vdisp:159.80(km/s) b0:1.1047
 rc:0.03(") 0.10(kpc)
 rt:6.50(") 21.70(kpc)
 r_ct:0.0000 r_cr:0.0000
-------- Clump 29: PIEMD Kovner, truncated
 Total mass: 0.663006(cor) 0.597224 (10^12 M_sol)
 rcut:6.46(") 21.57(kpc)
 vdisp:159.32(km/s) b0:1.0981
 rc:0.03(") 0.10(kpc)
 rt:6.46(") 21.57(kpc)
 r_ct:0.0000 r_cr:0.0000
-------- Clump 30: PIEMD Kovner, truncated
 Total mass: 0.657714(cor) 0.592457 (10^12 M_sol)
 rcut:6.44(") 21.48(kpc)
 vdisp:159.00(km/s) b0:1.0937
 rc:0.03(") 0.10(kpc)
 rt:6.44(") 21.48(kpc)
 r_ct:0.0000 r_cr:0.0000
-------- Clump 31: PIEMD Kovner, truncated
 Total mass: 0.630314(cor) 0.567776 (10^12 M_sol)
 rcut:6.30(") 21.03(kpc)
 vdisp:157.32(km/s) b0:1.0707
 rc:0.03(") 0.10(kpc)
 rt:6.30(") 21.03(kpc)
 r_ct:0.0000 r_cr:0.0000
-------- Clump 32: PIEMD Kovner, truncated
 Total mass: 0.624823(cor) 0.562830 (10^12 M_sol)
 rcut:6.27(") 20.94(kpc)
 vdisp:156.98(km/s) b0:1.0660
 rc:0.03(") 0.10(kpc)
 rt:6.27(") 20.94(kpc)
 r_ct:0.0000 r_cr:0.0000
-------- Clump 33: PIEMD Kovner, truncated
 Total mass: 0.578572(cor) 0.521167 (10^12 M_sol)
 rcut:6.04(") 20.15(kpc)
 vdisp:153.99(km/s) b0:1.0258
 rc:0.03(") 0.10(kpc)
 rt:6.04(") 20.15(kpc)
 r_ct:0.0000 r_cr:0.0000
-------- Clump 34: PIEMD Kovner, truncated
 Total mass: 0.525143(cor) 0.473039 (10^12 M_sol)
 rcut:5.75(") 19.20(kpc)
 vdisp:150.30(km/s) b0:0.9773
 rc:0.03(") 0.09(kpc)
 rt:5.75(") 19.20(kpc)
 r_ct:0.0000 r_cr:0.0000
-------- Clump 35: PIEMD Kovner, truncated
 Total mass: 0.514561(cor) 0.463508 (10^12 M_sol)
 rcut:5.69(") 19.00(kpc)
 vdisp:149.54(km/s) b0:0.9674
 rc:0.03(") 0.09(kpc)
 rt:5.69(") 19.00(kpc)
 r_ct:0.0000 r_cr:0.0000
-------- Clump 36: PIEMD Kovner, truncated
 Total mass: 0.489505(cor) 0.440937 (10^12 M_sol)
 rcut:5.55(") 18.53(kpc)
 vdisp:147.68(km/s) b0:0.9435
 rc:0.03(") 0.09(kpc)
 rt:5.55(") 18.53(kpc)
 r_ct:0.0000 r_cr:0.0000
-------- Clump 37: PIEMD Kovner, truncated
 Total mass: 0.488109(cor) 0.439680 (10^12 M_sol)
 rcut:5.54(") 18.51(kpc)
 vdisp:147.58(km/s) b0:0.9422
 rc:0.03(") 0.09(kpc)
 rt:5.54(") 18.51(kpc)
 r_ct:0.0000 r_cr:0.0000
-------- Clump 38: PIEMD Kovner, truncated
 Total mass: 0.487975(cor) 0.439559 (10^12 M_sol)
 rcut:5.54(") 18.50(kpc)
 vdisp:147.57(km/s) b0:0.9420
 rc:0.03(") 0.09(kpc)
 rt:5.54(") 18.50(kpc)
 r_ct:0.0000 r_cr:0.0000
-------- Clump 39: PIEMD Kovner, truncated
 Total mass: 0.477350(cor) 0.429989 (10^12 M_sol)
 rcut:5.48(") 18.30(kpc)
 vdisp:146.76(km/s) b0:0.9317
 rc:0.03(") 0.09(kpc)
 rt:5.48(") 18.30(kpc)
 r_ct:0.0000 r_cr:0.0000
-------- Clump 40: PIEMD Kovner, truncated
 Total mass: 0.455195(cor) 0.410031 (10^12 M_sol)
 rcut:5.35(") 17.87(kpc)
 vdisp:145.03(km/s) b0:0.9099
 rc:0.03(") 0.09(kpc)
 rt:5.35(") 17.87(kpc)
 r_ct:0.0000 r_cr:0.0000
-------- Clump 41: PIEMD Kovner, truncated
 Total mass: 0.440633(cor) 0.396914 (10^12 M_sol)
 rcut:5.27(") 17.58(kpc)
 vdisp:143.85(km/s) b0:0.8952
 rc:0.03(") 0.09(kpc)
 rt:5.27(") 17.58(kpc)
 r_ct:0.0000 r_cr:0.0000
-------- Clump 42: PIEMD Kovner, truncated
 Total mass: 0.436674(cor) 0.393348 (10^12 M_sol)
 rcut:5.24(") 17.50(kpc)
 vdisp:143.53(km/s) b0:0.8912
 rc:0.03(") 0.08(kpc)
 rt:5.24(") 17.50(kpc)
 r_ct:0.0000 r_cr:0.0000
-------- Clump 43: PIEMD Kovner, truncated
 Total mass: 0.434147(cor) 0.391072 (10^12 M_sol)
 rcut:5.23(") 17.45(kpc)
 vdisp:143.32(km/s) b0:0.8886
 rc:0.03(") 0.08(kpc)
 rt:5.23(") 17.45(kpc)
 r_ct:0.0000 r_cr:0.0000
-------- Clump 44: PIEMD Kovner, truncated
 Total mass: 0.432153(cor) 0.389275 (10^12 M_sol)
 rcut:5.22(") 17.41(kpc)
 vdisp:143.15(km/s) b0:0.8865
 rc:0.03(") 0.08(kpc)
 rt:5.22(") 17.41(kpc)
 r_ct:0.0000 r_cr:0.0000
-------- Clump 45: PIEMD Kovner, truncated
 Total mass: 0.430643(cor) 0.387915 (10^12 M_sol)
 rcut:5.21(") 17.38(kpc)
 vdisp:143.03(km/s) b0:0.8850
 rc:0.03(") 0.08(kpc)
 rt:5.21(") 17.38(kpc)
 r_ct:0.0000 r_cr:0.0000
-------- Clump 46: PIEMD Kovner, truncated
 Total mass: 0.423016(cor) 0.381046 (10^12 M_sol)
 rcut:5.16(") 17.23(kpc)
 vdisp:142.39(km/s) b0:0.8771
 rc:0.02(") 0.08(kpc)
 rt:5.16(") 17.23(kpc)
 r_ct:0.0000 r_cr:0.0000
-------- Clump 47: PIEMD Kovner, truncated
 Total mass: 0.386721(cor) 0.348351 (10^12 M_sol)
 rcut:4.93(") 16.47(kpc)
 vdisp:139.23(km/s) b0:0.8386
 rc:0.02(") 0.08(kpc)
 rt:4.93(") 16.47(kpc)
 r_ct:0.0000 r_cr:0.0000
-------- Clump 48: PIEMD Kovner, truncated
 Total mass: 0.381836(cor) 0.343951 (10^12 M_sol)
 rcut:4.90(") 16.37(kpc)
 vdisp:138.79(km/s) b0:0.8333
 rc:0.02(") 0.08(kpc)
 rt:4.90(") 16.37(kpc)
 r_ct:0.0000 r_cr:0.0000
-------- Clump 49: PIEMD Kovner, truncated
 Total mass: 0.380713(cor) 0.342939 (10^12 M_sol)
 rcut:4.90(") 16.34(kpc)
 vdisp:138.69(km/s) b0:0.8321
 rc:0.02(") 0.08(kpc)
 rt:4.90(") 16.34(kpc)
 r_ct:0.0000 r_cr:0.0000
-------- Clump 50: PIEMD Kovner, truncated
 Total mass: 0.378057(cor) 0.340547 (10^12 M_sol)
 rcut:4.88(") 16.29(kpc)
 vdisp:138.45(km/s) b0:0.8292
 rc:0.02(") 0.08(kpc)
 rt:4.88(") 16.29(kpc)
 r_ct:0.0000 r_cr:0.0000
-------- Clump 51: PIEMD Kovner, truncated
 Total mass: 0.371293(cor) 0.334454 (10^12 M_sol)
 rcut:4.84(") 16.14(kpc)
 vdisp:137.82(km/s) b0:0.8217
 rc:0.02(") 0.08(kpc)
 rt:4.84(") 16.14(kpc)
 r_ct:0.0000 r_cr:0.0000
-------- Clump 52: PIEMD Kovner, truncated
 Total mass: 0.364752(cor) 0.328562 (10^12 M_sol)
 rcut:4.79(") 16.00(kpc)
 vdisp:137.21(km/s) b0:0.8145
 rc:0.02(") 0.08(kpc)
 rt:4.79(") 16.00(kpc)
 r_ct:0.0000 r_cr:0.0000
-------- Clump 53: PIEMD Kovner, truncated
 Total mass: 0.363946(cor) 0.327836 (10^12 M_sol)
 rcut:4.79(") 15.98(kpc)
 vdisp:137.14(km/s) b0:0.8136
 rc:0.02(") 0.08(kpc)
 rt:4.79(") 15.98(kpc)
 r_ct:0.0000 r_cr:0.0000
-------- Clump 54: PIEMD Kovner, truncated
 Total mass: 0.333732(cor) 0.300619 (10^12 M_sol)
 rcut:4.58(") 15.30(kpc)
 vdisp:134.20(km/s) b0:0.7791
 rc:0.02(") 0.07(kpc)
 rt:4.58(") 15.30(kpc)
 r_ct:0.0000 r_cr:0.0000
-------- Clump 55: PIEMD Kovner, truncated
 Total mass: 0.331831(cor) 0.298908 (10^12 M_sol)
 rcut:4.57(") 15.26(kpc)
 vdisp:134.01(km/s) b0:0.7768
 rc:0.02(") 0.07(kpc)
 rt:4.57(") 15.26(kpc)
 r_ct:0.0000 r_cr:0.0000
-------- Clump 56: PIEMD Kovner, truncated
 Total mass: 0.330977(cor) 0.298138 (10^12 M_sol)
 rcut:4.57(") 15.24(kpc)
 vdisp:133.92(km/s) b0:0.7758
 rc:0.02(") 0.07(kpc)
 rt:4.57(") 15.24(kpc)
 r_ct:0.0000 r_cr:0.0000
-------- Clump 57: PIEMD Kovner, truncated
 Total mass: 0.323234(cor) 0.291164 (10^12 M_sol)
 rcut:4.51(") 15.06(kpc)
 vdisp:133.13(km/s) b0:0.7667
 rc:0.02(") 0.07(kpc)
 rt:4.51(") 15.06(kpc)
 r_ct:0.0000 r_cr:0.0000
-------- Clump 58: PIEMD Kovner, truncated
 Total mass: 0.303779(cor) 0.273638 (10^12 M_sol)
 rcut:4.37(") 14.60(kpc)
 vdisp:131.08(km/s) b0:0.7433
 rc:0.02(") 0.07(kpc)
 rt:4.37(") 14.60(kpc)
 r_ct:0.0000 r_cr:0.0000
-------- Clump 59: PIEMD Kovner, truncated
 Total mass: 0.300108(cor) 0.270332 (10^12 M_sol)
 rcut:4.35(") 14.51(kpc)
 vdisp:130.68(km/s) b0:0.7388
 rc:0.02(") 0.07(kpc)
 rt:4.35(") 14.51(kpc)
 r_ct:0.0000 r_cr:0.0000
-------- Clump 60: PIEMD Kovner, truncated
 Total mass: 0.297740(cor) 0.268199 (10^12 M_sol)
 rcut:4.33(") 14.45(kpc)
 vdisp:130.42(km/s) b0:0.7359
 rc:0.02(") 0.07(kpc)
 rt:4.33(") 14.45(kpc)
 r_ct:0.0000 r_cr:0.0000
-------- Clump 61: PIEMD Kovner, truncated
 Total mass: 0.294359(cor) 0.265153 (10^12 M_sol)
 rcut:4.31(") 14.37(kpc)
 vdisp:130.05(km/s) b0:0.7317
 rc:0.02(") 0.07(kpc)
 rt:4.31(") 14.37(kpc)
 r_ct:0.0000 r_cr:0.0000
-------- Clump 62: PIEMD Kovner, truncated
 Total mass: 0.288773(cor) 0.260122 (10^12 M_sol)
 rcut:4.26(") 14.24(kpc)
 vdisp:129.43(km/s) b0:0.7247
 rc:0.02(") 0.07(kpc)
 rt:4.26(") 14.24(kpc)
 r_ct:0.0000 r_cr:0.0000
-------- Clump 63: PIEMD Kovner, truncated
 Total mass: 0.286680(cor) 0.258236 (10^12 M_sol)
 rcut:4.25(") 14.18(kpc)
 vdisp:129.19(km/s) b0:0.7221
 rc:0.02(") 0.07(kpc)
 rt:4.25(") 14.18(kpc)
 r_ct:0.0000 r_cr:0.0000
-------- Clump 64: PIEMD Kovner, truncated
 Total mass: 0.270643(cor) 0.243791 (10^12 M_sol)
 rcut:4.13(") 13.78(kpc)
 vdisp:127.35(km/s) b0:0.7016
 rc:0.02(") 0.07(kpc)
 rt:4.13(") 13.78(kpc)
 r_ct:0.0000 r_cr:0.0000
-------- Clump 65: PIEMD Kovner, truncated
 Total mass: 0.262469(cor) 0.236427 (10^12 M_sol)
 rcut:4.07(") 13.57(kpc)
 vdisp:126.38(km/s) b0:0.6909
 rc:0.02(") 0.07(kpc)
 rt:4.07(") 13.57(kpc)
 r_ct:0.0000 r_cr:0.0000
-------- Clump 66: PIEMD Kovner, truncated
 Total mass: 0.251395(cor) 0.226452 (10^12 M_sol)
 rcut:3.98(") 13.28(kpc)
 vdisp:125.02(km/s) b0:0.6762
 rc:0.02(") 0.06(kpc)
 rt:3.98(") 13.28(kpc)
 r_ct:0.0000 r_cr:0.0000
-------- Clump 67: PIEMD Kovner, truncated
 Total mass: 0.250056(cor) 0.225246 (10^12 M_sol)
 rcut:3.97(") 13.25(kpc)
 vdisp:124.85(km/s) b0:0.6744
 rc:0.02(") 0.06(kpc)
 rt:3.97(") 13.25(kpc)
 r_ct:0.0000 r_cr:0.0000
-------- Clump 68: PIEMD Kovner, truncated
 Total mass: 0.245334(cor) 0.220992 (10^12 M_sol)
 rcut:3.93(") 13.12(kpc)
 vdisp:124.26(km/s) b0:0.6680
 rc:0.02(") 0.06(kpc)
 rt:3.93(") 13.12(kpc)
 r_ct:0.0000 r_cr:0.0000
-------- Clump 69: PIEMD Kovner, truncated
 Total mass: 0.238714(cor) 0.215029 (10^12 M_sol)
 rcut:3.88(") 12.94(kpc)
 vdisp:123.41(km/s) b0:0.6589
 rc:0.02(") 0.06(kpc)
 rt:3.88(") 12.94(kpc)
 r_ct:0.0000 r_cr:0.0000
-------- Clump 70: PIEMD Kovner, truncated
 Total mass: 0.235005(cor) 0.211688 (10^12 M_sol)
 rcut:3.85(") 12.84(kpc)
 vdisp:122.93(km/s) b0:0.6537
 rc:0.02(") 0.06(kpc)
 rt:3.85(") 12.84(kpc)
 r_ct:0.0000 r_cr:0.0000
-------- Clump 71: PIEMD Kovner, truncated
 Total mass: 0.229571(cor) 0.206794 (10^12 M_sol)
 rcut:3.80(") 12.69(kpc)
 vdisp:122.21(km/s) b0:0.6461
 rc:0.02(") 0.06(kpc)
 rt:3.80(") 12.69(kpc)
 r_ct:0.0000 r_cr:0.0000
-------- Clump 72: PIEMD Kovner, truncated
 Total mass: 0.228727(cor) 0.206033 (10^12 M_sol)
 rcut:3.80(") 12.67(kpc)
 vdisp:122.10(km/s) b0:0.6450
 rc:0.02(") 0.06(kpc)
 rt:3.80(") 12.67(kpc)
 r_ct:0.0000 r_cr:0.0000
-------- Clump 73: PIEMD Kovner, truncated
 Total mass: 0.227090(cor) 0.204558 (10^12 M_sol)
 rcut:3.78(") 12.62(kpc)
 vdisp:121.88(km/s) b0:0.6426
 rc:0.02(") 0.06(kpc)
 rt:3.78(") 12.62(kpc)
 r_ct:0.0000 r_cr:0.0000
-------- Clump 74: PIEMD Kovner, truncated
 Total mass: 0.223788(cor) 0.201584 (10^12 M_sol)
 rcut:3.75(") 12.53(kpc)
 vdisp:121.44(km/s) b0:0.6380
 rc:0.02(") 0.06(kpc)
 rt:3.75(") 12.53(kpc)
 r_ct:0.0000 r_cr:0.0000
-------- Clump 75: PIEMD Kovner, truncated
 Total mass: 0.222719(cor) 0.200621 (10^12 M_sol)
 rcut:3.74(") 12.50(kpc)
 vdisp:121.29(km/s) b0:0.6364
 rc:0.02(") 0.06(kpc)
 rt:3.74(") 12.50(kpc)
 r_ct:0.0000 r_cr:0.0000
-------- Clump 76: PIEMD Kovner, truncated
 Total mass: 0.217950(cor) 0.196326 (10^12 M_sol)
 rcut:3.70(") 12.37(kpc)
 vdisp:120.64(km/s) b0:0.6296
 rc:0.02(") 0.06(kpc)
 rt:3.70(") 12.37(kpc)
 r_ct:0.0000 r_cr:0.0000
-------- Clump 77: PIEMD Kovner, truncated
 Total mass: 0.204983(cor) 0.184645 (10^12 M_sol)
 rcut:3.59(") 11.99(kpc)
 vdisp:118.80(km/s) b0:0.6106
 rc:0.02(") 0.06(kpc)
 rt:3.59(") 11.99(kpc)
 r_ct:0.0000 r_cr:0.0000
-------- Clump 78: PIEMD Kovner, truncated
 Total mass: 0.202842(cor) 0.182716 (10^12 M_sol)
 rcut:3.57(") 11.93(kpc)
 vdisp:118.49(km/s) b0:0.6074
 rc:0.02(") 0.06(kpc)
 rt:3.57(") 11.93(kpc)
 r_ct:0.0000 r_cr:0.0000
-------- Clump 79: PIEMD Kovner, truncated
 Total mass: 0.201928(cor) 0.181893 (10^12 M_sol)
 rcut:3.57(") 11.90(kpc)
 vdisp:118.36(km/s) b0:0.6060
 rc:0.02(") 0.06(kpc)
 rt:3.57(") 11.90(kpc)
 r_ct:0.0000 r_cr:0.0000
-------- Clump 80: PIEMD Kovner, truncated
 Total mass: 0.198006(cor) 0.178360 (10^12 M_sol)
 rcut:3.53(") 11.79(kpc)
 vdisp:117.78(km/s) b0:0.6001
 rc:0.02(") 0.06(kpc)
 rt:3.53(") 11.79(kpc)
 r_ct:0.0000 r_cr:0.0000
-------- Clump 81: PIEMD Kovner, truncated
 Total mass: 0.196733(cor) 0.177214 (10^12 M_sol)
 rcut:3.52(") 11.75(kpc)
 vdisp:117.59(km/s) b0:0.5982
 rc:0.02(") 0.06(kpc)
 rt:3.52(") 11.75(kpc)
 r_ct:0.0000 r_cr:0.0000
-------- Clump 82: PIEMD Kovner, truncated
 Total mass: 0.187930(cor) 0.169284 (10^12 M_sol)
 rcut:3.44(") 11.48(kpc)
 vdisp:116.25(km/s) b0:0.5846
 rc:0.02(") 0.06(kpc)
 rt:3.44(") 11.48(kpc)
 r_ct:0.0000 r_cr:0.0000
-------- Clump 83: PIEMD Kovner, truncated
 Total mass: 0.175678(cor) 0.158248 (10^12 M_sol)
 rcut:3.33(") 11.10(kpc)
 vdisp:114.31(km/s) b0:0.5652
 rc:0.02(") 0.05(kpc)
 rt:3.33(") 11.10(kpc)
 r_ct:0.0000 r_cr:0.0000
-------- Clump 84: PIEMD Kovner, truncated
 Total mass: 0.175419(cor) 0.158015 (10^12 M_sol)
 rcut:3.32(") 11.09(kpc)
 vdisp:114.27(km/s) b0:0.5648
 rc:0.02(") 0.05(kpc)
 rt:3.32(") 11.09(kpc)
 r_ct:0.0000 r_cr:0.0000
-------- Clump 85: PIEMD Kovner, truncated
 Total mass: 0.175064(cor) 0.157695 (10^12 M_sol)
 rcut:3.32(") 11.08(kpc)
 vdisp:114.21(km/s) b0:0.5642
 rc:0.02(") 0.05(kpc)
 rt:3.32(") 11.08(kpc)
 r_ct:0.0000 r_cr:0.0000
-------- Clump 86: PIEMD Kovner, truncated
 Total mass: 0.171679(cor) 0.154645 (10^12 M_sol)
 rcut:3.29(") 10.98(kpc)
 vdisp:113.65(km/s) b0:0.5588
 rc:0.02(") 0.05(kpc)
 rt:3.29(") 10.98(kpc)
 r_ct:0.0000 r_cr:0.0000
-------- Clump 87: PIEMD Kovner, truncated
 Total mass: 0.168965(cor) 0.152201 (10^12 M_sol)
 rcut:3.26(") 10.89(kpc)
 vdisp:113.20(km/s) b0:0.5543
 rc:0.02(") 0.05(kpc)
 rt:3.26(") 10.89(kpc)
 r_ct:0.0000 r_cr:0.0000
-------- Clump 88: PIEMD Kovner, truncated
 Total mass: 0.166847(cor) 0.150292 (10^12 M_sol)
 rcut:3.24(") 10.82(kpc)
 vdisp:112.84(km/s) b0:0.5508
 rc:0.02(") 0.05(kpc)
 rt:3.24(") 10.82(kpc)
 r_ct:0.0000 r_cr:0.0000
-------- Clump 89: PIEMD Kovner, truncated
 Total mass: 0.166187(cor) 0.149698 (10^12 M_sol)
 rcut:3.23(") 10.80(kpc)
 vdisp:112.73(km/s) b0:0.5498
 rc:0.02(") 0.05(kpc)
 rt:3.23(") 10.80(kpc)
 r_ct:0.0000 r_cr:0.0000
-------- Clump 90: PIEMD Kovner, truncated
 Total mass: 0.163681(cor) 0.147441 (10^12 M_sol)
 rcut:3.21(") 10.72(kpc)
 vdisp:112.30(km/s) b0:0.5456
 rc:0.02(") 0.05(kpc)
 rt:3.21(") 10.72(kpc)
 r_ct:0.0000 r_cr:0.0000
-------- Clump 91: PIEMD Kovner, truncated
 Total mass: 0.160545(cor) 0.144616 (10^12 M_sol)
 rcut:3.18(") 10.61(kpc)
 vdisp:111.76(km/s) b0:0.5403
 rc:0.02(") 0.05(kpc)
 rt:3.18(") 10.61(kpc)
 r_ct:0.0000 r_cr:0.0000
-------- Clump 92: PIEMD Kovner, truncated
 Total mass: 0.159103(cor) 0.143317 (10^12 M_sol)
 rcut:3.17(") 10.57(kpc)
 vdisp:111.51(km/s) b0:0.5379
 rc:0.02(") 0.05(kpc)
 rt:3.17(") 10.57(kpc)
 r_ct:0.0000 r_cr:0.0000
-------- Clump 93: PIEMD Kovner, truncated
 Total mass: 0.150009(cor) 0.135125 (10^12 M_sol)
 rcut:3.07(") 10.26(kpc)
 vdisp:109.88(km/s) b0:0.5223
 rc:0.01(") 0.05(kpc)
 rt:3.07(") 10.26(kpc)
 r_ct:0.0000 r_cr:0.0000
-------- Clump 94: PIEMD Kovner, truncated
 Total mass: 0.147815(cor) 0.133149 (10^12 M_sol)
 rcut:3.05(") 10.18(kpc)
 vdisp:109.48(km/s) b0:0.5185
 rc:0.01(") 0.05(kpc)
 rt:3.05(") 10.18(kpc)
 r_ct:0.0000 r_cr:0.0000
-------- Clump 95: PIEMD Kovner, truncated
 Total mass: 0.141201(cor) 0.127191 (10^12 M_sol)
 rcut:2.98(") 9.95(kpc)
 vdisp:108.23(km/s) b0:0.5067
 rc:0.01(") 0.05(kpc)
 rt:2.98(") 9.95(kpc)
 r_ct:0.0000 r_cr:0.0000
-------- Clump 96: PIEMD Kovner, truncated
 Total mass: 0.137214(cor) 0.123600 (10^12 M_sol)
 rcut:2.94(") 9.81(kpc)
 vdisp:107.46(km/s) b0:0.4995
 rc:0.01(") 0.05(kpc)
 rt:2.94(") 9.81(kpc)
 r_ct:0.0000 r_cr:0.0000
-------- Clump 97: PIEMD Kovner, truncated
 Total mass: 0.135506(cor) 0.122061 (10^12 M_sol)
 rcut:2.92(") 9.75(kpc)
 vdisp:107.12(km/s) b0:0.4964
 rc:0.01(") 0.05(kpc)
 rt:2.92(") 9.75(kpc)
 r_ct:0.0000 r_cr:0.0000
-------- Clump 98: PIEMD Kovner, truncated
 Total mass: 0.135119(cor) 0.121713 (10^12 M_sol)
 rcut:2.92(") 9.74(kpc)
 vdisp:107.05(km/s) b0:0.4957
 rc:0.01(") 0.05(kpc)
 rt:2.92(") 9.74(kpc)
 r_ct:0.0000 r_cr:0.0000
-------- Clump 99: PIEMD Kovner, truncated
 Total mass: 0.129789(cor) 0.116911 (10^12 M_sol)
 rcut:2.86(") 9.54(kpc)
 vdisp:105.97(km/s) b0:0.4858
 rc:0.01(") 0.05(kpc)
 rt:2.86(") 9.54(kpc)
 r_ct:0.0000 r_cr:0.0000
-------- Clump 100: PIEMD Kovner, truncated
 Total mass: 0.122675(cor) 0.110504 (10^12 M_sol)
 rcut:2.78(") 9.28(kpc)
 vdisp:104.49(km/s) b0:0.4723
 rc:0.01(") 0.04(kpc)
 rt:2.78(") 9.28(kpc)
 r_ct:0.0000 r_cr:0.0000
