runmode
	reference	3 87.304253 -62.077565 87.304253 -62.077565
	image	1 arcs_test.dat
	end
grid
	number		128
	polar		0
	nlens	3
	end
source
	z_source	0.385500
	end
image
	newton		1
	end
potential
0
	profile		81
	x_centre	0.000000
	y_centre	0.000000
	ellipticity	0.605903
	angle_pos	-38.804979
	core_radius	5.948369
	core_radius_kpc	30.734321
	cut_radius	19.354158
	cut_radius_kpc	100.000000
	v_disp		475.313833
	z_lens		0.375500
	end
potential
1
	profile		81
	x_centre	1.917589
	y_centre	2.968200
	ellipticity	0.229716
	angle_pos	24.743066
	core_radius	7.569764
	core_radius_kpc	39.111823
	cut_radius	19.354158
	cut_radius_kpc	100.000000
	v_disp		108.262104
	z_lens		0.375500
	end
potential
2
	profile		81
	x_centre	0.005563
	y_centre	3.419280
	ellipticity	0.669878
	angle_pos	-48.006594
	core_radius	7.660790
	core_radius_kpc	39.582141
	cut_radius	19.354158
	cut_radius_kpc	100.000000
	v_disp		361.185106
	z_lens		0.375500
	end
cline
	nplan		1 4.500000 
	dmax		100.000000
	algorithm		MARCHINGSQUARES
	connect		1
	limitHigh		0.200000
	limitLow		0.050000
	end
grande
	iso	0 0 0.000000 0.000000 0.000000
	name	best
	profile	0 0
	contour	1 0
	large_dist	0.300000
	end
cosmology
	model	1
	H0	70.000000
	omegaM	0.300000
	omegaX	0.700000
	omegaK	0.000000
	wX	-1.000000
	wa	0.000000
	kcourb	0.000000
	end
field
	xmin	-20.000000
	xmax	20.000000
	ymin	-20.000000
	ymax	20.000000
	end
finish
For z_s = 0.3855  DLS/DS:0.0234
DLS:0.0059(lt) 25.33(Mpc) DOS:0.2530(lt) 1083.38(Mpc)
DOL:0.2488(lt) 1065.74(Mpc) DOL_lum:0.4708(lt) 2016.38(Mpc)
Mcrit:6.672713e-02 (10^12 Msol/kpc^2)
Conversion Factor @ z = 0.375500, 1 arcsec == 5.167 kpc
Number of Clumps: 3
-------- Clump 1: PIEMD Kovner, truncated
 Total mass: 27.358339(cor) 18.941578 (10^12 M_sol)
 rcut:19.35(") 100.00(kpc)
 vdisp:475.31(km/s) b0:9.7734
 rc:5.95(") 30.73(kpc)
 rt:19.35(") 100.00(kpc)
 r_ct:0.0000 r_cr:0.0000
-------- Clump 2: PIEMD Kovner, truncated
 Total mass: 1.419325(cor) 0.923493 (10^12 M_sol)
 rcut:19.35(") 100.00(kpc)
 vdisp:108.26(km/s) b0:0.5070
 rc:7.57(") 39.11(kpc)
 rt:19.35(") 100.00(kpc)
 r_ct:0.0000 r_cr:0.0000
-------- Clump 3: PIEMD Kovner, truncated
 Total mass: 15.797504(cor) 10.244120 (10^12 M_sol)
 rcut:19.35(") 100.00(kpc)
 vdisp:361.19(km/s) b0:5.6434
 rc:7.66(") 39.58(kpc)
 rt:19.35(") 100.00(kpc)
 r_ct:0.0000 r_cr:0.0000
