runmode
	reference	3 262.931681 22.869298 262.931681 22.869298
	image	1 arcs.dat
	mass	3 2000 0.389000 mass3.fits
	end
grid
	number		128
	polar		0
	nlens	1
	end
source
	z_source	0.399000
	end
image
	newton		1
	end
potential
0
	profile		81
	x_centre	0.000000
	y_centre	0.000000
	ellipticity	0.044559
	angle_pos	55.899955
	core_radius	3.673837
	core_radius_kpc	19.404576
	cut_radius	18.932838
	cut_radius_kpc	100.000000
	v_disp		483.411494
	z_lens		0.389000
	end
cline
	nplan		1 4.500000 
	dmax		100.000000
	algorithm		MARCHINGSQUARES
	connect		1
	limitHigh		0.200000
	limitLow		0.050000
	end
grande
	iso	0 0 0.000000 0.000000 0.000000
	name	best
	profile	0 0
	contour	1 0
	large_dist	0.300000
	end
cosmology
	model	1
	H0	70.000000
	omegaM	0.300000
	omegaX	0.700000
	omegaK	0.000000
	wX	-1.000000
	wa	0.000000
	kcourb	0.000000
	end
field
	xmin	-20.000000
	xmax	20.000000
	ymin	-20.000000
	ymax	20.000000
	end
finish
For z_s = 0.3990  DLS/DS:0.0225
DLS:0.0058(lt) 24.89(Mpc) DOS:0.2584(lt) 1106.56(Mpc)
DOL:0.2544(lt) 1089.46(Mpc) DOL_lum:0.4908(lt) 2101.91(Mpc)
Mcrit:6.784734e-02 (10^12 Msol/kpc^2)
Conversion Factor @ z = 0.389000, 1 arcsec == 5.282 kpc
Number of Clumps: 1
-------- Clump 1: PIEMD Kovner, truncated
 Total mass: 28.298457(cor) 21.451509 (10^12 M_sol)
 rcut:18.93(") 100.00(kpc)
 vdisp:483.41(km/s) b0:10.1092
 rc:3.67(") 19.40(kpc)
 rt:18.93(") 100.00(kpc)
 r_ct:0.0000 r_cr:0.0000
