runmode
	reference	3 245.342662 38.168474 245.342662 38.168474
	image	1 test_1.dat
	mass	3 2000 0.461700 mass3.fits
	end
grid
	number		128
	polar		0
	nlens	1
	end
image
	z_m_limit	 1 1.0 0 5.621  0.000  0.0000 
	newton		1
	end
potential
0
	profile		81
	x_centre	0.000000
	y_centre	0.000000
	ellipticity	0.312288
	angle_pos	8.938900
	core_radius	0.273848
	core_radius_kpc	1.600280
	cut_radius	17.112501
	cut_radius_kpc	100.000000
	v_disp		179.212504
	z_lens		0.461700
	end
cline
	nplan		1 5.620200 
	dmax		40.000000
	algorithm		MARCHINGSQUARES
	connect		1
	limitHigh		0.200000
	limitLow		0.050000
	end
grande
	iso	0 0 0.000000 0.000000 0.000000
	name	best
	profile	0 0
	contour	1 0
	large_dist	0.300000
	end
cosmology
	model	1
	H0	70.000000
	omegaM	0.300000
	omegaX	0.700000
	omegaK	0.000000
	wX	-1.000000
	wa	0.000000
	kcourb	0.000000
	end
field
	xmin	-20.000000
	xmax	20.000000
	ymin	-20.000000
	ymax	20.000000
	end
finish
For z_s = 0.8000  DLS/DS:0.3680
DLS:0.1331(lt) 569.90(Mpc) DOS:0.3616(lt) 1548.71(Mpc)
DOL:0.2814(lt) 1205.35(Mpc) DOL_lum:0.6013(lt) 2575.30(Mpc)
Mcrit:3.748543e-03 (10^12 Msol/kpc^2)
Conversion Factor @ z = 0.461700, 1 arcsec == 5.844 kpc
Number of Clumps: 1
-------- Clump 1: PIEMD Kovner, truncated
 Total mass: 3.889246(cor) 3.464867 (10^12 M_sol)
 rcut:17.11(") 100.00(kpc)
 vdisp:179.21(km/s) b0:1.3894
 rc:0.27(") 1.60(kpc)
 rt:17.11(") 100.00(kpc)
 r_ct:0.0000 r_cr:0.0000
