runmode
	reference	3 87.304253 -62.077565 87.304253 -62.077565
	image	1 arcs.dat
	mass	3 2000 0.375500 mass3.fits
	end
grid
	number		128
	polar		0
	nlens	4
	end
source
	z_source	0.385500
	end
image
	z_m_limit	 1 1.0 0 3.254  0.000  0.0000 
	newton		1
	end
potential
0
	profile		81
	x_centre	0.000000
	y_centre	0.000000
	ellipticity	0.775875
	angle_pos	43.398568
	core_radius	0.586896
	core_radius_kpc	3.032403
	cut_radius	19.354158
	cut_radius_kpc	100.000000
	v_disp		319.486959
	z_lens		0.375500
	end
potential
1
	profile		81
	x_centre	1.917589
	y_centre	2.968200
	ellipticity	0.543824
	angle_pos	0.001318
	core_radius	0.213421
	core_radius_kpc	1.102714
	cut_radius	19.354158
	cut_radius_kpc	100.000000
	v_disp		50.726052
	z_lens		0.375500
	end
potential
2
	profile		81
	x_centre	0.005563
	y_centre	3.419280
	ellipticity	0.769134
	angle_pos	6.542269
	core_radius	1.213434
	core_radius_kpc	6.269630
	cut_radius	19.354158
	cut_radius_kpc	100.000000
	v_disp		291.884806
	z_lens		0.375500
	end
potential
3
	profile		14
	gamma	0.095200
	angle_pos	13.159100
	kappa	0.000000
	z_lens		0.375500
	end
cline
	nplan		1 4.500000 
	dmax		100.000000
	algorithm		MARCHINGSQUARES
	connect		1
	limitHigh		0.200000
	limitLow		0.050000
	end
grande
	iso	0 0 0.000000 0.000000 0.000000
	name	best
	profile	0 0
	contour	1 0
	large_dist	0.300000
	end
cosmology
	model	1
	H0	70.000000
	omegaM	0.300000
	omegaX	0.700000
	omegaK	0.000000
	wX	-1.000000
	wa	0.000000
	kcourb	0.000000
	end
field
	xmin	-20.000000
	xmax	20.000000
	ymin	-20.000000
	ymax	20.000000
	end
finish
For z_s = 0.3855  DLS/DS:0.0234
DLS:0.0059(lt) 25.33(Mpc) DOS:0.2530(lt) 1083.38(Mpc)
DOL:0.2488(lt) 1065.74(Mpc) DOL_lum:0.4708(lt) 2016.38(Mpc)
Mcrit:6.672713e-02 (10^12 Msol/kpc^2)
Conversion Factor @ z = 0.375500, 1 arcsec == 5.167 kpc
Number of Clumps: 4
-------- Clump 1: PIEMD Kovner, truncated
 Total mass: 12.360473(cor) 10.858687 (10^12 M_sol)
 rcut:19.35(") 100.00(kpc)
 vdisp:319.49(km/s) b0:4.4156
 rc:0.59(") 3.03(kpc)
 rt:19.35(") 100.00(kpc)
 r_ct:0.0000 r_cr:0.0000
-------- Clump 2: PIEMD Kovner, truncated
 Total mass: 0.311595(cor) 0.278961 (10^12 M_sol)
 rcut:19.35(") 100.00(kpc)
 vdisp:50.73(km/s) b0:0.1113
 rc:0.21(") 1.10(kpc)
 rt:19.35(") 100.00(kpc)
 r_ct:0.0000 r_cr:0.0000
-------- Clump 3: PIEMD Kovner, truncated
 Total mass: 10.316961(cor) 8.787365 (10^12 M_sol)
 rcut:19.35(") 100.00(kpc)
 vdisp:291.88(km/s) b0:3.6856
 rc:1.21(") 6.27(kpc)
 rt:19.35(") 100.00(kpc)
 r_ct:0.0000 r_cr:0.0000
-------- Clump 4: External shear and kappa 
 gamma:0.0952
 kappa:0.0000
