runmode
	reference	3 28.182411 -13.955144 28.182411 -13.955144
	image	1 arcs.dat
	mass	3 2000 0.826900 mass3.fits
	end
grid
	number		128
	polar		0
	nlens	2
	end
source
	z_source	0.836900
	end
image
	newton		1
	end
potential
0
	profile		81
	x_centre	62.654810
	y_centre	-48.010200
	ellipticity	0.600712
	angle_pos	-47.738518
	core_radius	0.117338
	core_radius_kpc	0.890779
	cut_radius	13.172514
	cut_radius_kpc	100.000000
	v_disp		161.008300
	z_lens		0.826900
	end
potential
1
	profile		81
	x_centre	61.751810
	y_centre	-49.879200
	ellipticity	0.798894
	angle_pos	80.849573
	core_radius	1.704612
	core_radius_kpc	12.940674
	cut_radius	13.172514
	cut_radius_kpc	100.000000
	v_disp		374.142561
	z_lens		0.826900
	end
cline
	nplan		1 4.500000 
	dmax		100.000000
	algorithm		MARCHINGSQUARES
	connect		1
	limitHigh		0.200000
	limitLow		0.050000
	end
grande
	iso	0 0 0.000000 0.000000 0.000000
	name	best
	profile	0 0
	contour	1 0
	large_dist	0.300000
	end
cosmology
	model	1
	H0	70.000000
	omegaM	0.300000
	omegaX	0.700000
	omegaK	0.000000
	wX	-1.000000
	wa	0.000000
	kcourb	0.000000
	end
field
	xmin	-100.000000
	xmax	100.000000
	ymin	-100.000000
	ymax	100.000000
	end
finish
For z_s = 0.8369  DLS/DS:0.0093
DLS:0.0034(lt) 14.62(Mpc) DOS:0.3670(lt) 1571.97(Mpc)
DOL:0.3656(lt) 1565.87(Mpc) DOL_lum:1.2203(lt) 5226.20(Mpc)
Mcrit:1.141914e-01 (10^12 Msol/kpc^2)
Conversion Factor @ z = 0.826900, 1 arcsec == 7.592 kpc
Number of Clumps: 2
-------- Clump 1: PIEMD Kovner, truncated
 Total mass: 3.139246(cor) 2.816371 (10^12 M_sol)
 rcut:13.17(") 100.00(kpc)
 vdisp:161.01(km/s) b0:1.1215
 rc:0.12(") 0.89(kpc)
 rt:13.17(") 100.00(kpc)
 r_ct:0.0000 r_cr:0.0000
-------- Clump 2: PIEMD Kovner, truncated
 Total mass: 16.951301(cor) 13.585284 (10^12 M_sol)
 rcut:13.17(") 100.00(kpc)
 vdisp:374.14(km/s) b0:6.0556
 rc:1.70(") 12.94(kpc)
 rt:13.17(") 100.00(kpc)
 r_ct:0.0000 r_cr:0.0000
