runmode
	reference	3 87.303115 -62.076741 87.303115 -62.076741
	image	1 arcs.dat
	mass	3 2000 0.375500 mass3.fits
	end
grid
	number		30
	polar		0
	nlens	3
	end
source
	z_source	0.385500
	end
image
	z_m_limit	 1 3.0 0 2.786  0.000  0.0000 
	z_m_limit	 1 7.0 0 6.737  0.000  0.0000 
	z_m_limit	 1 8.0 0 0.835  0.000  0.0000 
	newton		1
	end
potential
0
	profile		81
	x_centre	-1.917589
	y_centre	-2.968217
	ellipticity	0.139332
	angle_pos	-82.510000
	core_radius	0.052673
	core_radius_kpc	0.272152
	cut_radius	1.590608
	cut_radius_kpc	8.218429
	v_disp		390.839897
	mag		19.456400
	z_lens		0.375500
	end
potential
1
	profile		81
	x_centre	0.000000
	y_centre	0.000000
	ellipticity	0.287728
	angle_pos	87.240000
	core_radius	0.036749
	core_radius_kpc	0.189877
	cut_radius	1.109745
	cut_radius_kpc	5.733883
	v_disp		326.459183
	mag		20.238100
	z_lens		0.375500
	end
potential
2
	profile		81
	x_centre	-1.912086
	y_centre	0.451063
	ellipticity	0.127302
	angle_pos	-0.390000
	core_radius	0.029031
	core_radius_kpc	0.150000
	cut_radius	0.876684
	cut_radius_kpc	4.529693
	v_disp		290.160900
	mag		20.750000
	z_lens		0.375500
	end
cline
	nplan		1 3.000000 
	dmax		100.000000
	algorithm		MARCHINGSQUARES
	connect		1
	limitHigh		0.200000
	limitLow		0.050000
	end
grande
	iso	0 0 0.000000 0.000000 0.000000
	name	best
	profile	0 0
	contour	1 0
	large_dist	0.300000
	end
cosmology
	model	1
	H0	70.000000
	omegaM	0.300000
	omegaX	0.700000
	omegaK	0.000000
	wX	-1.000000
	wa	0.000000
	kcourb	0.000000
	end
field
	xmin	-20.000000
	xmax	20.000000
	ymin	-20.000000
	ymax	20.000000
	end
finish
For z_s = 0.3855  DLS/DS:0.0234
DLS:0.0059(lt) 25.33(Mpc) DOS:0.2530(lt) 1083.38(Mpc)
DOL:0.2488(lt) 1065.74(Mpc) DOL_lum:0.4708(lt) 2016.38(Mpc)
Mcrit:6.672713e-02 (10^12 Msol/kpc^2)
Conversion Factor @ z = 0.375500, 1 arcsec == 5.167 kpc
Number of Clumps: 3
-------- Clump 1: PIEMD Kovner, truncated
 Total mass: 1.520251(cor) 1.331934 (10^12 M_sol)
 rcut:1.59(") 8.22(kpc)
 vdisp:390.84(km/s) b0:6.6082
 rc:0.05(") 0.27(kpc)
 rt:1.59(") 8.22(kpc)
 r_ct:0.0000 r_cr:0.0000
-------- Clump 2: PIEMD Kovner, truncated
 Total mass: 0.740006(cor) 0.648340 (10^12 M_sol)
 rcut:1.11(") 5.73(kpc)
 vdisp:326.46(km/s) b0:4.6104
 rc:0.04(") 0.19(kpc)
 rt:1.11(") 5.73(kpc)
 r_ct:0.0000 r_cr:0.0000
-------- Clump 3: PIEMD Kovner, truncated
 Total mass: 0.461823(cor) 0.404616 (10^12 M_sol)
 rcut:0.88(") 4.53(kpc)
 vdisp:290.16(km/s) b0:3.6422
 rc:0.03(") 0.15(kpc)
 rt:0.88(") 4.53(kpc)
 r_ct:0.0000 r_cr:0.0000
