runmode
	reference	3 87.304253 -62.077565 87.304253 -62.077565
	image	1 arcs.dat
	mass	3 2000 0.375500 mass3.fits
	end
grid
	number		30
	polar		0
	nlens	4
	end
image
	z_m_limit	 1 3.0 0 3.824  0.000  0.0000 
	newton		1
	end
potential
0
	profile		81
	x_centre	0.000000
	y_centre	0.000000
	ellipticity	0.764162
	angle_pos	36.301686
	core_radius	8.542804
	core_radius_kpc	44.139373
	cut_radius	19.354158
	cut_radius_kpc	100.000000
	v_disp		487.157687
	z_lens		0.375500
	end
potential
1
	profile		81
	x_centre	0.000000
	y_centre	0.000000
	ellipticity	0.139332
	angle_pos	-82.510000
	core_radius	0.023965
	core_radius_kpc	0.123826
	cut_radius	1.994956
	cut_radius_kpc	10.307637
	v_disp		258.154831
	mag		19.456400
	z_lens		0.375500
	end
potential
2
	profile		81
	x_centre	1.917642
	y_centre	2.968183
	ellipticity	0.287728
	angle_pos	87.240000
	core_radius	0.016720
	core_radius_kpc	0.086392
	cut_radius	1.391853
	cut_radius_kpc	7.191494
	v_disp		215.630533
	mag		20.238100
	z_lens		0.375500
	end
potential
3
	profile		81
	x_centre	0.005563
	y_centre	3.419280
	ellipticity	0.127302
	angle_pos	-0.390000
	core_radius	0.013209
	core_radius_kpc	0.068248
	cut_radius	1.099546
	cut_radius_kpc	5.681187
	v_disp		191.655045
	mag		20.750000
	z_lens		0.375500
	end
cline
	nplan		1 3.000000 
	dmax		200.000000
	algorithm		MARCHINGSQUARES
	connect		1
	limitHigh		0.100000
	limitLow		0.050000
	end
grande
	iso	0 0 0.000000 0.000000 0.000000
	name	best
	profile	0 0
	contour	1 0
	large_dist	0.300000
	end
cosmology
	model	1
	H0	70.000000
	omegaM	0.300000
	omegaX	0.700000
	omegaK	0.000000
	wX	-1.000000
	wa	0.000000
	kcourb	0.000000
	end
field
	xmin	-8.000000
	xmax	8.000000
	ymin	-8.000000
	ymax	8.000000
	end
finish
For z_s = 0.8000  DLS/DS:0.4741
DLS:0.1715(lt) 734.30(Mpc) DOS:0.3616(lt) 1548.71(Mpc)
DOL:0.2488(lt) 1065.74(Mpc) DOL_lum:0.4708(lt) 2016.38(Mpc)
Mcrit:3.290371e-03 (10^12 Msol/kpc^2)
Conversion Factor @ z = 0.375500, 1 arcsec == 5.167 kpc
Number of Clumps: 4
-------- Clump 1: PIEMD Kovner, truncated
 Total mass: 28.738754(cor) 18.046848 (10^12 M_sol)
 rcut:19.35(") 100.00(kpc)
 vdisp:487.16(km/s) b0:10.2665
 rc:8.54(") 44.14(kpc)
 rt:19.35(") 100.00(kpc)
 r_ct:0.0000 r_cr:0.0000
-------- Clump 2: PIEMD Kovner, truncated
 Total mass: 0.831857(cor) 0.744009 (10^12 M_sol)
 rcut:1.99(") 10.31(kpc)
 vdisp:258.15(km/s) b0:2.8830
 rc:0.02(") 0.12(kpc)
 rt:1.99(") 10.31(kpc)
 r_ct:0.0000 r_cr:0.0000
-------- Clump 3: PIEMD Kovner, truncated
 Total mass: 0.404919(cor) 0.362158 (10^12 M_sol)
 rcut:1.39(") 7.19(kpc)
 vdisp:215.63(km/s) b0:2.0114
 rc:0.02(") 0.09(kpc)
 rt:1.39(") 7.19(kpc)
 r_ct:0.0000 r_cr:0.0000
-------- Clump 4: PIEMD Kovner, truncated
 Total mass: 0.252702(cor) 0.226016 (10^12 M_sol)
 rcut:1.10(") 5.68(kpc)
 vdisp:191.66(km/s) b0:1.5890
 rc:0.01(") 0.07(kpc)
 rt:1.10(") 5.68(kpc)
 r_ct:0.0000 r_cr:0.0000
