runmode
	reference	3 28.164467 -13.968482 28.164467 -13.968482
	image	1 arcs.dat
	end
grid
	number		128
	polar		0
	nlens	2
	end
image
	newton		1
	end
potential
0
	profile		81
	x_centre	0.000000
	y_centre	0.000000
	ellipticity	0.089920
	angle_pos	-89.253926
	core_radius	0.053075
	core_radius_kpc	0.402922
	cut_radius	13.172514
	cut_radius_kpc	100.000000
	v_disp		201.578495
	z_lens		0.826900
	end
potential
1
	profile		14
	gamma	0.474200
	angle_pos	2.131600
	kappa	0.000000
	z_lens		0.826900
	end
cline
	nplan		1 4.500000 
	dmax		40.000000
	algorithm		MARCHINGSQUARES
	limitHigh		0.200000
	limitLow		0.050000
	end
grande
	iso	0 0 0.000000 0.000000 0.000000
	name	best
	profile	0 0
	contour	1 0
	large_dist	0.300000
	end
cosmology
	model	1
	H0	70.000000
	omegaM	0.300000
	omegaX	0.700000
	omegaK	0.000000
	wX	-1.000000
	wa	0.000000
	kcourb	0.000000
	end
field
	xmin	-20.000000
	xmax	20.000000
	ymin	-20.000000
	ymax	20.000000
	end
finish
For z_s = 0.8000  DLS/DS:0.0000
DLS:0.0000(lt) 0.00(Mpc) DOS:0.3616(lt) 1548.71(Mpc)
DOL:0.3656(lt) 1565.87(Mpc) DOL_lum:1.2203(lt) 5226.20(Mpc)
Mcrit:inf (10^12 Msol/kpc^2)
Conversion Factor @ z = 0.826900, 1 arcsec == 7.592 kpc
Number of Clumps: 2
-------- Clump 1: PIEMD Kovner, truncated
 Total mass: 4.920590(cor) 4.435953 (10^12 M_sol)
 rcut:13.17(") 100.00(kpc)
 vdisp:201.58(km/s) b0:1.7578
 rc:0.05(") 0.40(kpc)
 rt:13.17(") 100.00(kpc)
 r_ct:0.0000 r_cr:0.0000
-------- Clump 2: External shear and kappa 
 gamma:0.4742
 kappa:0.0000
