runmode
	reference	3 154.286148 39.049631 154.286148 39.049631
	image	1 arcs.dat
	mass	3 2000 0.206000 mass3.fits
	shearfield	1 4.000000 shearfield.dat 50
	end
grid
	number		128
	polar		0
	nlens	2
	end
source
	z_source	0.216000
	end
image
	newton		1
	end
potential
0
	profile		81
	x_centre	0.000000
	y_centre	0.000000
	ellipticity	0.731750
	angle_pos	34.126892
	core_radius	8.666061
	core_radius_kpc	29.262471
	cut_radius	29.614932
	cut_radius_kpc	100.000000
	v_disp		79.679793
	z_lens		0.206000
	end
potential
1
	profile		81
	x_centre	0.001118
	y_centre	-0.005760
	ellipticity	0.708532
	angle_pos	-26.151669
	core_radius	0.863929
	core_radius_kpc	2.917207
	cut_radius	29.614932
	cut_radius_kpc	100.000000
	v_disp		242.439736
	z_lens		0.206000
	end
cline
	nplan		1 4.500000 
	dmax		100.000000
	algorithm		MARCHINGSQUARES
	connect		1
	limitHigh		0.200000
	limitLow		0.050000
	end
grande
	iso	0 0 0.000000 0.000000 0.000000
	name	best
	profile	0 0
	contour	1 0
	large_dist	0.300000
	end
cosmology
	model	1
	H0	70.000000
	omegaM	0.300000
	omegaX	0.700000
	omegaK	0.000000
	wX	-1.000000
	wa	0.000000
	kcourb	0.000000
	end
field
	xmin	-20.000000
	xmax	20.000000
	ymin	-20.000000
	ymax	20.000000
	end
finish
For z_s = 0.2160  DLS/DS:0.0439
DLS:0.0074(lt) 31.72(Mpc) DOS:0.1687(lt) 722.48(Mpc)
DOL:0.1626(lt) 696.49(Mpc) DOL_lum:0.2365(lt) 1013.00(Mpc)
Mcrit:5.437136e-02 (10^12 Msol/kpc^2)
Conversion Factor @ z = 0.206000, 1 arcsec == 3.377 kpc
Number of Clumps: 2
-------- Clump 1: PIEMD Kovner, truncated
 Total mass: 0.768821(cor) 0.538355 (10^12 M_sol)
 rcut:29.61(") 100.00(kpc)
 vdisp:79.68(km/s) b0:0.2747
 rc:8.67(") 29.26(kpc)
 rt:29.61(") 100.00(kpc)
 r_ct:0.0000 r_cr:0.0000
-------- Clump 2: PIEMD Kovner, truncated
 Total mass: 7.117647(cor) 6.259858 (10^12 M_sol)
 rcut:29.61(") 100.00(kpc)
 vdisp:242.44(km/s) b0:2.5427
 rc:0.86(") 2.92(kpc)
 rt:29.61(") 100.00(kpc)
 r_ct:0.0000 r_cr:0.0000
