runmode
	reference	3 25.731062 44.619514 25.731062 44.619514
	image	1 arcs.dat
	mass	3 2000 0.341000 mass3.fits
	end
grid
	number		128
	polar		0
	nlens	1
	end
source
	z_source	0.351000
	end
image
	newton		1
	end
potential
0
	profile		81
	x_centre	0.000000
	y_centre	0.000000
	ellipticity	0.798936
	angle_pos	77.297090
	core_radius	0.783389
	core_radius_kpc	3.804470
	cut_radius	20.591280
	cut_radius_kpc	100.000000
	v_disp		274.022500
	z_lens		0.341000
	end
cline
	nplan		1 4.500000 
	dmax		100.000000
	algorithm		MARCHINGSQUARES
	connect		1
	limitHigh		0.200000
	limitLow		0.050000
	end
grande
	iso	0 0 0.000000 0.000000 0.000000
	name	best
	profile	0 0
	contour	1 0
	large_dist	0.300000
	end
cosmology
	model	1
	H0	70.000000
	omegaM	0.300000
	omegaX	0.700000
	omegaK	0.000000
	wX	-1.000000
	wa	0.000000
	kcourb	0.000000
	end
field
	xmin	-20.000000
	xmax	20.000000
	ymin	-20.000000
	ymax	20.000000
	end
finish
For z_s = 0.3510  DLS/DS:0.0260
DLS:0.0062(lt) 26.49(Mpc) DOS:0.2383(lt) 1020.79(Mpc)
DOL:0.2339(lt) 1001.71(Mpc) DOL_lum:0.4206(lt) 1801.36(Mpc)
Mcrit:6.394929e-02 (10^12 Msol/kpc^2)
Conversion Factor @ z = 0.341000, 1 arcsec == 4.856 kpc
Number of Clumps: 1
-------- Clump 1: PIEMD Kovner, truncated
 Total mass: 9.092876(cor) 7.928687 (10^12 M_sol)
 rcut:20.59(") 100.00(kpc)
 vdisp:274.02(km/s) b0:3.2483
 rc:0.78(") 3.80(kpc)
 rt:20.59(") 100.00(kpc)
 r_ct:0.0000 r_cr:0.0000
