runmode
	reference	3 28.164476 -13.968479 28.164476 -13.968479
	image	1 arcs.dat
	mass	3 2000 0.826900 mass3.fits
	end
grid
	number		128
	polar		0
	nlens	2
	end
source
	z_source	0.836900
	end
image
	newton		1
	end
potential
0
	profile		81
	x_centre	0.000000
	y_centre	0.000000
	ellipticity	0.743754
	angle_pos	-56.538145
	core_radius	3.038868
	core_radius_kpc	23.069766
	cut_radius	13.172514
	cut_radius_kpc	100.000000
	v_disp		408.431142
	z_lens		0.826900
	end
potential
1
	profile		81
	x_centre	-1.881272
	y_centre	-1.548715
	ellipticity	0.468082
	angle_pos	34.564999
	core_radius	1.262499
	core_radius_kpc	9.584344
	cut_radius	4.540967
	cut_radius_kpc	34.473049
	v_disp		338.533519
	z_lens		0.826900
	end
cline
	nplan		1 4.500000 
	dmax		100.000000
	algorithm		MARCHINGSQUARES
	connect		1
	limitHigh		0.200000
	limitLow		0.050000
	end
grande
	iso	0 0 0.000000 0.000000 0.000000
	name	best
	profile	0 0
	contour	1 0
	large_dist	0.300000
	end
cosmology
	model	1
	H0	70.000000
	omegaM	0.300000
	omegaX	0.700000
	omegaK	0.000000
	wX	-1.000000
	wa	0.000000
	kcourb	0.000000
	end
field
	xmin	-20.000000
	xmax	20.000000
	ymin	-20.000000
	ymax	20.000000
	end
finish
For z_s = 0.8369  DLS/DS:0.0093
DLS:0.0034(lt) 14.62(Mpc) DOS:0.3670(lt) 1571.97(Mpc)
DOL:0.3656(lt) 1565.87(Mpc) DOL_lum:1.2203(lt) 5226.20(Mpc)
Mcrit:1.141914e-01 (10^12 Msol/kpc^2)
Conversion Factor @ z = 0.826900, 1 arcsec == 7.592 kpc
Number of Clumps: 2
-------- Clump 1: PIEMD Kovner, truncated
 Total mass: 20.200704(cor) 14.857002 (10^12 M_sol)
 rcut:13.17(") 100.00(kpc)
 vdisp:408.43(km/s) b0:7.2164
 rc:3.04(") 23.07(kpc)
 rt:13.17(") 100.00(kpc)
 r_ct:0.0000 r_cr:0.0000
-------- Clump 2: PIEMD Kovner, truncated
 Total mass: 4.784228(cor) 3.388354 (10^12 M_sol)
 rcut:4.54(") 34.47(kpc)
 vdisp:338.53(km/s) b0:4.9578
 rc:1.26(") 9.58(kpc)
 rt:4.54(") 34.47(kpc)
 r_ct:0.0000 r_cr:0.0000
