runmode
	reference	3 180.300765 23.099214 180.300765 23.099214
	image	1 arcs.dat
	mass	3 2000 0.269000 mass3.fits
	end
grid
	number		128
	polar		0
	nlens	3
	end
source
	z_source	0.279000
	end
image
	newton		1
	end
potential
0
	profile		81
	x_centre	0.000000
	y_centre	0.000000
	ellipticity	0.394436
	angle_pos	-20.812382
	core_radius	10.570656
	core_radius_kpc	43.596128
	cut_radius	24.246777
	cut_radius_kpc	100.000000
	v_disp		372.756501
	z_lens		0.269000
	end
potential
1
	profile		81
	x_centre	-1.092092
	y_centre	0.350280
	ellipticity	0.024215
	angle_pos	-71.703635
	core_radius	1.179384
	core_radius_kpc	4.864086
	cut_radius	24.246777
	cut_radius_kpc	100.000000
	v_disp		324.951497
	z_lens		0.269000
	end
potential
2
	profile		81
	x_centre	2.114976
	y_centre	-6.692040
	ellipticity	0.742916
	angle_pos	-27.700424
	core_radius	9.852862
	core_radius_kpc	40.635759
	cut_radius	24.246777
	cut_radius_kpc	100.000000
	v_disp		286.132513
	z_lens		0.269000
	end
cline
	nplan		1 4.500000 
	dmax		100.000000
	algorithm		MARCHINGSQUARES
	connect		1
	limitHigh		0.200000
	limitLow		0.050000
	end
grande
	iso	0 0 0.000000 0.000000 0.000000
	name	best
	profile	0 0
	contour	1 0
	large_dist	0.300000
	end
cosmology
	model	1
	H0	70.000000
	omegaM	0.300000
	omegaX	0.700000
	omegaK	0.000000
	wX	-1.000000
	wa	0.000000
	kcourb	0.000000
	end
field
	xmin	-20.000000
	xmax	20.000000
	ymin	-20.000000
	ymax	20.000000
	end
finish
For z_s = 0.2790  DLS/DS:0.0334
DLS:0.0068(lt) 29.14(Mpc) DOS:0.2039(lt) 873.18(Mpc)
DOL:0.1986(lt) 850.69(Mpc) DOL_lum:0.3199(lt) 1369.92(Mpc)
Mcrit:5.856329e-02 (10^12 Msol/kpc^2)
Conversion Factor @ z = 0.269000, 1 arcsec == 4.124 kpc
Number of Clumps: 3
-------- Clump 1: PIEMD Kovner, truncated
 Total mass: 16.825937(cor) 10.606024 (10^12 M_sol)
 rcut:24.25(") 100.00(kpc)
 vdisp:372.76(km/s) b0:6.0108
 rc:10.57(") 43.60(kpc)
 rt:24.25(") 100.00(kpc)
 r_ct:0.0000 r_cr:0.0000
-------- Clump 2: PIEMD Kovner, truncated
 Total mass: 12.786919(cor) 11.037105 (10^12 M_sol)
 rcut:24.25(") 100.00(kpc)
 vdisp:324.95(km/s) b0:4.5680
 rc:1.18(") 4.86(kpc)
 rt:24.25(") 100.00(kpc)
 r_ct:0.0000 r_cr:0.0000
-------- Clump 3: PIEMD Kovner, truncated
 Total mass: 9.914327(cor) 6.380923 (10^12 M_sol)
 rcut:24.25(") 100.00(kpc)
 vdisp:286.13(km/s) b0:3.5418
 rc:9.85(") 40.64(kpc)
 rt:24.25(") 100.00(kpc)
 r_ct:0.0000 r_cr:0.0000
