runmode
	reference	3 154.2861480 39.0496309 154.286148 39.049631
	inverse	3 0.005000 400
	end
image
	multfile	1 arcs.dat
	newton		1
	forme		-1
	mult_wcs	1
	sigposArcsec		0.500000
	end
grille
	nombre		128
	polaire		0
	nlentille	3
	nlens_opt	3
	end
source
	z_source	0.216000
	end
potential	O1
0
	profile		81
	x_centre	0.000000
	y_centre	0.000000
	ellipticity	0.025612
	angle_pos	33.899531
	core_radius_kpc	5.000000
	cut_radius_kpc	100.000000
	v_disp		100.000000
	z_lens		0.206000
	end
limit	O1
0
	x_centre	0 -5.000000 5.000000 0.000000
	y_centre	0 -5.000000 5.000000 0.000000
	ellipticity	1 0.000000 0.800000 0.000000
	angle_pos	1 -1.570796 1.570796 0.001745
	core_radius_kpc	1 0.010000 50.000000 0.010000
	v_disp		1 10.000000 500.000000 0.000000
	end
potential
1
	profile		14
	gamma	1.000000
	angle_pos	0.000000
	kappa	0.000000
	z_lens		0.500000
	end
limit
1
	gamma	1 0.000000 1.200000 0.000000
	angle_pos	1 -1.570796 1.570796 0.001745
	end
cline
	nplan		0
	dmax		40.000000
	algorithm		MARCHINGSQUARES
	limitHigh		10.000000
	limitLow		3.000000
	end
grande
	iso	0 0 0.000000 0.000000 0.000000
	name	best
	profile	0 0
	contour	1 0
	large_dist	0.300000
	end
cosmology
	model	1
	H0	70.000000
	omegaM	0.300000
	omegaX	0.700000
	omegaK	0.000000
	wX	-1.000000
	wa	0.000000
	kcourb	0.000000
	end
cosmolimit
	omegaM	0 0.000000 0.000000
	omegaX	0 0.000000 0.000000
	wX	0 0.000000 0.000000
	wa	0 0.000000 0.000000
	end
field
	xmin	-20.000000
	xmax	20.000000
	ymin	-20.000000
	ymax	20.000000
	end
finish
For z_s = 0.2160  DLS/DS:0.0439
DLS:0.0074(lt) 31.72(Mpc) DOS:0.1687(lt) 722.48(Mpc)
DOL:0.1626(lt) 696.49(Mpc) DOL_lum:0.2365(lt) 1013.00(Mpc)
Mcrit:5.437136e-02 (10^12 Msol/kpc^2)
Conversion Factor @ z = 0.206000, 1 arcsec == 3.377 kpc
Number of Clumps: 2
-------- Clump O1: PIEMD Kovner, truncated
 Total mass: 1.210957(cor) 1.043892 (10^12 M_sol)
 rcut:29.61(") 100.00(kpc)
 vdisp:100.00(km/s) b0:0.4326
 rc:1.48(") 5.00(kpc)
 rt:29.61(") 100.00(kpc)
 r_ct:0.0000 r_cr:0.0000
-------- Clump O2: External shear and kappa 
 gamma:1.0000
 kappa:0.0000
