runmode
	reference	3 208.537828 77.265978 208.537828 77.265978
	image	1 arcs.dat
	mass	3 2000 0.396700 mass3.fits
	end
grid
	number		128
	polar		0
	nlens	3
	end
source
	z_source	0.406700
	end
image
	newton		1
	end
potential
0
	profile		81
	x_centre	0.000000
	y_centre	0.000000
	ellipticity	0.767027
	angle_pos	8.484190
	core_radius	0.368831
	core_radius_kpc	1.971712
	cut_radius	18.706125
	cut_radius_kpc	100.000000
	v_disp		195.464150
	z_lens		0.396700
	end
potential
1
	profile		81
	x_centre	-0.518017
	y_centre	-7.372080
	ellipticity	0.477407
	angle_pos	22.141490
	core_radius	2.268507
	core_radius_kpc	12.127081
	cut_radius	18.706125
	cut_radius_kpc	100.000000
	v_disp		195.587176
	z_lens		0.396700
	end
potential
2
	profile		14
	gamma	0.741400
	angle_pos	-47.457300
	kappa	0.000000
	z_lens		0.396700
	end
cline
	nplan		1 4.500000 
	dmax		100.000000
	algorithm		MARCHINGSQUARES
	connect		1
	limitHigh		0.200000
	limitLow		0.050000
	end
grande
	iso	0 0 0.000000 0.000000 0.000000
	name	best
	profile	0 0
	contour	1 0
	large_dist	0.300000
	end
cosmology
	model	1
	H0	70.000000
	omegaM	0.300000
	omegaX	0.700000
	omegaK	0.000000
	wX	-1.000000
	wa	0.000000
	kcourb	0.000000
	end
field
	xmin	-20.000000
	xmax	20.000000
	ymin	-20.000000
	ymax	20.000000
	end
finish
For z_s = 0.4067  DLS/DS:0.0220
DLS:0.0058(lt) 24.64(Mpc) DOS:0.2614(lt) 1119.46(Mpc)
DOL:0.2575(lt) 1102.66(Mpc) DOL_lum:0.5023(lt) 2151.04(Mpc)
Mcrit:6.849455e-02 (10^12 Msol/kpc^2)
Conversion Factor @ z = 0.396700, 1 arcsec == 5.346 kpc
Number of Clumps: 3
-------- Clump 1: PIEMD Kovner, truncated
 Total mass: 4.626612(cor) 4.106761 (10^12 M_sol)
 rcut:18.71(") 100.00(kpc)
 vdisp:195.46(km/s) b0:1.6528
 rc:0.37(") 1.97(kpc)
 rt:18.71(") 100.00(kpc)
 r_ct:0.0000 r_cr:0.0000
-------- Clump 2: PIEMD Kovner, truncated
 Total mass: 4.632437(cor) 3.739513 (10^12 M_sol)
 rcut:18.71(") 100.00(kpc)
 vdisp:195.59(km/s) b0:1.6549
 rc:2.27(") 12.13(kpc)
 rt:18.71(") 100.00(kpc)
 r_ct:0.0000 r_cr:0.0000
-------- Clump 3: External shear and kappa 
 gamma:0.7414
 kappa:0.0000
