runmode
	reference	3 245.342662 38.168474 245.342662 38.168474
	image	1 arcs.dat
	mass	3 2000 0.461700 mass3.fits
	end
grid
	number		128
	polar		0
	nlens	2
	end
source
	z_source	0.471700
	end
image
	newton		1
	end
potential
0
	profile		81
	x_centre	0.000000
	y_centre	0.000000
	ellipticity	0.396925
	angle_pos	5.000763
	core_radius	0.095338
	core_radius_kpc	0.557125
	cut_radius	17.112501
	cut_radius_kpc	100.000000
	v_disp		156.607562
	z_lens		0.461700
	end
potential
1
	profile		14
	gamma	0.113800
	angle_pos	-82.066200
	kappa	0.000000
	z_lens		0.461700
	end
cline
	nplan		1 4.500000 
	dmax		100.000000
	algorithm		MARCHINGSQUARES
	connect		1
	limitHigh		0.200000
	limitLow		0.050000
	end
grande
	iso	0 0 0.000000 0.000000 0.000000
	name	best
	profile	0 0
	contour	1 0
	large_dist	0.300000
	end
cosmology
	model	1
	H0	70.000000
	omegaM	0.300000
	omegaX	0.700000
	omegaK	0.000000
	wX	-1.000000
	wa	0.000000
	kcourb	0.000000
	end
field
	xmin	-20.000000
	xmax	20.000000
	ymin	-20.000000
	ymax	20.000000
	end
finish
For z_s = 0.4717  DLS/DS:0.0186
DLS:0.0053(lt) 22.68(Mpc) DOS:0.2848(lt) 1219.83(Mpc)
DOL:0.2814(lt) 1205.35(Mpc) DOL_lum:0.6013(lt) 2575.30(Mpc)
Mcrit:7.419516e-02 (10^12 Msol/kpc^2)
Conversion Factor @ z = 0.461700, 1 arcsec == 5.844 kpc
Number of Clumps: 2
-------- Clump 1: PIEMD Kovner, truncated
 Total mass: 2.969985(cor) 2.673360 (10^12 M_sol)
 rcut:17.11(") 100.00(kpc)
 vdisp:156.61(km/s) b0:1.0610
 rc:0.10(") 0.56(kpc)
 rt:17.11(") 100.00(kpc)
 r_ct:0.0000 r_cr:0.0000
-------- Clump 2: External shear and kappa 
 gamma:0.1138
 kappa:0.0000
