runmode
	reference	3 38.717823 -58.506520 38.717823 -58.506520
	image	1 arcs.dat
	mass	3 2000 0.415000 mass3.fits
	end
grid
	number		128
	polar		0
	nlens	2
	end
source
	z_source	0.425000
	end
image
	newton		1
	end
potential
0
	profile		81
	x_centre	0.000000
	y_centre	0.000000
	ellipticity	0.679977
	angle_pos	82.040335
	core_radius	1.161191
	core_radius_kpc	6.379057
	cut_radius	18.203175
	cut_radius_kpc	100.000000
	v_disp		392.615062
	z_lens		0.415000
	end
potential
1
	profile		14
	gamma	0.155300
	angle_pos	-87.517900
	kappa	0.000000
	z_lens		0.415000
	end
cline
	nplan		1 4.500000 
	dmax		100.000000
	algorithm		MARCHINGSQUARES
	connect		1
	limitHigh		0.200000
	limitLow		0.050000
	end
grande
	iso	0 0 0.000000 0.000000 0.000000
	name	best
	profile	0 0
	contour	1 0
	large_dist	0.300000
	end
cosmology
	model	1
	H0	70.000000
	omegaM	0.300000
	omegaX	0.700000
	omegaK	0.000000
	wX	-1.000000
	wa	0.000000
	kcourb	0.000000
	end
field
	xmin	-20.000000
	xmax	20.000000
	ymin	-20.000000
	ymax	20.000000
	end
finish
For z_s = 0.4250  DLS/DS:0.0209
DLS:0.0056(lt) 24.07(Mpc) DOS:0.2683(lt) 1149.24(Mpc)
DOL:0.2646(lt) 1133.13(Mpc) DOL_lum:0.5297(lt) 2268.77(Mpc)
Mcrit:7.005670e-02 (10^12 Msol/kpc^2)
Conversion Factor @ z = 0.415000, 1 arcsec == 5.494 kpc
Number of Clumps: 2
-------- Clump 1: PIEMD Kovner, truncated
 Total mass: 18.666493(cor) 15.882638 (10^12 M_sol)
 rcut:18.20(") 100.00(kpc)
 vdisp:392.62(km/s) b0:6.6684
 rc:1.16(") 6.38(kpc)
 rt:18.20(") 100.00(kpc)
 r_ct:0.0000 r_cr:0.0000
-------- Clump 2: External shear and kappa 
 gamma:0.1553
 kappa:0.0000
