runmode
	reference	3 99.709637 -53.983129 99.709637 -53.983129
	image	1 arcs.dat
	mass	3 2000 0.226000 mass3.fits
	end
grid
	number		128
	polar		0
	nlens	2
	end
source
	z_source	0.236000
	end
image
	newton		1
	end
potential
0
	profile		81
	x_centre	0.000000
	y_centre	0.000000
	ellipticity	0.706173
	angle_pos	79.994599
	core_radius	0.077960
	core_radius_kpc	0.282670
	cut_radius	27.579821
	cut_radius_kpc	100.000000
	v_disp		178.943522
	z_lens		0.226000
	end
potential
1
	profile		14
	gamma	0.366100
	angle_pos	-87.911700
	kappa	0.000000
	z_lens		0.226000
	end
cline
	nplan		1 4.500000 
	dmax		100.000000
	algorithm		MARCHINGSQUARES
	connect		1
	limitHigh		0.200000
	limitLow		0.050000
	end
grande
	iso	0 0 0.000000 0.000000 0.000000
	name	best
	profile	0 0
	contour	1 0
	large_dist	0.300000
	end
cosmology
	model	1
	H0	70.000000
	omegaM	0.300000
	omegaX	0.700000
	omegaK	0.000000
	wX	-1.000000
	wa	0.000000
	kcourb	0.000000
	end
field
	xmin	-20.000000
	xmax	20.000000
	ymin	-20.000000
	ymax	20.000000
	end
finish
For z_s = 0.2360  DLS/DS:0.0400
DLS:0.0072(lt) 30.87(Mpc) DOS:0.1804(lt) 772.71(Mpc)
DOL:0.1746(lt) 747.88(Mpc) DOL_lum:0.2625(lt) 1124.13(Mpc)
Mcrit:5.564149e-02 (10^12 Msol/kpc^2)
Conversion Factor @ z = 0.226000, 1 arcsec == 3.626 kpc
Number of Clumps: 2
-------- Clump 1: PIEMD Kovner, truncated
 Total mass: 3.877580(cor) 3.499862 (10^12 M_sol)
 rcut:27.58(") 100.00(kpc)
 vdisp:178.94(km/s) b0:1.3852
 rc:0.08(") 0.28(kpc)
 rt:27.58(") 100.00(kpc)
 r_ct:0.0000 r_cr:0.0000
-------- Clump 2: External shear and kappa 
 gamma:0.3661
 kappa:0.0000
