runmode
	reference	3 10.844814 -20.604300 10.844814 -20.604300
	image	1 arcs.dat
	mass	3 2000 0.292400 mass3.fits
	end
grid
	number		128
	polar		0
	nlens	1
	end
source
	z_source	0.302400
	end
image
	newton		1
	end
potential
0
	profile		81
	x_centre	0.000000
	y_centre	0.000000
	ellipticity	0.751060
	angle_pos	-5.634450
	core_radius	0.010054
	core_radius_kpc	0.043992
	cut_radius	22.854298
	cut_radius_kpc	100.000000
	v_disp		212.309216
	z_lens		0.292400
	end
cline
	nplan		1 4.500000 
	dmax		100.000000
	algorithm		MARCHINGSQUARES
	connect		1
	limitHigh		0.200000
	limitLow		0.050000
	end
grande
	iso	0 0 0.000000 0.000000 0.000000
	name	best
	profile	0 0
	contour	1 0
	large_dist	0.300000
	end
cosmology
	model	1
	H0	70.000000
	omegaM	0.300000
	omegaX	0.700000
	omegaK	0.000000
	wX	-1.000000
	wa	0.000000
	kcourb	0.000000
	end
field
	xmin	-20.000000
	xmax	20.000000
	ymin	-20.000000
	ymax	20.000000
	end
finish
For z_s = 0.3024  DLS/DS:0.0306
DLS:0.0066(lt) 28.25(Mpc) DOS:0.2157(lt) 923.84(Mpc)
DOL:0.2107(lt) 902.52(Mpc) DOL_lum:0.3520(lt) 1507.48(Mpc)
Mcrit:6.025001e-02 (10^12 Msol/kpc^2)
Conversion Factor @ z = 0.292400, 1 arcsec == 4.376 kpc
Number of Clumps: 1
-------- Clump 1: PIEMD Kovner, truncated
 Total mass: 5.458414(cor) 4.938460 (10^12 M_sol)
 rcut:22.85(") 100.00(kpc)
 vdisp:212.31(km/s) b0:1.9499
 rc:0.01(") 0.04(kpc)
 rt:22.85(") 100.00(kpc)
 r_ct:0.0000 r_cr:0.0000
