runmode
	reference	3 208.537828 77.265978 208.537828 77.265978
	image	1 arcs.dat
	mass	3 2000 0.396700 mass3.fits
	end
grid
	number		128
	polar		0
	nlens	2
	end
source
	z_source	0.406700
	end
image
	newton		1
	end
potential
0
	profile		81
	x_centre	0.000000
	y_centre	0.000000
	ellipticity	0.766219
	angle_pos	16.257675
	core_radius	1.392312
	core_radius_kpc	7.443081
	cut_radius	18.706125
	cut_radius_kpc	100.000000
	v_disp		289.349072
	z_lens		0.396700
	end
potential
1
	profile		81
	x_centre	-0.518017
	y_centre	-7.372080
	ellipticity	0.736191
	angle_pos	46.358774
	core_radius	6.162465
	core_radius_kpc	32.943568
	cut_radius	18.706125
	cut_radius_kpc	100.000000
	v_disp		482.850754
	z_lens		0.396700
	end
cline
	nplan		1 4.500000 
	dmax		100.000000
	algorithm		MARCHINGSQUARES
	connect		1
	limitHigh		0.200000
	limitLow		0.050000
	end
grande
	iso	0 0 0.000000 0.000000 0.000000
	name	best
	profile	0 0
	contour	1 0
	large_dist	0.300000
	end
cosmology
	model	1
	H0	70.000000
	omegaM	0.300000
	omegaX	0.700000
	omegaK	0.000000
	wX	-1.000000
	wa	0.000000
	kcourb	0.000000
	end
field
	xmin	-20.000000
	xmax	20.000000
	ymin	-20.000000
	ymax	20.000000
	end
finish
For z_s = 0.4067  DLS/DS:0.0220
DLS:0.0058(lt) 24.64(Mpc) DOS:0.2614(lt) 1119.46(Mpc)
DOL:0.2575(lt) 1102.66(Mpc) DOL_lum:0.5023(lt) 2151.04(Mpc)
Mcrit:6.849455e-02 (10^12 Msol/kpc^2)
Conversion Factor @ z = 0.396700, 1 arcsec == 5.346 kpc
Number of Clumps: 2
-------- Clump 1: PIEMD Kovner, truncated
 Total mass: 10.138484(cor) 8.541037 (10^12 M_sol)
 rcut:18.71(") 100.00(kpc)
 vdisp:289.35(km/s) b0:3.6218
 rc:1.39(") 7.44(kpc)
 rt:18.71(") 100.00(kpc)
 r_ct:0.0000 r_cr:0.0000
-------- Clump 2: PIEMD Kovner, truncated
 Total mass: 28.232845(cor) 19.222212 (10^12 M_sol)
 rcut:18.71(") 100.00(kpc)
 vdisp:482.85(km/s) b0:10.0858
 rc:6.16(") 32.94(kpc)
 rt:18.71(") 100.00(kpc)
 r_ct:0.0000 r_cr:0.0000
