runmode
	reference	3 328.403397 17.695439 328.403397 17.695439
	image	1 arcs.dat
	mass	3 2000 0.231000 mass3.fits
	shearfield	1 4.000000 shearfield.dat 50
	end
grid
	number		128
	polar		0
	nlens	1
	end
source
	z_source	0.241000
	end
image
	newton		1
	end
potential
0
	profile		81
	x_centre	-15.083462
	y_centre	8.206960
	ellipticity	0.799871
	angle_pos	-88.530003
	core_radius	0.355967
	core_radius_kpc	1.312221
	cut_radius	27.127053
	cut_radius_kpc	100.000000
	v_disp		302.720499
	z_lens		0.231000
	end
cline
	nplan		1 1.036000 
	dmax		100.000000
	algorithm		MARCHINGSQUARES
	connect		1
	limitHigh		0.200000
	limitLow		0.050000
	end
grande
	iso	0 0 0.000000 0.000000 0.000000
	name	best
	profile	0 0
	contour	1 0
	large_dist	0.300000
	end
cosmology
	model	1
	H0	70.000000
	omegaM	0.300000
	omegaX	0.700000
	omegaK	0.000000
	wX	-1.000000
	wa	0.000000
	kcourb	0.000000
	end
field
	xmin	-200.000000
	xmax	200.000000
	ymin	-200.000000
	ymax	200.000000
	end
finish
For z_s = 0.2410  DLS/DS:0.0391
DLS:0.0072(lt) 30.67(Mpc) DOS:0.1833(lt) 784.90(Mpc)
DOL:0.1775(lt) 760.37(Mpc) DOL_lum:0.2690(lt) 1152.23(Mpc)
Mcrit:5.596842e-02 (10^12 Msol/kpc^2)
Conversion Factor @ z = 0.231000, 1 arcsec == 3.686 kpc
Number of Clumps: 1
-------- Clump 1: PIEMD Kovner, truncated
 Total mass: 11.097176(cor) 9.914406 (10^12 M_sol)
 rcut:27.13(") 100.00(kpc)
 vdisp:302.72(km/s) b0:3.9643
 rc:0.36(") 1.31(kpc)
 rt:27.13(") 100.00(kpc)
 r_ct:0.0000 r_cr:0.0000
