runmode
	reference	3 152.636972 -12.652674 152.636972 -12.652674
	image	1 arcs.dat
	mass	3 2000 0.306200 mass3.fits
	end
grid
	number		128
	polar		0
	nlens	1
	end
source
	z_source	0.316200
	end
image
	newton		1
	end
potential
0
	profile		81
	x_centre	0.000000
	y_centre	0.000000
	ellipticity	0.626334
	angle_pos	89.826384
	core_radius	2.419512
	core_radius_kpc	10.930283
	cut_radius	22.135859
	cut_radius_kpc	100.000000
	v_disp		439.394205
	z_lens		0.306200
	end
cline
	nplan		1 4.500000 
	dmax		100.000000
	algorithm		MARCHINGSQUARES
	connect		1
	limitHigh		0.200000
	limitLow		0.050000
	end
grande
	iso	0 0 0.000000 0.000000 0.000000
	name	best
	profile	0 0
	contour	1 0
	large_dist	0.300000
	end
cosmology
	model	1
	H0	70.000000
	omegaM	0.300000
	omegaX	0.700000
	omegaK	0.000000
	wX	-1.000000
	wa	0.000000
	kcourb	0.000000
	end
field
	xmin	-20.000000
	xmax	20.000000
	ymin	-20.000000
	ymax	20.000000
	end
finish
For z_s = 0.3162  DLS/DS:0.0291
DLS:0.0065(lt) 27.74(Mpc) DOS:0.2224(lt) 952.47(Mpc)
DOL:0.2176(lt) 931.81(Mpc) DOL_lum:0.3712(lt) 1589.82(Mpc)
Mcrit:6.127418e-02 (10^12 Msol/kpc^2)
Conversion Factor @ z = 0.306200, 1 arcsec == 4.518 kpc
Number of Clumps: 1
-------- Clump 1: PIEMD Kovner, truncated
 Total mass: 23.379621(cor) 19.076706 (10^12 M_sol)
 rcut:22.14(") 100.00(kpc)
 vdisp:439.39(km/s) b0:8.3521
 rc:2.42(") 10.93(kpc)
 rt:22.14(") 100.00(kpc)
 r_ct:0.0000 r_cr:0.0000
