runmode
	reference	3 87.338695 -62.077516 87.338695 -62.077516
	image	1 arcs.dat
	mass	3 2000 0.375500 mass3.fits
	end
grid
	number		128
	polar		0
	nlens	2
	end
source
	z_source	0.385500
	end
image
	newton		1
	end
potential
0
	profile		81
	x_centre	0.000000
	y_centre	0.000000
	ellipticity	0.171353
	angle_pos	-2.567030
	core_radius	7.029712
	core_radius_kpc	36.321456
	cut_radius	19.354158
	cut_radius_kpc	100.000000
	v_disp		432.858865
	z_lens		0.375500
	end
potential
1
	profile		14
	gamma	0.713400
	angle_pos	17.680800
	kappa	0.000000
	z_lens		0.375500
	end
cline
	nplan		1 4.500000 
	dmax		100.000000
	algorithm		MARCHINGSQUARES
	connect		1
	limitHigh		0.200000
	limitLow		0.050000
	end
grande
	iso	0 0 0.000000 0.000000 0.000000
	name	best
	profile	0 0
	contour	1 0
	large_dist	0.300000
	end
cosmology
	model	1
	H0	70.000000
	omegaM	0.300000
	omegaX	0.700000
	omegaK	0.000000
	wX	-1.000000
	wa	0.000000
	kcourb	0.000000
	end
field
	xmin	-20.000000
	xmax	20.000000
	ymin	-20.000000
	ymax	20.000000
	end
finish
For z_s = 0.3855  DLS/DS:0.0234
DLS:0.0059(lt) 25.33(Mpc) DOS:0.2530(lt) 1083.38(Mpc)
DOL:0.2488(lt) 1065.74(Mpc) DOL_lum:0.4708(lt) 2016.38(Mpc)
Mcrit:6.672713e-02 (10^12 Msol/kpc^2)
Conversion Factor @ z = 0.375500, 1 arcsec == 5.167 kpc
Number of Clumps: 2
-------- Clump 1: PIEMD Kovner, truncated
 Total mass: 22.689318(cor) 15.065144 (10^12 M_sol)
 rcut:19.35(") 100.00(kpc)
 vdisp:432.86(km/s) b0:8.1055
 rc:7.03(") 36.32(kpc)
 rt:19.35(") 100.00(kpc)
 r_ct:0.0000 r_cr:0.0000
-------- Clump 2: External shear and kappa 
 gamma:0.7134
 kappa:0.0000
