runmode
	reference	3 25.7310622 44.6195143 25.731062 44.619514
	inverse	3 0.500000 400
	end
image
	multfile	1 arcs.dat
	newton		1
	forme		-1
	mult_wcs	1
	sigposArcsec		0.500000
	end
grille
	nombre		128
	polaire		0
	nlentille	2
	nlens_opt	2
	end
source
	z_source	0.351000
	end
potential	O1
0
	profile		81
	x_centre	0.000000
	y_centre	0.000000
	ellipticity	0.165930
	angle_pos	89.999930
	core_radius_kpc	5.000000
	cut_radius_kpc	100.000000
	v_disp		100.000000
	z_lens		0.341000
	end
limit	O1
0
	x_centre	0 -5.000000 5.000000 0.000000
	y_centre	0 -5.000000 5.000000 0.000000
	ellipticity	1 0.000000 0.800000 0.000000
	angle_pos	1 -1.570796 1.570796 0.001745
	core_radius_kpc	1 0.010000 50.000000 0.010000
	v_disp		1 10.000000 500.000000 0.000000
	end
potential	S1
1
	profile		14
	gamma	1.000000
	angle_pos	0.000000
	kappa	0.000000
	z_lens		0.341000
	end
limit	S1
1
	gamma	1 0.000000 1.200000 0.000000
	angle_pos	1 -1.570796 1.570796 0.001745
	end
cline
	nplan		0
	dmax		40.000000
	algorithm		MARCHINGSQUARES
	limitHigh		10.000000
	limitLow		3.000000
	end
grande
	iso	0 0 0.000000 0.000000 0.000000
	name	best
	profile	0 0
	contour	1 0
	large_dist	0.300000
	end
cosmology
	model	1
	H0	70.000000
	omegaM	0.300000
	omegaX	0.700000
	omegaK	0.000000
	wX	-1.000000
	wa	0.000000
	kcourb	0.000000
	end
cosmolimit
	omegaM	0 0.000000 0.000000
	omegaX	0 0.000000 0.000000
	wX	0 0.000000 0.000000
	wa	0 0.000000 0.000000
	end
field
	xmin	-20.000000
	xmax	20.000000
	ymin	-20.000000
	ymax	20.000000
	end
finish
For z_s = 0.3510  DLS/DS:0.0260
DLS:0.0062(lt) 26.49(Mpc) DOS:0.2383(lt) 1020.79(Mpc)
DOL:0.2339(lt) 1001.71(Mpc) DOL_lum:0.4206(lt) 1801.36(Mpc)
Mcrit:6.394929e-02 (10^12 Msol/kpc^2)
Conversion Factor @ z = 0.341000, 1 arcsec == 4.856 kpc
Number of Clumps: 2
-------- Clump O1: PIEMD Kovner, truncated
 Total mass: 1.210957(cor) 1.043892 (10^12 M_sol)
 rcut:20.59(") 100.00(kpc)
 vdisp:100.00(km/s) b0:0.4326
 rc:1.03(") 5.00(kpc)
 rt:20.59(") 100.00(kpc)
 r_ct:0.0000 r_cr:0.0000
-------- Clump O2: External shear and kappa 
 gamma:1.0000
 kappa:0.0000
