runmode
	reference	3 328.389484 17.699358 328.389484 17.699358
	image	1 arcs.dat
	mass	3 2000 0.232900 mass3.fits
	end
grid
	number		128
	polar		0
	nlens	2
	end
source
	z_source	0.242900
	end
image
	newton		1
	end
potential
0
	profile		81
	x_centre	0.000000
	y_centre	0.000000
	ellipticity	0.101686
	angle_pos	-46.573798
	core_radius	1.723744
	core_radius_kpc	6.393662
	cut_radius	26.960197
	cut_radius_kpc	100.000000
	v_disp		327.889977
	z_lens		0.232900
	end
potential
1
	profile		14
	gamma	0.035600
	angle_pos	-84.167000
	kappa	0.000000
	z_lens		0.232900
	end
cline
	nplan		1 4.500000 
	dmax		100.000000
	algorithm		MARCHINGSQUARES
	connect		1
	limitHigh		0.200000
	limitLow		0.050000
	end
grande
	iso	0 0 0.000000 0.000000 0.000000
	name	best
	profile	0 0
	contour	1 0
	large_dist	0.300000
	end
cosmology
	model	1
	H0	70.000000
	omegaM	0.300000
	omegaX	0.700000
	omegaK	0.000000
	wX	-1.000000
	wa	0.000000
	kcourb	0.000000
	end
field
	xmin	-20.000000
	xmax	20.000000
	ymin	-20.000000
	ymax	20.000000
	end
finish
For z_s = 0.2429  DLS/DS:0.0387
DLS:0.0071(lt) 30.59(Mpc) DOS:0.1843(lt) 789.50(Mpc)
DOL:0.1786(lt) 765.07(Mpc) DOL_lum:0.2715(lt) 1162.94(Mpc)
Mcrit:5.609359e-02 (10^12 Msol/kpc^2)
Conversion Factor @ z = 0.232900, 1 arcsec == 3.709 kpc
Number of Clumps: 2
-------- Clump 1: PIEMD Kovner, truncated
 Total mass: 13.019224(cor) 11.076062 (10^12 M_sol)
 rcut:26.96(") 100.00(kpc)
 vdisp:327.89(km/s) b0:4.6509
 rc:1.72(") 6.39(kpc)
 rt:26.96(") 100.00(kpc)
 r_ct:0.0000 r_cr:0.0000
-------- Clump 2: External shear and kappa 
 gamma:0.0356
 kappa:0.0000
