runmode
	reference	3 99.709635 -53.983129 99.709635 -53.983129
	image	1 arcs.dat
	mass	3 2000 0.226000 mass3.fits
	end
grid
	number		128
	polar		0
	nlens	1
	end
source
	z_source	0.236000
	end
image
	newton		1
	end
potential
0
	profile		81
	x_centre	0.000000
	y_centre	0.000000
	ellipticity	0.448611
	angle_pos	54.234282
	core_radius	0.239741
	core_radius_kpc	0.869262
	cut_radius	27.579821
	cut_radius_kpc	100.000000
	v_disp		194.741404
	z_lens		0.226000
	end
cline
	nplan		1 4.500000 
	dmax		100.000000
	algorithm		MARCHINGSQUARES
	connect		1
	limitHigh		0.200000
	limitLow		0.050000
	end
grande
	iso	0 0 0.000000 0.000000 0.000000
	name	best
	profile	0 0
	contour	1 0
	large_dist	0.300000
	end
cosmology
	model	1
	H0	70.000000
	omegaM	0.300000
	omegaX	0.700000
	omegaK	0.000000
	wX	-1.000000
	wa	0.000000
	kcourb	0.000000
	end
field
	xmin	-20.000000
	xmax	20.000000
	ymin	-20.000000
	ymax	20.000000
	end
finish
For z_s = 0.2360  DLS/DS:0.0400
DLS:0.0072(lt) 30.87(Mpc) DOS:0.1804(lt) 772.71(Mpc)
DOL:0.1746(lt) 747.88(Mpc) DOL_lum:0.2625(lt) 1124.13(Mpc)
Mcrit:5.564149e-02 (10^12 Msol/kpc^2)
Conversion Factor @ z = 0.226000, 1 arcsec == 3.626 kpc
Number of Clumps: 1
-------- Clump 1: PIEMD Kovner, truncated
 Total mass: 4.592460(cor) 4.121000 (10^12 M_sol)
 rcut:27.58(") 100.00(kpc)
 vdisp:194.74(km/s) b0:1.6406
 rc:0.24(") 0.87(kpc)
 rt:27.58(") 100.00(kpc)
 r_ct:0.0000 r_cr:0.0000
