runmode
	reference	3 43.572871 -58.946685 43.572871 -58.946685
	image	1 arcs.dat
	mass	3 2000 0.438000 mass3.fits
	end
grid
	number		128
	polar		0
	nlens	3
	end
source
	z_source	0.448000
	end
image
	newton		1
	end
potential
0
	profile		81
	x_centre	0.000000
	y_centre	0.000000
	ellipticity	0.749954
	angle_pos	83.542591
	core_radius	1.166589
	core_radius_kpc	6.615323
	cut_radius	17.634648
	cut_radius_kpc	100.000000
	v_disp		125.560249
	z_lens		0.438000
	end
potential
1
	profile		81
	x_centre	-2.041223
	y_centre	-0.956160
	ellipticity	0.104241
	angle_pos	-0.636495
	core_radius	1.124041
	core_radius_kpc	6.374048
	cut_radius	17.634648
	cut_radius_kpc	100.000000
	v_disp		226.076109
	z_lens		0.438000
	end
potential
2
	profile		14
	gamma	0.798500
	angle_pos	35.997000
	kappa	0.000000
	z_lens		0.438000
	end
cline
	nplan		1 4.500000 
	dmax		100.000000
	algorithm		MARCHINGSQUARES
	connect		1
	limitHigh		0.200000
	limitLow		0.050000
	end
grande
	iso	0 0 0.000000 0.000000 0.000000
	name	best
	profile	0 0
	contour	1 0
	large_dist	0.300000
	end
cosmology
	model	1
	H0	70.000000
	omegaM	0.300000
	omegaX	0.700000
	omegaK	0.000000
	wX	-1.000000
	wa	0.000000
	kcourb	0.000000
	end
field
	xmin	-20.000000
	xmax	20.000000
	ymin	-20.000000
	ymax	20.000000
	end
finish
For z_s = 0.4480  DLS/DS:0.0197
DLS:0.0055(lt) 23.37(Mpc) DOS:0.2767(lt) 1184.95(Mpc)
DOL:0.2731(lt) 1169.66(Mpc) DOL_lum:0.5647(lt) 2418.67(Mpc)
Mcrit:7.206769e-02 (10^12 Msol/kpc^2)
Conversion Factor @ z = 0.438000, 1 arcsec == 5.671 kpc
Number of Clumps: 3
-------- Clump 1: PIEMD Kovner, truncated
 Total mass: 1.909120(cor) 1.620801 (10^12 M_sol)
 rcut:17.63(") 100.00(kpc)
 vdisp:125.56(km/s) b0:0.6820
 rc:1.17(") 6.62(kpc)
 rt:17.63(") 100.00(kpc)
 r_ct:0.0000 r_cr:0.0000
-------- Clump 2: PIEMD Kovner, truncated
 Total mass: 6.189252(cor) 5.266457 (10^12 M_sol)
 rcut:17.63(") 100.00(kpc)
 vdisp:226.08(km/s) b0:2.2110
 rc:1.12(") 6.37(kpc)
 rt:17.63(") 100.00(kpc)
 r_ct:0.0000 r_cr:0.0000
-------- Clump 3: External shear and kappa 
 gamma:0.7985
 kappa:0.0000
