runmode
	reference	3 41.369800 -53.029464 41.369800 -53.029464
	image	1 arcs.dat
	mass	3 2000 0.300000 mass3.fits
	end
grid
	number		128
	polar		0
	nlens	3
	end
source
	z_source	0.310000
	end
image
	newton		1
	end
potential
0
	profile		81
	x_centre	0.000000
	y_centre	0.000000
	ellipticity	0.213252
	angle_pos	-6.498709
	core_radius	0.597246
	core_radius_kpc	2.660318
	cut_radius	22.450177
	cut_radius_kpc	100.000000
	v_disp		181.167488
	z_lens		0.300000
	end
potential
1
	profile		81
	x_centre	1.194678
	y_centre	-0.795960
	ellipticity	0.385322
	angle_pos	-21.711315
	core_radius	9.975493
	core_radius_kpc	44.433917
	cut_radius	22.450177
	cut_radius_kpc	100.000000
	v_disp		222.953246
	z_lens		0.300000
	end
potential
2
	profile		14
	gamma	0.736600
	angle_pos	-24.560300
	kappa	0.000000
	z_lens		0.300000
	end
cline
	nplan		1 4.500000 
	dmax		100.000000
	algorithm		MARCHINGSQUARES
	connect		1
	limitHigh		0.200000
	limitLow		0.050000
	end
grande
	iso	0 0 0.000000 0.000000 0.000000
	name	best
	profile	0 0
	contour	1 0
	large_dist	0.300000
	end
cosmology
	model	1
	H0	70.000000
	omegaM	0.300000
	omegaX	0.700000
	omegaK	0.000000
	wX	-1.000000
	wa	0.000000
	kcourb	0.000000
	end
field
	xmin	-20.000000
	xmax	20.000000
	ymin	-20.000000
	ymax	20.000000
	end
finish
For z_s = 0.3100  DLS/DS:0.0298
DLS:0.0065(lt) 27.96(Mpc) DOS:0.2194(lt) 939.72(Mpc)
DOL:0.2145(lt) 918.77(Mpc) DOL_lum:0.3626(lt) 1552.72(Mpc)
Mcrit:6.081141e-02 (10^12 Msol/kpc^2)
Conversion Factor @ z = 0.300000, 1 arcsec == 4.454 kpc
Number of Clumps: 3
-------- Clump 1: PIEMD Kovner, truncated
 Total mass: 3.974563(cor) 3.504312 (10^12 M_sol)
 rcut:22.45(") 100.00(kpc)
 vdisp:181.17(km/s) b0:1.4199
 rc:0.60(") 2.66(kpc)
 rt:22.45(") 100.00(kpc)
 r_ct:0.0000 r_cr:0.0000
-------- Clump 2: PIEMD Kovner, truncated
 Total mass: 6.019444(cor) 3.772274 (10^12 M_sol)
 rcut:22.45(") 100.00(kpc)
 vdisp:222.95(km/s) b0:2.1504
 rc:9.98(") 44.43(kpc)
 rt:22.45(") 100.00(kpc)
 r_ct:0.0000 r_cr:0.0000
-------- Clump 3: External shear and kappa 
 gamma:0.7366
 kappa:0.0000
