runmode
	reference	3 328.403397 17.695439 328.403397 17.695439
	image	1 mul_MUSE.cat
	end
grille
	nombre		100
	polaire		0
	nlentille	49
	end
image
	z_m_limit	 1 2.0 0 1.371  0.000  0.0000 
	z_m_limit	 1 8.0 0 1.486  0.000  0.0000 
	z_m_limit	 1 11.0 0 1.600  0.000  0.0000 
	newton		1
	end
potentiel
0
	profil		81
	x_centre	28.873822
	y_centre	15.532434
	ellipticite	0.671154
	angle_pos	214.901211
	core_radius	69.766562
	core_radius_kpc	257.184451
	cut_radius	542.541057
	cut_radius_kpc	2000.000000
	v_disp		1448.347891
	z_lens		0.231000
	end
potentiel
1
	profil		81
	x_centre	0.000000
	y_centre	0.000000
	ellipticite	0.288098
	angle_pos	30.524887
	core_radius	10.378302
	core_radius_kpc	38.258126
	cut_radius	28.837045
	cut_radius_kpc	106.303642
	v_disp		641.684112
	z_lens		0.231000
	end
potentiel
2
	profil		81
	x_centre	47.716000
	y_centre	14.175000
	ellipticite	0.268366
	angle_pos	213.317957
	core_radius	0.013564
	core_radius_kpc	0.050000
	cut_radius	50.492946
	cut_radius_kpc	186.135023
	v_disp		128.896230
	z_lens		0.231000
	end
potentiel
3
	profil		81
	x_centre	-15.083462
	y_centre	8.206960
	ellipticite	0.165377
	angle_pos	30.500000
	core_radius	0.022713
	core_radius_kpc	0.083728
	cut_radius	6.813890
	cut_radius_kpc	25.118431
	v_disp		123.531012
	mag		18.870000
	z_lens		0.231000
	end
potentiel
4
	profil		81
	x_centre	-10.436261
	y_centre	-21.482240
	ellipticite	0.201727
	angle_pos	77.100000
	core_radius	0.036633
	core_radius_kpc	0.135043
	cut_radius	10.989935
	cut_radius_kpc	40.512824
	v_disp		156.883041
	mag		17.832000
	z_lens		0.231000
	end
potentiel
5
	profil		81
	x_centre	23.316478
	y_centre	7.220200
	ellipticite	0.197447
	angle_pos	-83.400000
	core_radius	0.030330
	core_radius_kpc	0.111808
	cut_radius	9.099031
	cut_radius_kpc	33.542275
	v_disp		142.749961
	mag		18.242000
	z_lens		0.231000
	end
potentiel
6
	profil		81
	x_centre	76.216713
	y_centre	44.869720
	ellipticite	0.691458
	angle_pos	75.600000
	core_radius	0.030052
	core_radius_kpc	0.110783
	cut_radius	9.015610
	cut_radius_kpc	33.234757
	v_disp		142.094085
	mag		18.262000
	z_lens		0.231000
	end
potentiel
7
	profil		81
	x_centre	8.587767
	y_centre	-31.563680
	ellipticite	0.162429
	angle_pos	40.900000
	core_radius	0.029422
	core_radius_kpc	0.108460
	cut_radius	8.826634
	cut_radius_kpc	32.538124
	v_disp		140.596982
	mag		18.308000
	z_lens		0.231000
	end
potentiel
8
	profil		81
	x_centre	-23.458026
	y_centre	3.538120
	ellipticite	0.130284
	angle_pos	-77.000000
	core_radius	0.027257
	core_radius_kpc	0.100478
	cut_radius	8.177021
	cut_radius_kpc	30.143419
	v_disp		135.324366
	mag		18.474000
	z_lens		0.231000
	end
potentiel
9
	profil		81
	x_centre	31.849493
	y_centre	13.481320
	ellipticite	0.180221
	angle_pos	86.400000
	core_radius	0.026994
	core_radius_kpc	0.099511
	cut_radius	8.098324
	cut_radius_kpc	29.853312
	v_disp		134.671594
	mag		18.495000
	z_lens		0.231000
	end
potentiel
10
	profil		81
	x_centre	-12.728651
	y_centre	-19.562000
	ellipticite	0.064449
	angle_pos	-48.500000
	core_radius	0.026078
	core_radius_kpc	0.096133
	cut_radius	7.823393
	cut_radius_kpc	28.839818
	v_disp		132.365864
	mag		18.570000
	z_lens		0.231000
	end
potentiel
11
	profil		81
	x_centre	11.404211
	y_centre	29.031880
	ellipticite	0.201489
	angle_pos	83.600000
	core_radius	0.025827
	core_radius_kpc	0.095208
	cut_radius	7.748098
	cut_radius_kpc	28.562256
	v_disp		131.727364
	mag		18.591000
	z_lens		0.231000
	end
potentiel
12
	profil		81
	x_centre	45.321917
	y_centre	-16.953800
	ellipticite	0.011378
	angle_pos	-40.800000
	core_radius	0.025803
	core_radius_kpc	0.095120
	cut_radius	7.740965
	cut_radius_kpc	28.535962
	v_disp		131.666715
	mag		18.593000
	z_lens		0.231000
	end
potentiel
13
	profil		81
	x_centre	32.047728
	y_centre	30.127000
	ellipticite	0.434598
	angle_pos	31.300000
	core_radius	0.024551
	core_radius_kpc	0.090505
	cut_radius	7.365379
	cut_radius_kpc	27.151418
	v_disp		128.432814
	mag		18.701000
	z_lens		0.231000
	end
potentiel
14
	profil		81
	x_centre	19.777403
	y_centre	-34.240280
	ellipticite	0.114971
	angle_pos	1.600000
	core_radius	0.024450
	core_radius_kpc	0.090130
	cut_radius	7.334916
	cut_radius_kpc	27.039118
	v_disp		128.166935
	mag		18.710000
	z_lens		0.231000
	end
potentiel
15
	profil		81
	x_centre	-9.715688
	y_centre	-0.850640
	ellipticite	0.132551
	angle_pos	49.700000
	core_radius	0.024192
	core_radius_kpc	0.089181
	cut_radius	7.257635
	cut_radius_kpc	26.754234
	v_disp		127.489964
	mag		18.733000
	z_lens		0.231000
	end
potentiel
16
	profil		81
	x_centre	77.191768
	y_centre	-9.932720
	ellipticite	0.701102
	angle_pos	36.500000
	core_radius	0.023103
	core_radius_kpc	0.085167
	cut_radius	6.930988
	cut_radius_kpc	25.550095
	v_disp		124.587938
	mag		18.833000
	z_lens		0.231000
	end
potentiel
17
	profil		81
	x_centre	-34.367802
	y_centre	-35.727800
	ellipticite	0.144607
	angle_pos	9.300000
	core_radius	0.022206
	core_radius_kpc	0.081860
	cut_radius	6.661854
	cut_radius_kpc	24.557973
	v_disp		122.145086
	mag		18.919000
	z_lens		0.231000
	end
potentiel
18
	profil		81
	x_centre	-25.755904
	y_centre	10.264000
	ellipticite	0.220084
	angle_pos	-86.100000
	core_radius	0.019773
	core_radius_kpc	0.072891
	cut_radius	5.931918
	cut_radius_kpc	21.867167
	v_disp		115.259306
	mag		19.171000
	z_lens		0.231000
	end
potentiel
19
	profil		81
	x_centre	-12.387742
	y_centre	-35.078720
	ellipticite	0.125160
	angle_pos	-47.000000
	core_radius	0.019619
	core_radius_kpc	0.072322
	cut_radius	5.885659
	cut_radius_kpc	21.696642
	v_disp		114.809017
	mag		19.188000
	z_lens		0.231000
	end
potentiel
20
	profil		81
	x_centre	-22.410605
	y_centre	2.768800
	ellipticite	0.022660
	angle_pos	37.200000
	core_radius	0.018385
	core_radius_kpc	0.067775
	cut_radius	5.515630
	cut_radius_kpc	20.332581
	v_disp		111.141435
	mag		19.329000
	z_lens		0.231000
	end
potentiel
21
	profil		81
	x_centre	-9.095947
	y_centre	-1.958000
	ellipticite	0.109126
	angle_pos	73.100000
	core_radius	0.018293
	core_radius_kpc	0.067433
	cut_radius	5.487760
	cut_radius_kpc	20.229843
	v_disp		110.860287
	mag		19.340000
	z_lens		0.231000
	end
potentiel
22
	profil		81
	x_centre	20.774065
	y_centre	-35.733200
	ellipticite	0.183452
	angle_pos	4.800000
	core_radius	0.017526
	core_radius_kpc	0.064606
	cut_radius	5.257692
	cut_radius_kpc	19.381729
	v_disp		108.511558
	mag		19.433000
	z_lens		0.231000
	end
potentiel
23
	profil		81
	x_centre	43.764504
	y_centre	42.389680
	ellipticite	0.166004
	angle_pos	-68.300000
	core_radius	0.017397
	core_radius_kpc	0.064131
	cut_radius	5.219094
	cut_radius_kpc	19.239444
	v_disp		108.112522
	mag		19.449000
	z_lens		0.231000
	end
potentiel
24
	profil		81
	x_centre	69.601912
	y_centre	15.391840
	ellipticite	0.125891
	angle_pos	83.500000
	core_radius	0.017309
	core_radius_kpc	0.063807
	cut_radius	5.192723
	cut_radius_kpc	19.142229
	v_disp		107.839037
	mag		19.460000
	z_lens		0.231000
	end
potentiel
25
	profil		81
	x_centre	27.545259
	y_centre	40.212400
	ellipticite	0.122903
	angle_pos	-4.400000
	core_radius	0.016962
	core_radius_kpc	0.062528
	cut_radius	5.088563
	cut_radius_kpc	18.758258
	v_disp		106.751995
	mag		19.504000
	z_lens		0.231000
	end
potentiel
26
	profil		81
	x_centre	1.241760
	y_centre	11.053840
	ellipticite	0.108767
	angle_pos	26.800000
	core_radius	0.015991
	core_radius_kpc	0.058948
	cut_radius	4.797281
	cut_radius_kpc	17.684489
	v_disp		103.651597
	mag		19.632000
	z_lens		0.231000
	end
potentiel
27
	profil		81
	x_centre	-21.828248
	y_centre	21.964360
	ellipticite	0.171522
	angle_pos	-34.800000
	core_radius	0.015764
	core_radius_kpc	0.058113
	cut_radius	4.729281
	cut_radius_kpc	17.433818
	v_disp		102.914365
	mag		19.663000
	z_lens		0.231000
	end
potentiel
28
	profil		81
	x_centre	52.404868
	y_centre	4.897480
	ellipticite	0.085397
	angle_pos	-68.400000
	core_radius	0.015384
	core_radius_kpc	0.056712
	cut_radius	4.615249
	cut_radius_kpc	17.013455
	v_disp		101.666062
	mag		19.716000
	z_lens		0.231000
	end
potentiel
29
	profil		81
	x_centre	16.838177
	y_centre	4.614880
	ellipticite	0.495197
	angle_pos	57.500000
	core_radius	0.014584
	core_radius_kpc	0.053761
	cut_radius	4.375172
	cut_radius_kpc	16.128446
	v_disp		98.986507
	mag		19.832000
	z_lens		0.231000
	end
potentiel
30
	profil		81
	x_centre	-13.921490
	y_centre	-7.303640
	ellipticite	0.076682
	angle_pos	71.700000
	core_radius	0.014245
	core_radius_kpc	0.052514
	cut_radius	4.273612
	cut_radius_kpc	15.754061
	v_disp		97.830889
	mag		19.883000
	z_lens		0.231000
	end
potentiel
31
	profil		81
	x_centre	43.111838
	y_centre	45.302080
	ellipticite	0.045802
	angle_pos	-53.000000
	core_radius	0.014134
	core_radius_kpc	0.052104
	cut_radius	4.240286
	cut_radius_kpc	15.631207
	v_disp		97.448689
	mag		19.900000
	z_lens		0.231000
	end
potentiel
32
	profil		81
	x_centre	41.935119
	y_centre	-1.667480
	ellipticite	0.092111
	angle_pos	42.100000
	core_radius	0.013430
	core_radius_kpc	0.049508
	cut_radius	4.028980
	cut_radius_kpc	14.852259
	v_disp		94.989587
	mag		20.011000
	z_lens		0.231000
	end
potentiel
33
	profil		81
	x_centre	4.296223
	y_centre	-20.329520
	ellipticite	0.310769
	angle_pos	-69.500000
	core_radius	0.013356
	core_radius_kpc	0.049235
	cut_radius	4.006777
	cut_radius_kpc	14.770409
	v_disp		94.727483
	mag		20.023000
	z_lens		0.231000
	end
potentiel
34
	profil		81
	x_centre	-14.460634
	y_centre	-21.232760
	ellipticite	0.111883
	angle_pos	-69.400000
	core_radius	0.012891
	core_radius_kpc	0.047519
	cut_radius	3.867187
	cut_radius_kpc	14.255830
	v_disp		93.062775
	mag		20.100000
	z_lens		0.231000
	end
potentiel
35
	profil		81
	x_centre	67.444307
	y_centre	26.166280
	ellipticite	0.125434
	angle_pos	-25.200000
	core_radius	0.012339
	core_radius_kpc	0.045485
	cut_radius	3.701648
	cut_radius_kpc	13.645596
	v_disp		91.049172
	mag		20.195000
	z_lens		0.231000
	end
potentiel
36
	profil		81
	x_centre	17.986430
	y_centre	0.653440
	ellipticite	0.095023
	angle_pos	67.400000
	core_radius	0.012322
	core_radius_kpc	0.045423
	cut_radius	3.696538
	cut_radius_kpc	13.626757
	v_disp		90.986299
	mag		20.198000
	z_lens		0.231000
	end
potentiel
37
	profil		81
	x_centre	-4.391813
	y_centre	-0.729320
	ellipticite	0.126681
	angle_pos	9.800000
	core_radius	0.012091
	core_radius_kpc	0.044573
	cut_radius	3.627397
	cut_radius_kpc	13.371881
	v_disp		90.131376
	mag		20.239000
	z_lens		0.231000
	end
potentiel
38
	profil		81
	x_centre	32.606421
	y_centre	3.990280
	ellipticite	0.082450
	angle_pos	-66.500000
	core_radius	0.011997
	core_radius_kpc	0.044225
	cut_radius	3.599110
	cut_radius_kpc	13.267604
	v_disp		89.779256
	mag		20.256000
	z_lens		0.231000
	end
potentiel
39
	profil		81
	x_centre	35.441728
	y_centre	-0.031640
	ellipticite	0.020777
	angle_pos	14.400000
	core_radius	0.011099
	core_radius_kpc	0.040914
	cut_radius	3.329623
	cut_radius_kpc	12.274181
	v_disp		86.352716
	mag		20.425000
	z_lens		0.231000
	end
potentiel
40
	profil		81
	x_centre	22.093115
	y_centre	11.295400
	ellipticite	0.327175
	angle_pos	43.000000
	core_radius	0.010742
	core_radius_kpc	0.039598
	cut_radius	3.222516
	cut_radius_kpc	11.879346
	v_disp		84.952468
	mag		20.496000
	z_lens		0.231000
	end
potentiel
41
	profil		81
	x_centre	40.869178
	y_centre	-29.607080
	ellipticite	0.520926
	angle_pos	51.000000
	core_radius	0.010039
	core_radius_kpc	0.037006
	cut_radius	3.011585
	cut_radius_kpc	11.101777
	v_disp		82.125117
	mag		20.643000
	z_lens		0.231000
	end
potentiel
42
	profil		81
	x_centre	55.057031
	y_centre	20.219440
	ellipticite	0.028103
	angle_pos	38.100000
	core_radius	0.009684
	core_radius_kpc	0.035700
	cut_radius	2.905328
	cut_radius_kpc	10.710075
	v_disp		80.663303
	mag		20.721000
	z_lens		0.231000
	end
potentiel
43
	profil		81
	x_centre	-14.190376
	y_centre	47.928280
	ellipticite	0.059615
	angle_pos	27.600000
	core_radius	0.009560
	core_radius_kpc	0.035243
	cut_radius	2.868106
	cut_radius_kpc	10.572861
	v_disp		80.144920
	mag		20.749000
	z_lens		0.231000
	end
potentiel
44
	profil		81
	x_centre	7.766361
	y_centre	0.200920
	ellipticite	0.028655
	angle_pos	34.300000
	core_radius	0.009338
	core_radius_kpc	0.034425
	cut_radius	2.801529
	cut_radius_kpc	10.327436
	v_disp		79.209268
	mag		20.800000
	z_lens		0.231000
	end
potentiel
45
	profil		81
	x_centre	57.575093
	y_centre	19.522120
	ellipticite	0.354759
	angle_pos	72.200000
	core_radius	0.009270
	core_radius_kpc	0.034172
	cut_radius	2.780962
	cut_radius_kpc	10.251620
	v_disp		78.917987
	mag		20.816000
	z_lens		0.231000
	end
potentiel
46
	profil		81
	x_centre	22.328734
	y_centre	22.903600
	ellipticite	0.294679
	angle_pos	67.400000
	core_radius	0.009059
	core_radius_kpc	0.033394
	cut_radius	2.717660
	cut_radius_kpc	10.018265
	v_disp		78.014620
	mag		20.866000
	z_lens		0.231000
	end
potentiel
47
	profil		81
	x_centre	53.585360
	y_centre	12.900640
	ellipticite	0.161207
	angle_pos	61.000000
	core_radius	0.008861
	core_radius_kpc	0.032664
	cut_radius	2.658246
	cut_radius_kpc	9.799243
	v_disp		77.157118
	mag		20.914000
	z_lens		0.231000
	end
potentiel
48
	profil		81
	x_centre	-15.501538
	y_centre	40.642600
	ellipticite	0.055956
	angle_pos	-30.700000
	core_radius	0.004867
	core_radius_kpc	0.017942
	cut_radius	1.460142
	cut_radius_kpc	5.382605
	v_disp		57.184193
	mag		22.215000
	z_lens		0.231000
	end
cline
	nplan		1 1.036000 
	dmax		0.000000
	algorithm		MARCHINGSQUARES
	limitHigh		1.000000
	limitLow		0.200000
	end
grande
	iso	0 0 0.000000 0.000000 0.000000
	name	best
	profil	0 0
	contour	1 0
	large_dist	0.300000
	end
cosmologie
	model	1
	H0	70.000000
	omegaM	0.300000
	omegaX	0.700000
	omegaK	0.000000
	wX	-1.000000
	wa	0.000000
	kcourb	0.000000
	end
champ
	xmin	-70.000000
	xmax	70.000000
	ymin	-70.000000
	ymax	70.000000
	end
fini
For z_s = 0.8000  DLS/DS:0.6642
DLS:0.2402(lt) 1028.70(Mpc) DOS:0.3616(lt) 1548.71(Mpc)
DOL:0.1775(lt) 760.37(Mpc) DOL_lum:0.2690(lt) 1152.23(Mpc)
Mcrit:3.292001e-03 (10^12 Msol/kpc^2)
Conversion Factor @ z = 0.231000, 1 arcsec == 3.686 kpc
Number of Clumps: 49
-------- Clump 1: PIEMD Kovner, truncated
 Total mass: 5080.478211(cor) 4074.586963 (10^12 M_sol)
 rcut:542.54(") 2000.00(kpc)
 vdisp:1448.35(km/s) b0:90.7466
 rc:69.77(") 257.18(kpc)
 rt:542.54(") 2000.00(kpc)
 r_ct:0.0000 r_cr:0.0000
-------- Clump 2: PIEMD Kovner, truncated
 Total mass: 53.005329(cor) 35.280138 (10^12 M_sol)
 rcut:28.84(") 106.30(kpc)
 vdisp:641.68(km/s) b0:17.8126
 rc:10.38(") 38.26(kpc)
 rt:28.84(") 106.30(kpc)
 r_ct:0.0000 r_cr:0.0000
-------- Clump 3: PIEMD Kovner, truncated
 Total mass: 3.744875(cor) 3.388728 (10^12 M_sol)
 rcut:50.49(") 186.14(kpc)
 vdisp:128.90(km/s) b0:0.7187
 rc:0.01(") 0.05(kpc)
 rt:50.49(") 186.14(kpc)
 r_ct:0.0000 r_cr:0.0000
-------- Clump 4: PIEMD Kovner, truncated
 Total mass: 0.464166(cor) 0.418740 (10^12 M_sol)
 rcut:6.81(") 25.12(kpc)
 vdisp:123.53(km/s) b0:0.6601
 rc:0.02(") 0.08(kpc)
 rt:6.81(") 25.12(kpc)
 r_ct:0.0000 r_cr:0.0000
-------- Clump 5: PIEMD Kovner, truncated
 Total mass: 1.207462(cor) 1.089292 (10^12 M_sol)
 rcut:10.99(") 40.51(kpc)
 vdisp:156.88(km/s) b0:1.0647
 rc:0.04(") 0.14(kpc)
 rt:10.99(") 40.51(kpc)
 r_ct:0.0000 r_cr:0.0000
-------- Clump 6: PIEMD Kovner, truncated
 Total mass: 0.827701(cor) 0.746697 (10^12 M_sol)
 rcut:9.10(") 33.54(kpc)
 vdisp:142.75(km/s) b0:0.8815
 rc:0.03(") 0.11(kpc)
 rt:9.10(") 33.54(kpc)
 r_ct:0.0000 r_cr:0.0000
-------- Clump 7: PIEMD Kovner, truncated
 Total mass: 0.812593(cor) 0.733068 (10^12 M_sol)
 rcut:9.02(") 33.23(kpc)
 vdisp:142.09(km/s) b0:0.8734
 rc:0.03(") 0.11(kpc)
 rt:9.02(") 33.23(kpc)
 r_ct:0.0000 r_cr:0.0000
-------- Clump 8: PIEMD Kovner, truncated
 Total mass: 0.778885(cor) 0.702658 (10^12 M_sol)
 rcut:8.83(") 32.54(kpc)
 vdisp:140.60(km/s) b0:0.8551
 rc:0.03(") 0.11(kpc)
 rt:8.83(") 32.54(kpc)
 r_ct:0.0000 r_cr:0.0000
-------- Clump 9: PIEMD Kovner, truncated
 Total mass: 0.668457(cor) 0.603037 (10^12 M_sol)
 rcut:8.18(") 30.14(kpc)
 vdisp:135.32(km/s) b0:0.7922
 rc:0.03(") 0.10(kpc)
 rt:8.18(") 30.14(kpc)
 r_ct:0.0000 r_cr:0.0000
-------- Clump 10: PIEMD Kovner, truncated
 Total mass: 0.655652(cor) 0.591486 (10^12 M_sol)
 rcut:8.10(") 29.85(kpc)
 vdisp:134.67(km/s) b0:0.7846
 rc:0.03(") 0.10(kpc)
 rt:8.10(") 29.85(kpc)
 r_ct:0.0000 r_cr:0.0000
-------- Clump 11: PIEMD Kovner, truncated
 Total mass: 0.611890(cor) 0.552006 (10^12 M_sol)
 rcut:7.82(") 28.84(kpc)
 vdisp:132.37(km/s) b0:0.7579
 rc:0.03(") 0.10(kpc)
 rt:7.82(") 28.84(kpc)
 r_ct:0.0000 r_cr:0.0000
-------- Clump 12: PIEMD Kovner, truncated
 Total mass: 0.600169(cor) 0.541432 (10^12 M_sol)
 rcut:7.75(") 28.56(kpc)
 vdisp:131.73(km/s) b0:0.7506
 rc:0.03(") 0.10(kpc)
 rt:7.75(") 28.56(kpc)
 r_ct:0.0000 r_cr:0.0000
-------- Clump 13: PIEMD Kovner, truncated
 Total mass: 0.599064(cor) 0.540436 (10^12 M_sol)
 rcut:7.74(") 28.54(kpc)
 vdisp:131.67(km/s) b0:0.7500
 rc:0.03(") 0.10(kpc)
 rt:7.74(") 28.54(kpc)
 r_ct:0.0000 r_cr:0.0000
-------- Clump 14: PIEMD Kovner, truncated
 Total mass: 0.542342(cor) 0.489265 (10^12 M_sol)
 rcut:7.37(") 27.15(kpc)
 vdisp:128.43(km/s) b0:0.7136
 rc:0.02(") 0.09(kpc)
 rt:7.37(") 27.15(kpc)
 r_ct:0.0000 r_cr:0.0000
-------- Clump 15: PIEMD Kovner, truncated
 Total mass: 0.537865(cor) 0.485226 (10^12 M_sol)
 rcut:7.33(") 27.04(kpc)
 vdisp:128.17(km/s) b0:0.7106
 rc:0.02(") 0.09(kpc)
 rt:7.33(") 27.04(kpc)
 r_ct:0.0000 r_cr:0.0000
-------- Clump 16: PIEMD Kovner, truncated
 Total mass: 0.526591(cor) 0.475055 (10^12 M_sol)
 rcut:7.26(") 26.75(kpc)
 vdisp:127.49(km/s) b0:0.7031
 rc:0.02(") 0.09(kpc)
 rt:7.26(") 26.75(kpc)
 r_ct:0.0000 r_cr:0.0000
-------- Clump 17: PIEMD Kovner, truncated
 Total mass: 0.480257(cor) 0.433256 (10^12 M_sol)
 rcut:6.93(") 25.55(kpc)
 vdisp:124.59(km/s) b0:0.6715
 rc:0.02(") 0.09(kpc)
 rt:6.93(") 25.55(kpc)
 r_ct:0.0000 r_cr:0.0000
-------- Clump 18: PIEMD Kovner, truncated
 Total mass: 0.443684(cor) 0.400262 (10^12 M_sol)
 rcut:6.66(") 24.56(kpc)
 vdisp:122.15(km/s) b0:0.6454
 rc:0.02(") 0.08(kpc)
 rt:6.66(") 24.56(kpc)
 r_ct:0.0000 r_cr:0.0000
-------- Clump 19: PIEMD Kovner, truncated
 Total mass: 0.351782(cor) 0.317354 (10^12 M_sol)
 rcut:5.93(") 21.87(kpc)
 vdisp:115.26(km/s) b0:0.5747
 rc:0.02(") 0.07(kpc)
 rt:5.93(") 21.87(kpc)
 r_ct:0.0000 r_cr:0.0000
-------- Clump 20: PIEMD Kovner, truncated
 Total mass: 0.346317(cor) 0.312424 (10^12 M_sol)
 rcut:5.89(") 21.70(kpc)
 vdisp:114.81(km/s) b0:0.5702
 rc:0.02(") 0.07(kpc)
 rt:5.89(") 21.70(kpc)
 r_ct:0.0000 r_cr:0.0000
-------- Clump 21: PIEMD Kovner, truncated
 Total mass: 0.304140(cor) 0.274375 (10^12 M_sol)
 rcut:5.52(") 20.33(kpc)
 vdisp:111.14(km/s) b0:0.5344
 rc:0.02(") 0.07(kpc)
 rt:5.52(") 20.33(kpc)
 r_ct:0.0000 r_cr:0.0000
-------- Clump 22: PIEMD Kovner, truncated
 Total mass: 0.301074(cor) 0.271609 (10^12 M_sol)
 rcut:5.49(") 20.23(kpc)
 vdisp:110.86(km/s) b0:0.5317
 rc:0.02(") 0.07(kpc)
 rt:5.49(") 20.23(kpc)
 r_ct:0.0000 r_cr:0.0000
-------- Clump 23: PIEMD Kovner, truncated
 Total mass: 0.276359(cor) 0.249313 (10^12 M_sol)
 rcut:5.26(") 19.38(kpc)
 vdisp:108.51(km/s) b0:0.5094
 rc:0.02(") 0.06(kpc)
 rt:5.26(") 19.38(kpc)
 r_ct:0.0000 r_cr:0.0000
-------- Clump 24: PIEMD Kovner, truncated
 Total mass: 0.272316(cor) 0.245665 (10^12 M_sol)
 rcut:5.22(") 19.24(kpc)
 vdisp:108.11(km/s) b0:0.5056
 rc:0.02(") 0.06(kpc)
 rt:5.22(") 19.24(kpc)
 r_ct:0.0000 r_cr:0.0000
-------- Clump 25: PIEMD Kovner, truncated
 Total mass: 0.269571(cor) 0.243189 (10^12 M_sol)
 rcut:5.19(") 19.14(kpc)
 vdisp:107.84(km/s) b0:0.5031
 rc:0.02(") 0.06(kpc)
 rt:5.19(") 19.14(kpc)
 r_ct:0.0000 r_cr:0.0000
-------- Clump 26: PIEMD Kovner, truncated
 Total mass: 0.258865(cor) 0.233531 (10^12 M_sol)
 rcut:5.09(") 18.76(kpc)
 vdisp:106.75(km/s) b0:0.4930
 rc:0.02(") 0.06(kpc)
 rt:5.09(") 18.76(kpc)
 r_ct:0.0000 r_cr:0.0000
-------- Clump 27: PIEMD Kovner, truncated
 Total mass: 0.230077(cor) 0.207560 (10^12 M_sol)
 rcut:4.80(") 17.68(kpc)
 vdisp:103.65(km/s) b0:0.4648
 rc:0.02(") 0.06(kpc)
 rt:4.80(") 17.68(kpc)
 r_ct:0.0000 r_cr:0.0000
-------- Clump 28: PIEMD Kovner, truncated
 Total mass: 0.223601(cor) 0.201718 (10^12 M_sol)
 rcut:4.73(") 17.43(kpc)
 vdisp:102.91(km/s) b0:0.4582
 rc:0.02(") 0.06(kpc)
 rt:4.73(") 17.43(kpc)
 r_ct:0.0000 r_cr:0.0000
-------- Clump 29: PIEMD Kovner, truncated
 Total mass: 0.212948(cor) 0.192107 (10^12 M_sol)
 rcut:4.62(") 17.01(kpc)
 vdisp:101.67(km/s) b0:0.4471
 rc:0.02(") 0.06(kpc)
 rt:4.62(") 17.01(kpc)
 r_ct:0.0000 r_cr:0.0000
-------- Clump 30: PIEMD Kovner, truncated
 Total mass: 0.191370(cor) 0.172641 (10^12 M_sol)
 rcut:4.38(") 16.13(kpc)
 vdisp:98.99(km/s) b0:0.4239
 rc:0.01(") 0.05(kpc)
 rt:4.38(") 16.13(kpc)
 r_ct:0.0000 r_cr:0.0000
-------- Clump 31: PIEMD Kovner, truncated
 Total mass: 0.182588(cor) 0.164719 (10^12 M_sol)
 rcut:4.27(") 15.75(kpc)
 vdisp:97.83(km/s) b0:0.4140
 rc:0.01(") 0.05(kpc)
 rt:4.27(") 15.75(kpc)
 r_ct:0.0000 r_cr:0.0000
-------- Clump 32: PIEMD Kovner, truncated
 Total mass: 0.179752(cor) 0.162160 (10^12 M_sol)
 rcut:4.24(") 15.63(kpc)
 vdisp:97.45(km/s) b0:0.4108
 rc:0.01(") 0.05(kpc)
 rt:4.24(") 15.63(kpc)
 r_ct:0.0000 r_cr:0.0000
-------- Clump 33: PIEMD Kovner, truncated
 Total mass: 0.162283(cor) 0.146401 (10^12 M_sol)
 rcut:4.03(") 14.85(kpc)
 vdisp:94.99(km/s) b0:0.3903
 rc:0.01(") 0.05(kpc)
 rt:4.03(") 14.85(kpc)
 r_ct:0.0000 r_cr:0.0000
-------- Clump 34: PIEMD Kovner, truncated
 Total mass: 0.160499(cor) 0.144792 (10^12 M_sol)
 rcut:4.01(") 14.77(kpc)
 vdisp:94.73(km/s) b0:0.3882
 rc:0.01(") 0.05(kpc)
 rt:4.01(") 14.77(kpc)
 r_ct:0.0000 r_cr:0.0000
-------- Clump 35: PIEMD Kovner, truncated
 Total mass: 0.149511(cor) 0.134879 (10^12 M_sol)
 rcut:3.87(") 14.26(kpc)
 vdisp:93.06(km/s) b0:0.3747
 rc:0.01(") 0.05(kpc)
 rt:3.87(") 14.26(kpc)
 r_ct:0.0000 r_cr:0.0000
-------- Clump 36: PIEMD Kovner, truncated
 Total mass: 0.136985(cor) 0.123579 (10^12 M_sol)
 rcut:3.70(") 13.65(kpc)
 vdisp:91.05(km/s) b0:0.3586
 rc:0.01(") 0.05(kpc)
 rt:3.70(") 13.65(kpc)
 r_ct:0.0000 r_cr:0.0000
-------- Clump 37: PIEMD Kovner, truncated
 Total mass: 0.136607(cor) 0.123238 (10^12 M_sol)
 rcut:3.70(") 13.63(kpc)
 vdisp:90.99(km/s) b0:0.3581
 rc:0.01(") 0.05(kpc)
 rt:3.70(") 13.63(kpc)
 r_ct:0.0000 r_cr:0.0000
-------- Clump 38: PIEMD Kovner, truncated
 Total mass: 0.131545(cor) 0.118671 (10^12 M_sol)
 rcut:3.63(") 13.37(kpc)
 vdisp:90.13(km/s) b0:0.3514
 rc:0.01(") 0.04(kpc)
 rt:3.63(") 13.37(kpc)
 r_ct:0.0000 r_cr:0.0000
-------- Clump 39: PIEMD Kovner, truncated
 Total mass: 0.129501(cor) 0.116827 (10^12 M_sol)
 rcut:3.60(") 13.27(kpc)
 vdisp:89.78(km/s) b0:0.3487
 rc:0.01(") 0.04(kpc)
 rt:3.60(") 13.27(kpc)
 r_ct:0.0000 r_cr:0.0000
-------- Clump 40: PIEMD Kovner, truncated
 Total mass: 0.110834(cor) 0.099987 (10^12 M_sol)
 rcut:3.33(") 12.27(kpc)
 vdisp:86.35(km/s) b0:0.3226
 rc:0.01(") 0.04(kpc)
 rt:3.33(") 12.27(kpc)
 r_ct:0.0000 r_cr:0.0000
-------- Clump 41: PIEMD Kovner, truncated
 Total mass: 0.103818(cor) 0.093658 (10^12 M_sol)
 rcut:3.22(") 11.88(kpc)
 vdisp:84.95(km/s) b0:0.3122
 rc:0.01(") 0.04(kpc)
 rt:3.22(") 11.88(kpc)
 r_ct:0.0000 r_cr:0.0000
-------- Clump 42: PIEMD Kovner, truncated
 Total mass: 0.090672(cor) 0.081798 (10^12 M_sol)
 rcut:3.01(") 11.10(kpc)
 vdisp:82.13(km/s) b0:0.2918
 rc:0.01(") 0.04(kpc)
 rt:3.01(") 11.10(kpc)
 r_ct:0.0000 r_cr:0.0000
-------- Clump 43: PIEMD Kovner, truncated
 Total mass: 0.084387(cor) 0.076128 (10^12 M_sol)
 rcut:2.91(") 10.71(kpc)
 vdisp:80.66(km/s) b0:0.2815
 rc:0.01(") 0.04(kpc)
 rt:2.91(") 10.71(kpc)
 r_ct:0.0000 r_cr:0.0000
-------- Clump 44: PIEMD Kovner, truncated
 Total mass: 0.082238(cor) 0.074190 (10^12 M_sol)
 rcut:2.87(") 10.57(kpc)
 vdisp:80.14(km/s) b0:0.2779
 rc:0.01(") 0.04(kpc)
 rt:2.87(") 10.57(kpc)
 r_ct:0.0000 r_cr:0.0000
-------- Clump 45: PIEMD Kovner, truncated
 Total mass: 0.078465(cor) 0.070785 (10^12 M_sol)
 rcut:2.80(") 10.33(kpc)
 vdisp:79.21(km/s) b0:0.2714
 rc:0.01(") 0.03(kpc)
 rt:2.80(") 10.33(kpc)
 r_ct:0.0000 r_cr:0.0000
-------- Clump 46: PIEMD Kovner, truncated
 Total mass: 0.077317(cor) 0.069750 (10^12 M_sol)
 rcut:2.78(") 10.25(kpc)
 vdisp:78.92(km/s) b0:0.2694
 rc:0.01(") 0.03(kpc)
 rt:2.78(") 10.25(kpc)
 r_ct:0.0000 r_cr:0.0000
-------- Clump 47: PIEMD Kovner, truncated
 Total mass: 0.073837(cor) 0.066611 (10^12 M_sol)
 rcut:2.72(") 10.02(kpc)
 vdisp:78.01(km/s) b0:0.2633
 rc:0.01(") 0.03(kpc)
 rt:2.72(") 10.02(kpc)
 r_ct:0.0000 r_cr:0.0000
-------- Clump 48: PIEMD Kovner, truncated
 Total mass: 0.070644(cor) 0.063730 (10^12 M_sol)
 rcut:2.66(") 9.80(kpc)
 vdisp:77.16(km/s) b0:0.2575
 rc:0.01(") 0.03(kpc)
 rt:2.66(") 9.80(kpc)
 r_ct:0.0000 r_cr:0.0000
-------- Clump 49: PIEMD Kovner, truncated
 Total mass: 0.021314(cor) 0.019228 (10^12 M_sol)
 rcut:1.46(") 5.38(kpc)
 vdisp:57.18(km/s) b0:0.1415
 rc:0.00(") 0.02(kpc)
 rt:1.46(") 5.38(kpc)
 r_ct:0.0000 r_cr:0.0000
