runmode
	reference	3 99.7096368 -53.9831289 99.709637 -53.983129
	inverse	3 0.500000 400
	end
image
	multfile	1 arcs.dat
	newton		1
	forme		-1
	mult_wcs	1
	sigposArcsec		0.500000
	end
grille
	nombre		128
	polaire		0
	nlentille	1
	nlens_opt	1
	end
source
	z_source	0.236000
	end
potential	O1
0
	profile		81
	x_centre	0.000000
	y_centre	0.000000
	ellipticity	0.407222
	angle_pos	-66.136067
	core_radius_kpc	5.000000
	cut_radius_kpc	100.000000
	v_disp		100.000000
	z_lens		0.226000
	end
limit	O1
0
	x_centre	0 -5.000000 5.000000 0.000000
	y_centre	0 -5.000000 5.000000 0.000000
	ellipticity	1 0.000000 0.800000 0.000000
	angle_pos	1 -1.570796 1.570796 0.001745
	core_radius_kpc	1 0.010000 50.000000 0.010000
	v_disp		1 10.000000 500.000000 0.000000
	end
cline
	nplan		0
	dmax		40.000000
	algorithm		MARCHINGSQUARES
	limitHigh		10.000000
	limitLow		3.000000
	end
grande
	iso	0 0 0.000000 0.000000 0.000000
	name	best
	profile	0 0
	contour	1 0
	large_dist	0.300000
	end
cosmology
	model	1
	H0	70.000000
	omegaM	0.300000
	omegaX	0.700000
	omegaK	0.000000
	wX	-1.000000
	wa	0.000000
	kcourb	0.000000
	end
cosmolimit
	omegaM	0 0.000000 0.000000
	omegaX	0 0.000000 0.000000
	wX	0 0.000000 0.000000
	wa	0 0.000000 0.000000
	end
field
	xmin	-20.000000
	xmax	20.000000
	ymin	-20.000000
	ymax	20.000000
	end
finish
For z_s = 0.2360  DLS/DS:0.0400
DLS:0.0072(lt) 30.87(Mpc) DOS:0.1804(lt) 772.71(Mpc)
DOL:0.1746(lt) 747.88(Mpc) DOL_lum:0.2625(lt) 1124.13(Mpc)
Mcrit:5.564149e-02 (10^12 Msol/kpc^2)
Conversion Factor @ z = 0.226000, 1 arcsec == 3.626 kpc
Number of Clumps: 1
-------- Clump O1: PIEMD Kovner, truncated
 Total mass: 1.210957(cor) 1.043892 (10^12 M_sol)
 rcut:27.58(") 100.00(kpc)
 vdisp:100.00(km/s) b0:0.4326
 rc:1.38(") 5.00(kpc)
 rt:27.58(") 100.00(kpc)
 r_ct:0.0000 r_cr:0.0000
