runmode
	reference	3 43.572871 -58.946685 43.572871 -58.946685
	image	1 arcs.dat
	mass	3 2000 0.438000 mass3.fits
	end
grid
	number		128
	polar		0
	nlens	2
	end
source
	z_source	0.448000
	end
image
	newton		1
	end
potential
0
	profile		81
	x_centre	0.000000
	y_centre	0.000000
	ellipticity	0.482470
	angle_pos	-32.734418
	core_radius	2.951160
	core_radius_kpc	16.735009
	cut_radius	17.634648
	cut_radius_kpc	100.000000
	v_disp		327.571156
	z_lens		0.438000
	end
potential
1
	profile		81
	x_centre	-2.041223
	y_centre	-0.956160
	ellipticity	0.775951
	angle_pos	-32.741658
	core_radius	1.153403
	core_radius_kpc	6.540550
	cut_radius	17.634648
	cut_radius_kpc	100.000000
	v_disp		321.627256
	z_lens		0.438000
	end
cline
	nplan		1 4.500000 
	dmax		100.000000
	algorithm		MARCHINGSQUARES
	connect		1
	limitHigh		0.200000
	limitLow		0.050000
	end
grande
	iso	0 0 0.000000 0.000000 0.000000
	name	best
	profile	0 0
	contour	1 0
	large_dist	0.300000
	end
cosmology
	model	1
	H0	70.000000
	omegaM	0.300000
	omegaX	0.700000
	omegaK	0.000000
	wX	-1.000000
	wa	0.000000
	kcourb	0.000000
	end
field
	xmin	-20.000000
	xmax	20.000000
	ymin	-20.000000
	ymax	20.000000
	end
finish
For z_s = 0.4480  DLS/DS:0.0197
DLS:0.0055(lt) 23.37(Mpc) DOS:0.2767(lt) 1184.95(Mpc)
DOL:0.2731(lt) 1169.66(Mpc) DOL_lum:0.5647(lt) 2418.67(Mpc)
Mcrit:7.206769e-02 (10^12 Msol/kpc^2)
Conversion Factor @ z = 0.438000, 1 arcsec == 5.671 kpc
Number of Clumps: 2
-------- Clump 1: PIEMD Kovner, truncated
 Total mass: 12.993918(cor) 10.075232 (10^12 M_sol)
 rcut:17.63(") 100.00(kpc)
 vdisp:327.57(km/s) b0:4.6419
 rc:2.95(") 16.74(kpc)
 rt:17.63(") 100.00(kpc)
 r_ct:0.0000 r_cr:0.0000
-------- Clump 2: PIEMD Kovner, truncated
 Total mass: 12.526637(cor) 10.642303 (10^12 M_sol)
 rcut:17.63(") 100.00(kpc)
 vdisp:321.63(km/s) b0:4.4750
 rc:1.15(") 6.54(kpc)
 rt:17.63(") 100.00(kpc)
 r_ct:0.0000 r_cr:0.0000
