runmode
	reference	3 88.330692 -33.707542 88.330692 -33.707542
	image	1 arcs.dat
	mass	3 2000 0.411800 mass3.fits
	end
grid
	number		128
	polar		0
	nlens	1
	end
source
	z_source	0.421800
	end
image
	newton		1
	end
potential
0
	profile		81
	x_centre	-40.241000
	y_centre	-55.225000
	ellipticity	0.599286
	angle_pos	-43.992431
	core_radius	0.036143
	core_radius_kpc	0.197636
	cut_radius	18.287682
	cut_radius_kpc	100.000000
	v_disp		117.434528
	z_lens		0.411800
	end
cline
	nplan		1 4.500000 
	dmax		100.000000
	algorithm		MARCHINGSQUARES
	connect		1
	limitHigh		0.200000
	limitLow		0.050000
	end
grande
	iso	0 0 0.000000 0.000000 0.000000
	name	best
	profile	0 0
	contour	1 0
	large_dist	0.300000
	end
cosmology
	model	1
	H0	70.000000
	omegaM	0.300000
	omegaX	0.700000
	omegaK	0.000000
	wX	-1.000000
	wa	0.000000
	kcourb	0.000000
	end
field
	xmin	-100.000000
	xmax	100.000000
	ymin	-100.000000
	ymax	100.000000
	end
finish
For z_s = 0.4218  DLS/DS:0.0211
DLS:0.0056(lt) 24.17(Mpc) DOS:0.2671(lt) 1144.13(Mpc)
DOL:0.2634(lt) 1127.89(Mpc) DOL_lum:0.5249(lt) 2248.09(Mpc)
Mcrit:6.978111e-02 (10^12 Msol/kpc^2)
Conversion Factor @ z = 0.411800, 1 arcsec == 5.468 kpc
Number of Clumps: 1
-------- Clump 1: PIEMD Kovner, truncated
 Total mass: 1.670015(cor) 1.508617 (10^12 M_sol)
 rcut:18.29(") 100.00(kpc)
 vdisp:117.43(km/s) b0:0.5966
 rc:0.04(") 0.20(kpc)
 rt:18.29(") 100.00(kpc)
 r_ct:0.0000 r_cr:0.0000
