runmode
	reference	3 87.304253 -62.077565 87.304253 -62.077565
	image	1 arcs.dat
	mass	3 2000 0.375500 mass3.fits
	end
grid
	number		30
	polar		0
	nlens	4
	number		30
	polar		0
	nlens	3
	end
source
	z_source	0.385500
	end
image
	z_m_limit	 1 3.0 0 3.608  0.000  0.0000 
	newton		1
	end
potential
0
	profile		81
	x_centre	0.000000
	y_centre	0.000000
	ellipticity	0.769411
	angle_pos	36.767815
	core_radius	9.087019
	core_radius_kpc	46.951250
	cut_radius	19.354158
	cut_radius_kpc	100.000000
	v_disp		499.280331
	z_lens		0.375500
	end
potential
1
	profile		81
	x_centre	0.000000
	y_centre	0.000000
	ellipticity	0.756323
	angle_pos	27.637306
	core_radius	9.389764
	core_radius_kpc	48.515487
	cut_radius	19.354158
	cut_radius_kpc	100.000000
	v_disp		402.594228
	z_lens		0.375500
	end
potential
2
	profile		81
	x_centre	0.000000
	y_centre	0.000000
	ellipticity	0.139332
	angle_pos	-82.510000
	core_radius	0.023965
	core_radius_kpc	0.123826
	cut_radius	2.091035
	cut_radius_kpc	10.804062
	v_disp		252.704563
	mag		19.456400
	z_lens		0.375500
	core_radius	0.023965
	core_radius_kpc	0.123826
	cut_radius	10.667926
	cut_radius_kpc	55.119555
	v_disp		229.232658
	mag		19.456400
	z_lens		0.375500
	end
potential
3
	profile		81
	x_centre	1.917642
	y_centre	2.968183
	ellipticity	0.287728
	angle_pos	87.240000
	core_radius	0.016720
	core_radius_kpc	0.086392
	cut_radius	1.458886
	cut_radius_kpc	7.537843
	v_disp		211.078055
	mag		20.238100
	z_lens		0.375500
	core_radius	0.016720
	core_radius_kpc	0.086392
	cut_radius	7.442862
	cut_radius_kpc	38.456141
	v_disp		191.472536
	mag		20.238100
	z_lens		0.375500
	end
potential
4
	profile		81
	x_centre	0.005563
	y_centre	3.419280
	ellipticity	0.127302
	angle_pos	-0.390000
	core_radius	0.013209
	core_radius_kpc	0.068248
	cut_radius	1.152501
	cut_radius_kpc	5.954799
	v_disp		187.608747
	mag		20.750000
	z_lens		0.375500
	end
cline
	nplan		1 3.000000 
	dmax		100.000000
	algorithm		MARCHINGSQUARES
	connect		1
	limitHigh		0.200000
	limitLow		0.050000
	end
grande
	iso	0 0 0.000000 0.000000 0.000000
	name	best
	profile	0 0
	contour	1 0
	large_dist	0.300000
	end
cosmology
	model	1
	H0	70.000000
	omegaM	0.300000
	omegaX	0.700000
	omegaK	0.000000
	wX	-1.000000
	wa	0.000000
	kcourb	0.000000
	end
field
	xmin	-20.000000
	xmax	20.000000
	ymin	-20.000000
	ymax	20.000000
	end
finish
For z_s = 0.3855  DLS/DS:0.0234
DLS:0.0059(lt) 25.33(Mpc) DOS:0.2530(lt) 1083.38(Mpc)
DOL:0.2488(lt) 1065.74(Mpc) DOL_lum:0.4708(lt) 2016.38(Mpc)
Mcrit:6.672713e-02 (10^12 Msol/kpc^2)
Conversion Factor @ z = 0.375500, 1 arcsec == 5.167 kpc
Number of Clumps: 3
-------- Clump 1: PIEMD Kovner, truncated
 Total mass: 30.186845(cor) 18.593472 (10^12 M_sol)
 rcut:19.35(") 100.00(kpc)
 vdisp:499.28(km/s) b0:10.7838
 rc:9.09(") 46.95(kpc)
 rt:19.35(") 100.00(kpc)
 r_ct:0.0000 r_cr:0.0000
-------- Clump 2: PIEMD Kovner, truncated
 Total mass: 19.627451(cor) 11.962122 (10^12 M_sol)
 rcut:19.35(") 100.00(kpc)
 vdisp:402.59(km/s) b0:7.0116
 rc:9.39(") 48.52(kpc)
 rt:19.35(") 100.00(kpc)
 r_ct:0.0000 r_cr:0.0000
-------- Clump 3: PIEMD Kovner, truncated
 Total mass: 3.507418(cor) 3.167590 (10^12 M_sol)
 rcut:10.67(") 55.12(kpc)
 vdisp:229.23(km/s) b0:2.2732
 rc:0.02(") 0.12(kpc)
 rt:10.67(") 55.12(kpc)
 r_ct:0.0000 r_cr:0.0000
