runmode
	reference	3 328.389484 17.699358 328.389484 17.699358
	image	1 arcs.dat
	mass	3 2000 0.232900 mass3.fits
	end
grid
	number		128
	polar		0
	nlens	1
	end
source
	z_source	0.242900
	end
image
	newton		1
	end
potential
0
	profile		81
	x_centre	0.000000
	y_centre	0.000000
	ellipticity	0.139270
	angle_pos	-35.759436
	core_radius	1.539997
	core_radius_kpc	5.712113
	cut_radius	32.352236
	cut_radius_kpc	120.000000
	v_disp		317.324830
	z_lens		0.232900
	end
cline
	nplan		1 4.500000 
	dmax		100.000000
	algorithm		MARCHINGSQUARES
	connect		1
	limitHigh		0.200000
	limitLow		0.050000
	end
grande
	iso	0 0 0.000000 0.000000 0.000000
	name	best
	profile	0 0
	contour	1 0
	large_dist	0.300000
	end
cosmology
	model	1
	H0	70.000000
	omegaM	0.300000
	omegaX	0.700000
	omegaK	0.000000
	wX	-1.000000
	wa	0.000000
	kcourb	0.000000
	end
field
	xmin	-20.000000
	xmax	20.000000
	ymin	-20.000000
	ymax	20.000000
	end
finish
For z_s = 0.2429  DLS/DS:0.0387
DLS:0.0071(lt) 30.59(Mpc) DOS:0.1843(lt) 789.50(Mpc)
DOL:0.1786(lt) 765.07(Mpc) DOL_lum:0.2715(lt) 1162.94(Mpc)
Mcrit:5.609359e-02 (10^12 Msol/kpc^2)
Conversion Factor @ z = 0.232900, 1 arcsec == 3.709 kpc
Number of Clumps: 1
-------- Clump 1: PIEMD Kovner, truncated
 Total mass: 14.632488(cor) 12.642657 (10^12 M_sol)
 rcut:32.35(") 120.00(kpc)
 vdisp:317.32(km/s) b0:4.3560
 rc:1.54(") 5.71(kpc)
 rt:32.35(") 120.00(kpc)
 r_ct:0.0000 r_cr:0.0000
