runmode
	reference	3 28.164476 -13.968479 28.164476 -13.968479
	image	1 arcs.dat
	mass	3 2000 0.826900 mass3.fits
	end
grid
	number		128
	polar		0
	nlens	2
	end
source
	z_source	0.836900
	end
image
	newton		1
	end
potential
0
	profile		81
	x_centre	0.000000
	y_centre	0.000000
	ellipticity	0.700519
	angle_pos	-40.263884
	core_radius	1.942992
	core_radius_kpc	14.750351
	cut_radius	13.172514
	cut_radius_kpc	100.000000
	v_disp		342.457173
	z_lens		0.826900
	end
potential
1
	profile		81
	x_centre	-1.692567
	y_centre	-2.640784
	ellipticity	0.604098
	angle_pos	71.736315
	core_radius	1.002194
	core_radius_kpc	7.608221
	cut_radius	13.172514
	cut_radius_kpc	100.000000
	v_disp		326.923066
	z_lens		0.826900
	end
cline
	nplan		1 4.500000 
	dmax		100.000000
	algorithm		MARCHINGSQUARES
	connect		1
	limitHigh		0.200000
	limitLow		0.050000
	end
grande
	iso	0 0 0.000000 0.000000 0.000000
	name	best
	profile	0 0
	contour	1 0
	large_dist	0.300000
	end
cosmology
	model	1
	H0	70.000000
	omegaM	0.300000
	omegaX	0.700000
	omegaK	0.000000
	wX	-1.000000
	wa	0.000000
	kcourb	0.000000
	end
field
	xmin	-20.000000
	xmax	20.000000
	ymin	-20.000000
	ymax	20.000000
	end
finish
For z_s = 0.8369  DLS/DS:0.0093
DLS:0.0034(lt) 14.62(Mpc) DOS:0.3670(lt) 1571.97(Mpc)
DOL:0.3656(lt) 1565.87(Mpc) DOL_lum:1.2203(lt) 5226.20(Mpc)
Mcrit:1.141914e-01 (10^12 Msol/kpc^2)
Conversion Factor @ z = 0.826900, 1 arcsec == 7.592 kpc
Number of Clumps: 2
-------- Clump 1: PIEMD Kovner, truncated
 Total mass: 14.201733(cor) 11.202201 (10^12 M_sol)
 rcut:13.17(") 100.00(kpc)
 vdisp:342.46(km/s) b0:5.0734
 rc:1.94(") 14.75(kpc)
 rt:13.17(") 100.00(kpc)
 r_ct:0.0000 r_cr:0.0000
-------- Clump 2: PIEMD Kovner, truncated
 Total mass: 12.942553(cor) 10.886557 (10^12 M_sol)
 rcut:13.17(") 100.00(kpc)
 vdisp:326.92(km/s) b0:4.6236
 rc:1.00(") 7.61(kpc)
 rt:13.17(") 100.00(kpc)
 r_ct:0.0000 r_cr:0.0000
