runmode
	reference	3 203.854101 41.005056 203.854101 41.005056
	image	1 arcs.dat
	mass	3 2000 0.227900 mass3.fits
	end
grid
	number		128
	polar		0
	nlens	1
	end
source
	z_source	0.237900
	end
image
	newton		1
	end
potential
0
	profile		81
	x_centre	0.000000
	y_centre	0.000000
	ellipticity	0.740244
	angle_pos	-31.677332
	core_radius	0.261016
	core_radius_kpc	0.952426
	cut_radius	27.405383
	cut_radius_kpc	100.000000
	v_disp		211.802675
	z_lens		0.227900
	end
cline
	nplan		1 4.500000 
	dmax		100.000000
	algorithm		MARCHINGSQUARES
	connect		1
	limitHigh		0.200000
	limitLow		0.050000
	end
grande
	iso	0 0 0.000000 0.000000 0.000000
	name	best
	profile	0 0
	contour	1 0
	large_dist	0.300000
	end
cosmology
	model	1
	H0	70.000000
	omegaM	0.300000
	omegaX	0.700000
	omegaK	0.000000
	wX	-1.000000
	wa	0.000000
	kcourb	0.000000
	end
field
	xmin	-20.000000
	xmax	20.000000
	ymin	-20.000000
	ymax	20.000000
	end
finish
For z_s = 0.2379  DLS/DS:0.0396
DLS:0.0072(lt) 30.79(Mpc) DOS:0.1815(lt) 777.36(Mpc)
DOL:0.1757(lt) 752.64(Mpc) DOL_lum:0.2650(lt) 1134.79(Mpc)
Mcrit:5.576530e-02 (10^12 Msol/kpc^2)
Conversion Factor @ z = 0.227900, 1 arcsec == 3.649 kpc
Number of Clumps: 1
-------- Clump 1: PIEMD Kovner, truncated
 Total mass: 5.432399(cor) 4.870696 (10^12 M_sol)
 rcut:27.41(") 100.00(kpc)
 vdisp:211.80(km/s) b0:1.9407
 rc:0.26(") 0.95(kpc)
 rt:27.41(") 100.00(kpc)
 r_ct:0.0000 r_cr:0.0000
