runmode
	reference	3 181.547451 -8.812238 181.547451 -8.812238
	image	1 arcs.dat
	mass	3 2000 0.441400 mass3.fits
	end
grid
	number		128
	polar		0
	nlens	1
	end
source
	z_source	0.451400
	end
image
	newton		1
	end
potential
0
	profile		81
	x_centre	0.000000
	y_centre	0.000000
	ellipticity	0.755177
	angle_pos	-10.221979
	core_radius	2.684285
	core_radius_kpc	15.289838
	cut_radius	17.556007
	cut_radius_kpc	100.000000
	v_disp		347.279709
	z_lens		0.441400
	end
cline
	nplan		1 4.500000 
	dmax		100.000000
	algorithm		MARCHINGSQUARES
	connect		1
	limitHigh		0.200000
	limitLow		0.050000
	end
grande
	iso	0 0 0.000000 0.000000 0.000000
	name	best
	profile	0 0
	contour	1 0
	large_dist	0.300000
	end
cosmology
	model	1
	H0	70.000000
	omegaM	0.300000
	omegaX	0.700000
	omegaK	0.000000
	wX	-1.000000
	wa	0.000000
	kcourb	0.000000
	end
field
	xmin	-20.000000
	xmax	20.000000
	ymin	-20.000000
	ymax	20.000000
	end
finish
For z_s = 0.4514  DLS/DS:0.0196
DLS:0.0054(lt) 23.27(Mpc) DOS:0.2779(lt) 1190.07(Mpc)
DOL:0.2743(lt) 1174.90(Mpc) DOL_lum:0.5700(lt) 2441.00(Mpc)
Mcrit:7.236946e-02 (10^12 Msol/kpc^2)
Conversion Factor @ z = 0.441400, 1 arcsec == 5.696 kpc
Number of Clumps: 1
-------- Clump 1: PIEMD Kovner, truncated
 Total mass: 14.604532(cor) 11.466019 (10^12 M_sol)
 rcut:17.56(") 100.00(kpc)
 vdisp:347.28(km/s) b0:5.2173
 rc:2.68(") 15.29(kpc)
 rt:17.56(") 100.00(kpc)
 r_ct:0.0000 r_cr:0.0000
