runmode
	reference	3 9.264827 9.172360 9.264827 9.172360
	image	1 arcs.dat
	mass	3 2000 0.254600 mass3.fits
	end
grid
	number		128
	polar		0
	nlens	2
	end
source
	z_source	0.264600
	end
image
	newton		1
	end
potential
0
	profile		81
	x_centre	0.000000
	y_centre	0.000000
	ellipticity	0.170477
	angle_pos	52.316344
	core_radius	1.135834
	core_radius_kpc	4.501077
	cut_radius	25.234716
	cut_radius_kpc	100.000000
	v_disp		370.656880
	z_lens		0.254600
	end
potential
1
	profile		14
	gamma	0.240500
	angle_pos	-22.169300
	kappa	0.000000
	z_lens		0.254600
	end
cline
	nplan		1 4.500000 
	dmax		100.000000
	algorithm		MARCHINGSQUARES
	connect		1
	limitHigh		0.200000
	limitLow		0.050000
	end
grande
	iso	0 0 0.000000 0.000000 0.000000
	name	best
	profile	0 0
	contour	1 0
	large_dist	0.300000
	end
cosmology
	model	1
	H0	70.000000
	omegaM	0.300000
	omegaX	0.700000
	omegaK	0.000000
	wX	-1.000000
	wa	0.000000
	kcourb	0.000000
	end
field
	xmin	-20.000000
	xmax	20.000000
	ymin	-20.000000
	ymax	20.000000
	end
finish
For z_s = 0.2646  DLS/DS:0.0353
DLS:0.0069(lt) 29.71(Mpc) DOS:0.1963(lt) 840.63(Mpc)
DOL:0.1909(lt) 817.39(Mpc) DOL_lum:0.3004(lt) 1286.58(Mpc)
Mcrit:5.755801e-02 (10^12 Msol/kpc^2)
Conversion Factor @ z = 0.254600, 1 arcsec == 3.963 kpc
Number of Clumps: 2
-------- Clump 1: PIEMD Kovner, truncated
 Total mass: 16.636921(cor) 14.410141 (10^12 M_sol)
 rcut:25.23(") 100.00(kpc)
 vdisp:370.66(km/s) b0:5.9433
 rc:1.14(") 4.50(kpc)
 rt:25.23(") 100.00(kpc)
 r_ct:0.0000 r_cr:0.0000
-------- Clump 2: External shear and kappa 
 gamma:0.2405
 kappa:0.0000
