runmode
	reference	3 87.304253 -62.077565 87.304253 -62.077565
	image	1 arcs.dat
	mass	3 2000 0.375500 mass3.fits
	end
grid
	number		30
	polar		0
	nlens	4
	end
source
	z_source	0.385500
	end
image
	z_m_limit	 1 3.0 0 4.447  0.000  0.0000 
	z_m_limit	 1 7.0 0 2.701  0.000  0.0000 
	z_m_limit	 1 8.0 0 2.512  0.000  0.0000 
	newton		1
	end
potential
0
	profile		81
	x_centre	0.000000
	y_centre	0.000000
	ellipticity	0.749124
	angle_pos	37.650725
	core_radius	7.669428
	core_radius_kpc	39.626772
	cut_radius	19.354158
	cut_radius_kpc	100.000000
	v_disp		468.225196
	z_lens		0.375500
	end
potential
1
	profile		81
	x_centre	0.000000
	y_centre	0.000000
	ellipticity	0.139332
	angle_pos	-82.510000
	core_radius	0.023965
	core_radius_kpc	0.123826
	cut_radius	1.865661
	cut_radius_kpc	9.639586
	v_disp		262.340651
	mag		19.456400
	z_lens		0.375500
	end
potential
2
	profile		81
	x_centre	1.917642
	y_centre	2.968183
	ellipticity	0.287728
	angle_pos	87.240000
	core_radius	0.016720
	core_radius_kpc	0.086392
	cut_radius	1.301645
	cut_radius_kpc	6.725404
	v_disp		219.126848
	mag		20.238100
	z_lens		0.375500
	end
potential
3
	profile		81
	x_centre	0.005563
	y_centre	3.419280
	ellipticity	0.127302
	angle_pos	-0.390000
	core_radius	0.013209
	core_radius_kpc	0.068248
	cut_radius	1.028283
	cut_radius_kpc	5.312983
	v_disp		194.762613
	mag		20.750000
	z_lens		0.375500
	end
cline
	nplan		1 3.000000 
	dmax		100.000000
	algorithm		MARCHINGSQUARES
	connect		1
	limitHigh		0.200000
	limitLow		0.050000
	end
grande
	iso	0 0 0.000000 0.000000 0.000000
	name	best
	profile	0 0
	contour	1 0
	large_dist	0.300000
	end
cosmology
	model	1
	H0	70.000000
	omegaM	0.300000
	omegaX	0.700000
	omegaK	0.000000
	wX	-1.000000
	wa	0.000000
	kcourb	0.000000
	end
field
	xmin	-8.000000
	xmax	8.000000
	ymin	-8.000000
	ymax	8.000000
	end
finish
For z_s = 0.3855  DLS/DS:0.0234
DLS:0.0059(lt) 25.33(Mpc) DOS:0.2530(lt) 1083.38(Mpc)
DOL:0.2488(lt) 1065.74(Mpc) DOL_lum:0.4708(lt) 2016.38(Mpc)
Mcrit:6.672713e-02 (10^12 Msol/kpc^2)
Conversion Factor @ z = 0.375500, 1 arcsec == 5.167 kpc
Number of Clumps: 4
-------- Clump 1: PIEMD Kovner, truncated
 Total mass: 26.548401(cor) 17.210193 (10^12 M_sol)
 rcut:19.35(") 100.00(kpc)
 vdisp:468.23(km/s) b0:9.4841
 rc:7.67(") 39.63(kpc)
 rt:19.35(") 100.00(kpc)
 r_ct:0.0000 r_cr:0.0000
-------- Clump 2: PIEMD Kovner, truncated
 Total mass: 0.803375(cor) 0.717945 (10^12 M_sol)
 rcut:1.87(") 9.64(kpc)
 vdisp:262.34(km/s) b0:2.9773
 rc:0.02(") 0.12(kpc)
 rt:1.87(") 9.64(kpc)
 r_ct:0.0000 r_cr:0.0000
-------- Clump 3: PIEMD Kovner, truncated
 Total mass: 0.391055(cor) 0.349471 (10^12 M_sol)
 rcut:1.30(") 6.73(kpc)
 vdisp:219.13(km/s) b0:2.0772
 rc:0.02(") 0.09(kpc)
 rt:1.30(") 6.73(kpc)
 r_ct:0.0000 r_cr:0.0000
-------- Clump 4: PIEMD Kovner, truncated
 Total mass: 0.244050(cor) 0.218098 (10^12 M_sol)
 rcut:1.03(") 5.31(kpc)
 vdisp:194.76(km/s) b0:1.6410
 rc:0.01(") 0.07(kpc)
 rt:1.03(") 5.31(kpc)
 r_ct:0.0000 r_cr:0.0000
