runmode
	reference	3 10.852708 -20.628215 10.852708 -20.628215
	inverse	3 0.500000 200
	verbose	1
	end
image
	multfile	1 arcs.dat
	forme		-2
	mult_wcs	3
	z_m_limit	 1 2 3 0.900  0.200  0.1000 
	z_m_limit	 1 A3a 1 0.800  2.000  0.1000 
	z_m_limit	 1 A3b 1 0.800  2.000  0.1000 
	z_m_limit	 1 A4a 1 1.000  4.000  0.1000 
	z_m_limit	 1 A4b 1 1.000  4.000  0.1000 
	z_m_limit	 1 A5a 1 1.000  3.000  0.1000 
	z_m_limit	 1 A5b 1 1.000  3.000  0.1000 
	z_m_limit	 1 50 1 0.500  3.000  0.1000 
	z_m_limit	 1 7 1 0.500  3.000  0.1000 
	z_m_limit	 1 8 3 0.600  0.300  0.1000 
	z_m_limit	 1 9 1 1.000  5.000  0.1000 
	sigposArcsec		0.600000
	end
grille
	nombre		128
	polaire		0
	nlentille	200
	nlens_opt	2
	end
potentiel
0
	profil		81
	x_centre	-5.000000
	y_centre	40.000000
	ellipticite	0.500000
	angle_pos	90.000000
	core_radius_kpc	150.000000
	cut_radius_kpc	1500.000000
	v_disp		1000.000000
	z_lens		0.292400
	end
limit
0
	x_centre	1 -10.000000 -2.000000 0.010000
	y_centre	1 35.000000 43.000000 0.010000
	ellipticite	1 0.000000 0.900000 0.001000
	angle_pos	1 0.000000 3.141593 0.001745
	core_radius_kpc	1 10.000000 400.000000 0.100000
	cut_radius_kpc	0 100.000000 1000.000000 0.100000
	v_disp		1 500.000000 2000.000000 0.100000
	end
potentiel
1
	profil		81
	x_centre	5.000000
	y_centre	15.000000
	ellipticite	0.500000
	angle_pos	90.000000
	core_radius_kpc	30.000000
	cut_radius_kpc	1500.000000
	v_disp		1000.000000
	z_lens		0.292400
	end
limit
1
	x_centre	1 0.000000 10.000000 0.010000
	y_centre	1 10.000000 20.000000 0.010000
	ellipticite	1 0.000000 0.900000 0.001000
	angle_pos	1 0.000000 3.141593 0.001745
	core_radius_kpc	1 1.000000 200.000000 0.100000
	cut_radius_kpc	0 100.000000 1000.000000 0.100000
	v_disp		1 300.000000 2000.000000 0.100000
	end
potfile
	filein	3 galcat.cat
	zlens	0.292400
	corekpc	0.000000
	type	81
	mag0	18.320000
	sigma	0 80.000000 50.000000
	cutkpc	0 20.000000 3.000000
	slope	0 4.000000 0.000000
	vdslope	0 4.000000 0.000000
	end
cline
	nplan		3 1.000000  2.000000  4.000000 
	dmax		100.000000
	algorithm		MARCHINGSQUARES
	limitHigh		2.000000
	limitLow		1.000000
	end
grande
	iso	0 0 0.000000 0.000000 0.000000
	name	best
	profil	0 0
	contour	1 0
	large_dist	0.300000
	end
cosmologie
	H0	70.000000
	omegaM	0.300000
	omegaX	0.700000
	wX	-1.000000
	kcourb	0.000000
	end
champ
	xmax	100.000000
	xmin	-100.000000
	ymax	100.000000
	ymin	-100.000000
	end
fini
For z_s = 0.8000  DLS/DS:0.5816
DLS:0.2103(lt) 900.70(Mpc) DOS:0.3616(lt) 1548.71(Mpc)
DOL:0.2107(lt) 902.52(Mpc) DOL_lum:0.3520(lt) 1507.48(Mpc)
Mcrit:3.167641e-03 (10^12 Msol/kpc^2)
Conversion Factor @ z = 0.292400, 1 arcsec == 4.376 kpc
Number of Clumps: 162
-------- Clump O1: PIEMD Kovner, truncated
 Total mass: 1816.435889(cor) 1494.663542 (10^12 M_sol)
 rcut:342.81(") 1500.00(kpc)
 vdisp:1000.00(km/s) b0:43.2598
 rc:34.28(") 150.00(kpc)
 rt:342.81(") 1500.00(kpc)
 r_ct:0.0000 r_cr:0.0000
-------- Clump O2: PIEMD Kovner, truncated
 Total mass: 1816.435889(cor) 1611.892055 (10^12 M_sol)
 rcut:342.81(") 1500.00(kpc)
 vdisp:1000.00(km/s) b0:43.2598
 rc:6.86(") 30.00(kpc)
 rt:342.81(") 1500.00(kpc)
 r_ct:0.0000 r_cr:0.0000
-------- Clump 1: PIEMD Kovner, truncated
 Total mass: 0.638703(cor) 0.578116 (10^12 M_sol)
 rcut:9.28(") 40.60(kpc)
 vdisp:113.98(km/s) b0:0.5620
 rc:0.00(") 0.00(kpc)
 rt:9.28(") 40.60(kpc)
 r_ct:0.0000 r_cr:0.0000
-------- Clump 2: PIEMD Kovner, truncated
 Total mass: 0.505241(cor) 0.457314 (10^12 M_sol)
 rcut:8.25(") 36.11(kpc)
 vdisp:107.49(km/s) b0:0.4999
 rc:0.00(") 0.00(kpc)
 rt:8.25(") 36.11(kpc)
 r_ct:0.0000 r_cr:0.0000
-------- Clump 3: PIEMD Kovner, truncated
 Total mass: 0.455217(cor) 0.412036 (10^12 M_sol)
 rcut:7.83(") 34.27(kpc)
 vdisp:104.73(km/s) b0:0.4745
 rc:0.00(") 0.00(kpc)
 rt:7.83(") 34.27(kpc)
 r_ct:0.0000 r_cr:0.0000
-------- Clump 4: PIEMD Kovner, truncated
 Total mass: 0.407999(cor) 0.369296 (10^12 M_sol)
 rcut:7.42(") 32.45(kpc)
 vdisp:101.90(km/s) b0:0.4492
 rc:0.00(") 0.00(kpc)
 rt:7.42(") 32.45(kpc)
 r_ct:0.0000 r_cr:0.0000
-------- Clump 5: PIEMD Kovner, truncated
 Total mass: 0.398491(cor) 0.360691 (10^12 M_sol)
 rcut:7.33(") 32.07(kpc)
 vdisp:101.30(km/s) b0:0.4439
 rc:0.00(") 0.00(kpc)
 rt:7.33(") 32.07(kpc)
 r_ct:0.0000 r_cr:0.0000
-------- Clump 6: PIEMD Kovner, truncated
 Total mass: 0.382102(cor) 0.345856 (10^12 M_sol)
 rcut:7.18(") 31.40(kpc)
 vdisp:100.24(km/s) b0:0.4347
 rc:0.00(") 0.00(kpc)
 rt:7.18(") 31.40(kpc)
 r_ct:0.0000 r_cr:0.0000
-------- Clump 7: PIEMD Kovner, truncated
 Total mass: 0.380556(cor) 0.344457 (10^12 M_sol)
 rcut:7.16(") 31.34(kpc)
 vdisp:100.14(km/s) b0:0.4338
 rc:0.00(") 0.00(kpc)
 rt:7.16(") 31.34(kpc)
 r_ct:0.0000 r_cr:0.0000
-------- Clump 8: PIEMD Kovner, truncated
 Total mass: 0.377693(cor) 0.341865 (10^12 M_sol)
 rcut:7.14(") 31.22(kpc)
 vdisp:99.95(km/s) b0:0.4322
 rc:0.00(") 0.00(kpc)
 rt:7.14(") 31.22(kpc)
 r_ct:0.0000 r_cr:0.0000
-------- Clump 9: PIEMD Kovner, truncated
 Total mass: 0.367772(cor) 0.332885 (10^12 M_sol)
 rcut:7.04(") 30.81(kpc)
 vdisp:99.29(km/s) b0:0.4265
 rc:0.00(") 0.00(kpc)
 rt:7.04(") 30.81(kpc)
 r_ct:0.0000 r_cr:0.0000
-------- Clump 10: PIEMD Kovner, truncated
 Total mass: 0.356073(cor) 0.322296 (10^12 M_sol)
 rcut:6.93(") 30.31(kpc)
 vdisp:98.49(km/s) b0:0.4196
 rc:0.00(") 0.00(kpc)
 rt:6.93(") 30.31(kpc)
 r_ct:0.0000 r_cr:0.0000
-------- Clump 11: PIEMD Kovner, truncated
 Total mass: 0.352224(cor) 0.318812 (10^12 M_sol)
 rcut:6.89(") 30.15(kpc)
 vdisp:98.22(km/s) b0:0.4174
 rc:0.00(") 0.00(kpc)
 rt:6.89(") 30.15(kpc)
 r_ct:0.0000 r_cr:0.0000
-------- Clump 12: PIEMD Kovner, truncated
 Total mass: 0.337644(cor) 0.305615 (10^12 M_sol)
 rcut:6.75(") 29.52(kpc)
 vdisp:97.19(km/s) b0:0.4086
 rc:0.00(") 0.00(kpc)
 rt:6.75(") 29.52(kpc)
 r_ct:0.0000 r_cr:0.0000
-------- Clump 13: PIEMD Kovner, truncated
 Total mass: 0.320936(cor) 0.290492 (10^12 M_sol)
 rcut:6.58(") 28.78(kpc)
 vdisp:95.96(km/s) b0:0.3984
 rc:0.00(") 0.00(kpc)
 rt:6.58(") 28.78(kpc)
 r_ct:0.0000 r_cr:0.0000
-------- Clump 14: PIEMD Kovner, truncated
 Total mass: 0.294726(cor) 0.266769 (10^12 M_sol)
 rcut:6.30(") 27.58(kpc)
 vdisp:93.94(km/s) b0:0.3818
 rc:0.00(") 0.00(kpc)
 rt:6.30(") 27.58(kpc)
 r_ct:0.0000 r_cr:0.0000
-------- Clump 15: PIEMD Kovner, truncated
 Total mass: 0.294726(cor) 0.266769 (10^12 M_sol)
 rcut:6.30(") 27.58(kpc)
 vdisp:93.94(km/s) b0:0.3818
 rc:0.00(") 0.00(kpc)
 rt:6.30(") 27.58(kpc)
 r_ct:0.0000 r_cr:0.0000
-------- Clump 16: PIEMD Kovner, truncated
 Total mass: 0.280581(cor) 0.253966 (10^12 M_sol)
 rcut:6.15(") 26.91(kpc)
 vdisp:92.79(km/s) b0:0.3725
 rc:0.00(") 0.00(kpc)
 rt:6.15(") 26.91(kpc)
 r_ct:0.0000 r_cr:0.0000
-------- Clump 17: PIEMD Kovner, truncated
 Total mass: 0.277753(cor) 0.251406 (10^12 M_sol)
 rcut:6.12(") 26.77(kpc)
 vdisp:92.56(km/s) b0:0.3706
 rc:0.00(") 0.00(kpc)
 rt:6.12(") 26.77(kpc)
 r_ct:0.0000 r_cr:0.0000
-------- Clump 18: PIEMD Kovner, truncated
 Total mass: 0.274296(cor) 0.248276 (10^12 M_sol)
 rcut:6.08(") 26.61(kpc)
 vdisp:92.27(km/s) b0:0.3683
 rc:0.00(") 0.00(kpc)
 rt:6.08(") 26.61(kpc)
 r_ct:0.0000 r_cr:0.0000
-------- Clump 19: PIEMD Kovner, truncated
 Total mass: 0.249792(cor) 0.226097 (10^12 M_sol)
 rcut:5.80(") 25.39(kpc)
 vdisp:90.14(km/s) b0:0.3515
 rc:0.00(") 0.00(kpc)
 rt:5.80(") 25.39(kpc)
 r_ct:0.0000 r_cr:0.0000
-------- Clump 20: PIEMD Kovner, truncated
 Total mass: 0.248644(cor) 0.225058 (10^12 M_sol)
 rcut:5.79(") 25.33(kpc)
 vdisp:90.03(km/s) b0:0.3507
 rc:0.00(") 0.00(kpc)
 rt:5.79(") 25.33(kpc)
 r_ct:0.0000 r_cr:0.0000
-------- Clump 21: PIEMD Kovner, truncated
 Total mass: 0.244827(cor) 0.221603 (10^12 M_sol)
 rcut:5.74(") 25.14(kpc)
 vdisp:89.69(km/s) b0:0.3480
 rc:0.00(") 0.00(kpc)
 rt:5.74(") 25.14(kpc)
 r_ct:0.0000 r_cr:0.0000
-------- Clump 22: PIEMD Kovner, truncated
 Total mass: 0.243455(cor) 0.220361 (10^12 M_sol)
 rcut:5.73(") 25.07(kpc)
 vdisp:89.56(km/s) b0:0.3470
 rc:0.00(") 0.00(kpc)
 rt:5.73(") 25.07(kpc)
 r_ct:0.0000 r_cr:0.0000
-------- Clump 23: PIEMD Kovner, truncated
 Total mass: 0.236123(cor) 0.213725 (10^12 M_sol)
 rcut:5.64(") 24.68(kpc)
 vdisp:88.88(km/s) b0:0.3417
 rc:0.00(") 0.00(kpc)
 rt:5.64(") 24.68(kpc)
 r_ct:0.0000 r_cr:0.0000
-------- Clump 24: PIEMD Kovner, truncated
 Total mass: 0.233227(cor) 0.211103 (10^12 M_sol)
 rcut:5.61(") 24.53(kpc)
 vdisp:88.60(km/s) b0:0.3396
 rc:0.00(") 0.00(kpc)
 rt:5.61(") 24.53(kpc)
 r_ct:0.0000 r_cr:0.0000
-------- Clump 25: PIEMD Kovner, truncated
 Total mass: 0.232369(cor) 0.210327 (10^12 M_sol)
 rcut:5.60(") 24.49(kpc)
 vdisp:88.52(km/s) b0:0.3390
 rc:0.00(") 0.00(kpc)
 rt:5.60(") 24.49(kpc)
 r_ct:0.0000 r_cr:0.0000
-------- Clump 26: PIEMD Kovner, truncated
 Total mass: 0.217740(cor) 0.197086 (10^12 M_sol)
 rcut:5.42(") 23.70(kpc)
 vdisp:87.09(km/s) b0:0.3281
 rc:0.00(") 0.00(kpc)
 rt:5.42(") 23.70(kpc)
 r_ct:0.0000 r_cr:0.0000
-------- Clump 27: PIEMD Kovner, truncated
 Total mass: 0.213216(cor) 0.192990 (10^12 M_sol)
 rcut:5.36(") 23.46(kpc)
 vdisp:86.64(km/s) b0:0.3247
 rc:0.00(") 0.00(kpc)
 rt:5.36(") 23.46(kpc)
 r_ct:0.0000 r_cr:0.0000
-------- Clump 28: PIEMD Kovner, truncated
 Total mass: 0.210989(cor) 0.190974 (10^12 M_sol)
 rcut:5.33(") 23.33(kpc)
 vdisp:86.41(km/s) b0:0.3230
 rc:0.00(") 0.00(kpc)
 rt:5.33(") 23.33(kpc)
 r_ct:0.0000 r_cr:0.0000
-------- Clump 29: PIEMD Kovner, truncated
 Total mass: 0.184646(cor) 0.167130 (10^12 M_sol)
 rcut:4.99(") 21.83(kpc)
 vdisp:83.58(km/s) b0:0.3022
 rc:0.00(") 0.00(kpc)
 rt:4.99(") 21.83(kpc)
 r_ct:0.0000 r_cr:0.0000
-------- Clump 30: PIEMD Kovner, truncated
 Total mass: 0.184595(cor) 0.167084 (10^12 M_sol)
 rcut:4.99(") 21.83(kpc)
 vdisp:83.57(km/s) b0:0.3021
 rc:0.00(") 0.00(kpc)
 rt:4.99(") 21.83(kpc)
 r_ct:0.0000 r_cr:0.0000
-------- Clump 31: PIEMD Kovner, truncated
 Total mass: 0.157043(cor) 0.142146 (10^12 M_sol)
 rcut:4.60(") 20.13(kpc)
 vdisp:80.26(km/s) b0:0.2787
 rc:0.00(") 0.00(kpc)
 rt:4.60(") 20.13(kpc)
 r_ct:0.0000 r_cr:0.0000
-------- Clump 32: PIEMD Kovner, truncated
 Total mass: 0.154532(cor) 0.139873 (10^12 M_sol)
 rcut:4.56(") 19.97(kpc)
 vdisp:79.94(km/s) b0:0.2764
 rc:0.00(") 0.00(kpc)
 rt:4.56(") 19.97(kpc)
 r_ct:0.0000 r_cr:0.0000
-------- Clump 33: PIEMD Kovner, truncated
 Total mass: 0.152117(cor) 0.137688 (10^12 M_sol)
 rcut:4.53(") 19.81(kpc)
 vdisp:79.63(km/s) b0:0.2743
 rc:0.00(") 0.00(kpc)
 rt:4.53(") 19.81(kpc)
 r_ct:0.0000 r_cr:0.0000
-------- Clump 34: PIEMD Kovner, truncated
 Total mass: 0.146602(cor) 0.132695 (10^12 M_sol)
 rcut:4.45(") 19.45(kpc)
 vdisp:78.89(km/s) b0:0.2693
 rc:0.00(") 0.00(kpc)
 rt:4.45(") 19.45(kpc)
 r_ct:0.0000 r_cr:0.0000
-------- Clump 35: PIEMD Kovner, truncated
 Total mass: 0.145700(cor) 0.131879 (10^12 M_sol)
 rcut:4.43(") 19.39(kpc)
 vdisp:78.77(km/s) b0:0.2684
 rc:0.00(") 0.00(kpc)
 rt:4.43(") 19.39(kpc)
 r_ct:0.0000 r_cr:0.0000
-------- Clump 36: PIEMD Kovner, truncated
 Total mass: 0.140831(cor) 0.127472 (10^12 M_sol)
 rcut:4.36(") 19.06(kpc)
 vdisp:78.11(km/s) b0:0.2639
 rc:0.00(") 0.00(kpc)
 rt:4.36(") 19.06(kpc)
 r_ct:0.0000 r_cr:0.0000
-------- Clump 37: PIEMD Kovner, truncated
 Total mass: 0.139991(cor) 0.126711 (10^12 M_sol)
 rcut:4.34(") 19.01(kpc)
 vdisp:77.99(km/s) b0:0.2631
 rc:0.00(") 0.00(kpc)
 rt:4.34(") 19.01(kpc)
 r_ct:0.0000 r_cr:0.0000
-------- Clump 38: PIEMD Kovner, truncated
 Total mass: 0.136565(cor) 0.123610 (10^12 M_sol)
 rcut:4.29(") 18.77(kpc)
 vdisp:77.51(km/s) b0:0.2599
 rc:0.00(") 0.00(kpc)
 rt:4.29(") 18.77(kpc)
 r_ct:0.0000 r_cr:0.0000
-------- Clump 39: PIEMD Kovner, truncated
 Total mass: 0.131286(cor) 0.118832 (10^12 M_sol)
 rcut:4.21(") 18.41(kpc)
 vdisp:76.75(km/s) b0:0.2548
 rc:0.00(") 0.00(kpc)
 rt:4.21(") 18.41(kpc)
 r_ct:0.0000 r_cr:0.0000
-------- Clump 40: PIEMD Kovner, truncated
 Total mass: 0.129389(cor) 0.117116 (10^12 M_sol)
 rcut:4.18(") 18.27(kpc)
 vdisp:76.47(km/s) b0:0.2530
 rc:0.00(") 0.00(kpc)
 rt:4.18(") 18.27(kpc)
 r_ct:0.0000 r_cr:0.0000
-------- Clump 41: PIEMD Kovner, truncated
 Total mass: 0.124354(cor) 0.112558 (10^12 M_sol)
 rcut:4.09(") 17.91(kpc)
 vdisp:75.71(km/s) b0:0.2480
 rc:0.00(") 0.00(kpc)
 rt:4.09(") 17.91(kpc)
 r_ct:0.0000 r_cr:0.0000
-------- Clump 42: PIEMD Kovner, truncated
 Total mass: 0.112351(cor) 0.101694 (10^12 M_sol)
 rcut:3.89(") 17.03(kpc)
 vdisp:73.82(km/s) b0:0.2357
 rc:0.00(") 0.00(kpc)
 rt:3.89(") 17.03(kpc)
 r_ct:0.0000 r_cr:0.0000
-------- Clump 43: PIEMD Kovner, truncated
 Total mass: 0.103757(cor) 0.093915 (10^12 M_sol)
 rcut:3.74(") 16.36(kpc)
 vdisp:72.36(km/s) b0:0.2265
 rc:0.00(") 0.00(kpc)
 rt:3.74(") 16.36(kpc)
 r_ct:0.0000 r_cr:0.0000
-------- Clump 44: PIEMD Kovner, truncated
 Total mass: 0.101358(cor) 0.091743 (10^12 M_sol)
 rcut:3.70(") 16.17(kpc)
 vdisp:71.94(km/s) b0:0.2239
 rc:0.00(") 0.00(kpc)
 rt:3.70(") 16.17(kpc)
 r_ct:0.0000 r_cr:0.0000
-------- Clump 45: PIEMD Kovner, truncated
 Total mass: 0.100586(cor) 0.091045 (10^12 M_sol)
 rcut:3.68(") 16.11(kpc)
 vdisp:71.80(km/s) b0:0.2230
 rc:0.00(") 0.00(kpc)
 rt:3.68(") 16.11(kpc)
 r_ct:0.0000 r_cr:0.0000
-------- Clump 46: PIEMD Kovner, truncated
 Total mass: 0.095935(cor) 0.086835 (10^12 M_sol)
 rcut:3.60(") 15.73(kpc)
 vdisp:70.96(km/s) b0:0.2178
 rc:0.00(") 0.00(kpc)
 rt:3.60(") 15.73(kpc)
 r_ct:0.0000 r_cr:0.0000
-------- Clump 47: PIEMD Kovner, truncated
 Total mass: 0.095838(cor) 0.086747 (10^12 M_sol)
 rcut:3.59(") 15.73(kpc)
 vdisp:70.94(km/s) b0:0.2177
 rc:0.00(") 0.00(kpc)
 rt:3.59(") 15.73(kpc)
 r_ct:0.0000 r_cr:0.0000
-------- Clump 48: PIEMD Kovner, truncated
 Total mass: 0.095021(cor) 0.086007 (10^12 M_sol)
 rcut:3.58(") 15.66(kpc)
 vdisp:70.79(km/s) b0:0.2168
 rc:0.00(") 0.00(kpc)
 rt:3.58(") 15.66(kpc)
 r_ct:0.0000 r_cr:0.0000
-------- Clump 49: PIEMD Kovner, truncated
 Total mass: 0.089121(cor) 0.080667 (10^12 M_sol)
 rcut:3.47(") 15.17(kpc)
 vdisp:69.66(km/s) b0:0.2099
 rc:0.00(") 0.00(kpc)
 rt:3.47(") 15.17(kpc)
 r_ct:0.0000 r_cr:0.0000
-------- Clump 50: PIEMD Kovner, truncated
 Total mass: 0.084174(cor) 0.076189 (10^12 M_sol)
 rcut:3.37(") 14.74(kpc)
 vdisp:68.68(km/s) b0:0.2040
 rc:0.00(") 0.00(kpc)
 rt:3.37(") 14.74(kpc)
 r_ct:0.0000 r_cr:0.0000
-------- Clump 51: PIEMD Kovner, truncated
 Total mass: 0.083057(cor) 0.075179 (10^12 M_sol)
 rcut:3.35(") 14.64(kpc)
 vdisp:68.45(km/s) b0:0.2027
 rc:0.00(") 0.00(kpc)
 rt:3.35(") 14.64(kpc)
 r_ct:0.0000 r_cr:0.0000
-------- Clump 52: PIEMD Kovner, truncated
 Total mass: 0.081925(cor) 0.074154 (10^12 M_sol)
 rcut:3.32(") 14.54(kpc)
 vdisp:68.21(km/s) b0:0.2013
 rc:0.00(") 0.00(kpc)
 rt:3.32(") 14.54(kpc)
 r_ct:0.0000 r_cr:0.0000
-------- Clump 53: PIEMD Kovner, truncated
 Total mass: 0.079891(cor) 0.072313 (10^12 M_sol)
 rcut:3.28(") 14.36(kpc)
 vdisp:67.78(km/s) b0:0.1988
 rc:0.00(") 0.00(kpc)
 rt:3.28(") 14.36(kpc)
 r_ct:0.0000 r_cr:0.0000
-------- Clump 54: PIEMD Kovner, truncated
 Total mass: 0.077965(cor) 0.070569 (10^12 M_sol)
 rcut:3.24(") 14.18(kpc)
 vdisp:67.37(km/s) b0:0.1964
 rc:0.00(") 0.00(kpc)
 rt:3.24(") 14.18(kpc)
 r_ct:0.0000 r_cr:0.0000
-------- Clump 55: PIEMD Kovner, truncated
 Total mass: 0.076916(cor) 0.069620 (10^12 M_sol)
 rcut:3.22(") 14.09(kpc)
 vdisp:67.14(km/s) b0:0.1950
 rc:0.00(") 0.00(kpc)
 rt:3.22(") 14.09(kpc)
 r_ct:0.0000 r_cr:0.0000
-------- Clump 56: PIEMD Kovner, truncated
 Total mass: 0.076775(cor) 0.069492 (10^12 M_sol)
 rcut:3.22(") 14.08(kpc)
 vdisp:67.11(km/s) b0:0.1949
 rc:0.00(") 0.00(kpc)
 rt:3.22(") 14.08(kpc)
 r_ct:0.0000 r_cr:0.0000
-------- Clump 57: PIEMD Kovner, truncated
 Total mass: 0.074367(cor) 0.067312 (10^12 M_sol)
 rcut:3.17(") 13.85(kpc)
 vdisp:66.58(km/s) b0:0.1918
 rc:0.00(") 0.00(kpc)
 rt:3.17(") 13.85(kpc)
 r_ct:0.0000 r_cr:0.0000
-------- Clump 58: PIEMD Kovner, truncated
 Total mass: 0.065491(cor) 0.059278 (10^12 M_sol)
 rcut:2.97(") 13.00(kpc)
 vdisp:64.50(km/s) b0:0.1800
 rc:0.00(") 0.00(kpc)
 rt:2.97(") 13.00(kpc)
 r_ct:0.0000 r_cr:0.0000
-------- Clump 59: PIEMD Kovner, truncated
 Total mass: 0.065130(cor) 0.058951 (10^12 M_sol)
 rcut:2.96(") 12.96(kpc)
 vdisp:64.41(km/s) b0:0.1795
 rc:0.00(") 0.00(kpc)
 rt:2.96(") 12.96(kpc)
 r_ct:0.0000 r_cr:0.0000
-------- Clump 60: PIEMD Kovner, truncated
 Total mass: 0.064699(cor) 0.058562 (10^12 M_sol)
 rcut:2.95(") 12.92(kpc)
 vdisp:64.30(km/s) b0:0.1789
 rc:0.00(") 0.00(kpc)
 rt:2.95(") 12.92(kpc)
 r_ct:0.0000 r_cr:0.0000
-------- Clump 61: PIEMD Kovner, truncated
 Total mass: 0.056835(cor) 0.051444 (10^12 M_sol)
 rcut:2.77(") 12.11(kpc)
 vdisp:62.25(km/s) b0:0.1677
 rc:0.00(") 0.00(kpc)
 rt:2.77(") 12.11(kpc)
 r_ct:0.0000 r_cr:0.0000
-------- Clump 62: PIEMD Kovner, truncated
 Total mass: 0.053958(cor) 0.048840 (10^12 M_sol)
 rcut:2.70(") 11.80(kpc)
 vdisp:61.45(km/s) b0:0.1634
 rc:0.00(") 0.00(kpc)
 rt:2.70(") 11.80(kpc)
 r_ct:0.0000 r_cr:0.0000
-------- Clump 63: PIEMD Kovner, truncated
 Total mass: 0.053612(cor) 0.048526 (10^12 M_sol)
 rcut:2.69(") 11.76(kpc)
 vdisp:61.35(km/s) b0:0.1628
 rc:0.00(") 0.00(kpc)
 rt:2.69(") 11.76(kpc)
 r_ct:0.0000 r_cr:0.0000
-------- Clump 64: PIEMD Kovner, truncated
 Total mass: 0.051180(cor) 0.046325 (10^12 M_sol)
 rcut:2.63(") 11.49(kpc)
 vdisp:60.64(km/s) b0:0.1591
 rc:0.00(") 0.00(kpc)
 rt:2.63(") 11.49(kpc)
 r_ct:0.0000 r_cr:0.0000
-------- Clump 65: PIEMD Kovner, truncated
 Total mass: 0.048719(cor) 0.044098 (10^12 M_sol)
 rcut:2.56(") 11.21(kpc)
 vdisp:59.90(km/s) b0:0.1552
 rc:0.00(") 0.00(kpc)
 rt:2.56(") 11.21(kpc)
 r_ct:0.0000 r_cr:0.0000
-------- Clump 66: PIEMD Kovner, truncated
 Total mass: 0.048055(cor) 0.043497 (10^12 M_sol)
 rcut:2.55(") 11.14(kpc)
 vdisp:59.70(km/s) b0:0.1542
 rc:0.00(") 0.00(kpc)
 rt:2.55(") 11.14(kpc)
 r_ct:0.0000 r_cr:0.0000
-------- Clump 67: PIEMD Kovner, truncated
 Total mass: 0.047918(cor) 0.043373 (10^12 M_sol)
 rcut:2.54(") 11.12(kpc)
 vdisp:59.65(km/s) b0:0.1539
 rc:0.00(") 0.00(kpc)
 rt:2.54(") 11.12(kpc)
 r_ct:0.0000 r_cr:0.0000
-------- Clump 68: PIEMD Kovner, truncated
 Total mass: 0.047571(cor) 0.043058 (10^12 M_sol)
 rcut:2.53(") 11.08(kpc)
 vdisp:59.54(km/s) b0:0.1534
 rc:0.00(") 0.00(kpc)
 rt:2.53(") 11.08(kpc)
 r_ct:0.0000 r_cr:0.0000
-------- Clump 69: PIEMD Kovner, truncated
 Total mass: 0.045350(cor) 0.041048 (10^12 M_sol)
 rcut:2.47(") 10.82(kpc)
 vdisp:58.84(km/s) b0:0.1498
 rc:0.00(") 0.00(kpc)
 rt:2.47(") 10.82(kpc)
 r_ct:0.0000 r_cr:0.0000
-------- Clump 70: PIEMD Kovner, truncated
 Total mass: 0.045213(cor) 0.040924 (10^12 M_sol)
 rcut:2.47(") 10.80(kpc)
 vdisp:58.79(km/s) b0:0.1495
 rc:0.00(") 0.00(kpc)
 rt:2.47(") 10.80(kpc)
 r_ct:0.0000 r_cr:0.0000
-------- Clump 71: PIEMD Kovner, truncated
 Total mass: 0.043461(cor) 0.039338 (10^12 M_sol)
 rcut:2.42(") 10.59(kpc)
 vdisp:58.21(km/s) b0:0.1466
 rc:0.00(") 0.00(kpc)
 rt:2.42(") 10.59(kpc)
 r_ct:0.0000 r_cr:0.0000
-------- Clump 72: PIEMD Kovner, truncated
 Total mass: 0.040702(cor) 0.036841 (10^12 M_sol)
 rcut:2.34(") 10.25(kpc)
 vdisp:57.27(km/s) b0:0.1419
 rc:0.00(") 0.00(kpc)
 rt:2.34(") 10.25(kpc)
 r_ct:0.0000 r_cr:0.0000
-------- Clump 73: PIEMD Kovner, truncated
 Total mass: 0.038599(cor) 0.034938 (10^12 M_sol)
 rcut:2.28(") 9.98(kpc)
 vdisp:56.51(km/s) b0:0.1382
 rc:0.00(") 0.00(kpc)
 rt:2.28(") 9.98(kpc)
 r_ct:0.0000 r_cr:0.0000
-------- Clump 74: PIEMD Kovner, truncated
 Total mass: 0.038305(cor) 0.034672 (10^12 M_sol)
 rcut:2.27(") 9.94(kpc)
 vdisp:56.41(km/s) b0:0.1376
 rc:0.00(") 0.00(kpc)
 rt:2.27(") 9.94(kpc)
 r_ct:0.0000 r_cr:0.0000
-------- Clump 75: PIEMD Kovner, truncated
 Total mass: 0.036199(cor) 0.032765 (10^12 M_sol)
 rcut:2.21(") 9.67(kpc)
 vdisp:55.61(km/s) b0:0.1338
 rc:0.00(") 0.00(kpc)
 rt:2.21(") 9.67(kpc)
 r_ct:0.0000 r_cr:0.0000
-------- Clump 76: PIEMD Kovner, truncated
 Total mass: 0.035824(cor) 0.032426 (10^12 M_sol)
 rcut:2.20(") 9.62(kpc)
 vdisp:55.47(km/s) b0:0.1331
 rc:0.00(") 0.00(kpc)
 rt:2.20(") 9.62(kpc)
 r_ct:0.0000 r_cr:0.0000
-------- Clump 77: PIEMD Kovner, truncated
 Total mass: 0.035643(cor) 0.032262 (10^12 M_sol)
 rcut:2.19(") 9.59(kpc)
 vdisp:55.40(km/s) b0:0.1328
 rc:0.00(") 0.00(kpc)
 rt:2.19(") 9.59(kpc)
 r_ct:0.0000 r_cr:0.0000
-------- Clump 78: PIEMD Kovner, truncated
 Total mass: 0.035545(cor) 0.032173 (10^12 M_sol)
 rcut:2.19(") 9.58(kpc)
 vdisp:55.36(km/s) b0:0.1326
 rc:0.00(") 0.00(kpc)
 rt:2.19(") 9.58(kpc)
 r_ct:0.0000 r_cr:0.0000
-------- Clump 79: PIEMD Kovner, truncated
 Total mass: 0.035496(cor) 0.032129 (10^12 M_sol)
 rcut:2.19(") 9.57(kpc)
 vdisp:55.34(km/s) b0:0.1325
 rc:0.00(") 0.00(kpc)
 rt:2.19(") 9.57(kpc)
 r_ct:0.0000 r_cr:0.0000
-------- Clump 80: PIEMD Kovner, truncated
 Total mass: 0.033980(cor) 0.030756 (10^12 M_sol)
 rcut:2.14(") 9.36(kpc)
 vdisp:54.74(km/s) b0:0.1296
 rc:0.00(") 0.00(kpc)
 rt:2.14(") 9.36(kpc)
 r_ct:0.0000 r_cr:0.0000
-------- Clump 81: PIEMD Kovner, truncated
 Total mass: 0.033892(cor) 0.030677 (10^12 M_sol)
 rcut:2.14(") 9.35(kpc)
 vdisp:54.71(km/s) b0:0.1295
 rc:0.00(") 0.00(kpc)
 rt:2.14(") 9.35(kpc)
 r_ct:0.0000 r_cr:0.0000
-------- Clump 82: PIEMD Kovner, truncated
 Total mass: 0.033761(cor) 0.030559 (10^12 M_sol)
 rcut:2.13(") 9.33(kpc)
 vdisp:54.65(km/s) b0:0.1292
 rc:0.00(") 0.00(kpc)
 rt:2.13(") 9.33(kpc)
 r_ct:0.0000 r_cr:0.0000
-------- Clump 83: PIEMD Kovner, truncated
 Total mass: 0.031755(cor) 0.028743 (10^12 M_sol)
 rcut:2.07(") 9.05(kpc)
 vdisp:53.82(km/s) b0:0.1253
 rc:0.00(") 0.00(kpc)
 rt:2.07(") 9.05(kpc)
 r_ct:0.0000 r_cr:0.0000
-------- Clump 84: PIEMD Kovner, truncated
 Total mass: 0.031709(cor) 0.028701 (10^12 M_sol)
 rcut:2.07(") 9.05(kpc)
 vdisp:53.80(km/s) b0:0.1252
 rc:0.00(") 0.00(kpc)
 rt:2.07(") 9.05(kpc)
 r_ct:0.0000 r_cr:0.0000
-------- Clump 85: PIEMD Kovner, truncated
 Total mass: 0.027827(cor) 0.025187 (10^12 M_sol)
 rcut:1.94(") 8.47(kpc)
 vdisp:52.07(km/s) b0:0.1173
 rc:0.00(") 0.00(kpc)
 rt:1.94(") 8.47(kpc)
 r_ct:0.0000 r_cr:0.0000
-------- Clump 86: PIEMD Kovner, truncated
 Total mass: 0.026447(cor) 0.023938 (10^12 M_sol)
 rcut:1.89(") 8.26(kpc)
 vdisp:51.42(km/s) b0:0.1144
 rc:0.00(") 0.00(kpc)
 rt:1.89(") 8.26(kpc)
 r_ct:0.0000 r_cr:0.0000
-------- Clump 87: PIEMD Kovner, truncated
 Total mass: 0.026318(cor) 0.023822 (10^12 M_sol)
 rcut:1.88(") 8.24(kpc)
 vdisp:51.35(km/s) b0:0.1141
 rc:0.00(") 0.00(kpc)
 rt:1.88(") 8.24(kpc)
 r_ct:0.0000 r_cr:0.0000
-------- Clump 88: PIEMD Kovner, truncated
 Total mass: 0.026099(cor) 0.023623 (10^12 M_sol)
 rcut:1.88(") 8.21(kpc)
 vdisp:51.25(km/s) b0:0.1136
 rc:0.00(") 0.00(kpc)
 rt:1.88(") 8.21(kpc)
 r_ct:0.0000 r_cr:0.0000
-------- Clump 89: PIEMD Kovner, truncated
 Total mass: 0.024634(cor) 0.022297 (10^12 M_sol)
 rcut:1.82(") 7.97(kpc)
 vdisp:50.51(km/s) b0:0.1104
 rc:0.00(") 0.00(kpc)
 rt:1.82(") 7.97(kpc)
 r_ct:0.0000 r_cr:0.0000
-------- Clump 90: PIEMD Kovner, truncated
 Total mass: 0.024580(cor) 0.022248 (10^12 M_sol)
 rcut:1.82(") 7.96(kpc)
 vdisp:50.48(km/s) b0:0.1103
 rc:0.00(") 0.00(kpc)
 rt:1.82(") 7.96(kpc)
 r_ct:0.0000 r_cr:0.0000
-------- Clump 91: PIEMD Kovner, truncated
 Total mass: 0.023804(cor) 0.021546 (10^12 M_sol)
 rcut:1.79(") 7.84(kpc)
 vdisp:50.08(km/s) b0:0.1085
 rc:0.00(") 0.00(kpc)
 rt:1.79(") 7.84(kpc)
 r_ct:0.0000 r_cr:0.0000
-------- Clump 92: PIEMD Kovner, truncated
 Total mass: 0.022933(cor) 0.020757 (10^12 M_sol)
 rcut:1.76(") 7.69(kpc)
 vdisp:49.62(km/s) b0:0.1065
 rc:0.00(") 0.00(kpc)
 rt:1.76(") 7.69(kpc)
 r_ct:0.0000 r_cr:0.0000
-------- Clump 93: PIEMD Kovner, truncated
 Total mass: 0.022390(cor) 0.020266 (10^12 M_sol)
 rcut:1.74(") 7.60(kpc)
 vdisp:49.32(km/s) b0:0.1052
 rc:0.00(") 0.00(kpc)
 rt:1.74(") 7.60(kpc)
 r_ct:0.0000 r_cr:0.0000
-------- Clump 94: PIEMD Kovner, truncated
 Total mass: 0.021475(cor) 0.019438 (10^12 M_sol)
 rcut:1.70(") 7.44(kpc)
 vdisp:48.81(km/s) b0:0.1031
 rc:0.00(") 0.00(kpc)
 rt:1.70(") 7.44(kpc)
 r_ct:0.0000 r_cr:0.0000
-------- Clump 95: PIEMD Kovner, truncated
 Total mass: 0.020596(cor) 0.018642 (10^12 M_sol)
 rcut:1.67(") 7.29(kpc)
 vdisp:48.30(km/s) b0:0.1009
 rc:0.00(") 0.00(kpc)
 rt:1.67(") 7.29(kpc)
 r_ct:0.0000 r_cr:0.0000
-------- Clump 96: PIEMD Kovner, truncated
 Total mass: 0.020031(cor) 0.018131 (10^12 M_sol)
 rcut:1.64(") 7.19(kpc)
 vdisp:47.97(km/s) b0:0.0995
 rc:0.00(") 0.00(kpc)
 rt:1.64(") 7.19(kpc)
 r_ct:0.0000 r_cr:0.0000
-------- Clump 97: PIEMD Kovner, truncated
 Total mass: 0.019394(cor) 0.017554 (10^12 M_sol)
 rcut:1.62(") 7.07(kpc)
 vdisp:47.58(km/s) b0:0.0979
 rc:0.00(") 0.00(kpc)
 rt:1.62(") 7.07(kpc)
 r_ct:0.0000 r_cr:0.0000
-------- Clump 98: PIEMD Kovner, truncated
 Total mass: 0.018553(cor) 0.016793 (10^12 M_sol)
 rcut:1.58(") 6.92(kpc)
 vdisp:47.06(km/s) b0:0.0958
 rc:0.00(") 0.00(kpc)
 rt:1.58(") 6.92(kpc)
 r_ct:0.0000 r_cr:0.0000
-------- Clump 99: PIEMD Kovner, truncated
 Total mass: 0.017363(cor) 0.015716 (10^12 M_sol)
 rcut:1.53(") 6.69(kpc)
 vdisp:46.28(km/s) b0:0.0927
 rc:0.00(") 0.00(kpc)
 rt:1.53(") 6.69(kpc)
 r_ct:0.0000 r_cr:0.0000
-------- Clump 100: PIEMD Kovner, truncated
 Total mass: 0.017262(cor) 0.015625 (10^12 M_sol)
 rcut:1.53(") 6.67(kpc)
 vdisp:46.21(km/s) b0:0.0924
 rc:0.00(") 0.00(kpc)
 rt:1.53(") 6.67(kpc)
 r_ct:0.0000 r_cr:0.0000
-------- Clump 101: PIEMD Kovner, truncated
 Total mass: 0.017250(cor) 0.015613 (10^12 M_sol)
 rcut:1.52(") 6.67(kpc)
 vdisp:46.21(km/s) b0:0.0924
 rc:0.00(") 0.00(kpc)
 rt:1.52(") 6.67(kpc)
 r_ct:0.0000 r_cr:0.0000
-------- Clump 102: PIEMD Kovner, truncated
 Total mass: 0.016767(cor) 0.015177 (10^12 M_sol)
 rcut:1.50(") 6.58(kpc)
 vdisp:45.88(km/s) b0:0.0911
 rc:0.00(") 0.00(kpc)
 rt:1.50(") 6.58(kpc)
 r_ct:0.0000 r_cr:0.0000
-------- Clump 103: PIEMD Kovner, truncated
 Total mass: 0.016624(cor) 0.015047 (10^12 M_sol)
 rcut:1.50(") 6.55(kpc)
 vdisp:45.78(km/s) b0:0.0907
 rc:0.00(") 0.00(kpc)
 rt:1.50(") 6.55(kpc)
 r_ct:0.0000 r_cr:0.0000
-------- Clump 104: PIEMD Kovner, truncated
 Total mass: 0.016199(cor) 0.014663 (10^12 M_sol)
 rcut:1.48(") 6.47(kpc)
 vdisp:45.49(km/s) b0:0.0895
 rc:0.00(") 0.00(kpc)
 rt:1.48(") 6.47(kpc)
 r_ct:0.0000 r_cr:0.0000
-------- Clump 105: PIEMD Kovner, truncated
 Total mass: 0.015334(cor) 0.013880 (10^12 M_sol)
 rcut:1.44(") 6.29(kpc)
 vdisp:44.87(km/s) b0:0.0871
 rc:0.00(") 0.00(kpc)
 rt:1.44(") 6.29(kpc)
 r_ct:0.0000 r_cr:0.0000
-------- Clump 106: PIEMD Kovner, truncated
 Total mass: 0.015203(cor) 0.013761 (10^12 M_sol)
 rcut:1.43(") 6.26(kpc)
 vdisp:44.77(km/s) b0:0.0867
 rc:0.00(") 0.00(kpc)
 rt:1.43(") 6.26(kpc)
 r_ct:0.0000 r_cr:0.0000
-------- Clump 107: PIEMD Kovner, truncated
 Total mass: 0.015127(cor) 0.013692 (10^12 M_sol)
 rcut:1.43(") 6.25(kpc)
 vdisp:44.71(km/s) b0:0.0865
 rc:0.00(") 0.00(kpc)
 rt:1.43(") 6.25(kpc)
 r_ct:0.0000 r_cr:0.0000
-------- Clump 108: PIEMD Kovner, truncated
 Total mass: 0.014793(cor) 0.013390 (10^12 M_sol)
 rcut:1.41(") 6.18(kpc)
 vdisp:44.47(km/s) b0:0.0855
 rc:0.00(") 0.00(kpc)
 rt:1.41(") 6.18(kpc)
 r_ct:0.0000 r_cr:0.0000
-------- Clump 109: PIEMD Kovner, truncated
 Total mass: 0.013253(cor) 0.011995 (10^12 M_sol)
 rcut:1.34(") 5.85(kpc)
 vdisp:43.26(km/s) b0:0.0810
 rc:0.00(") 0.00(kpc)
 rt:1.34(") 5.85(kpc)
 r_ct:0.0000 r_cr:0.0000
-------- Clump 110: PIEMD Kovner, truncated
 Total mass: 0.013121(cor) 0.011877 (10^12 M_sol)
 rcut:1.33(") 5.82(kpc)
 vdisp:43.15(km/s) b0:0.0806
 rc:0.00(") 0.00(kpc)
 rt:1.33(") 5.82(kpc)
 r_ct:0.0000 r_cr:0.0000
-------- Clump 111: PIEMD Kovner, truncated
 Total mass: 0.013044(cor) 0.011807 (10^12 M_sol)
 rcut:1.33(") 5.80(kpc)
 vdisp:43.09(km/s) b0:0.0803
 rc:0.00(") 0.00(kpc)
 rt:1.33(") 5.80(kpc)
 r_ct:0.0000 r_cr:0.0000
-------- Clump 112: PIEMD Kovner, truncated
 Total mass: 0.012805(cor) 0.011590 (10^12 M_sol)
 rcut:1.31(") 5.75(kpc)
 vdisp:42.89(km/s) b0:0.0796
 rc:0.00(") 0.00(kpc)
 rt:1.31(") 5.75(kpc)
 r_ct:0.0000 r_cr:0.0000
-------- Clump 113: PIEMD Kovner, truncated
 Total mass: 0.011878(cor) 0.010751 (10^12 M_sol)
 rcut:1.27(") 5.54(kpc)
 vdisp:42.09(km/s) b0:0.0766
 rc:0.00(") 0.00(kpc)
 rt:1.27(") 5.54(kpc)
 r_ct:0.0000 r_cr:0.0000
-------- Clump 114: PIEMD Kovner, truncated
 Total mass: 0.011554(cor) 0.010458 (10^12 M_sol)
 rcut:1.25(") 5.46(kpc)
 vdisp:41.80(km/s) b0:0.0756
 rc:0.00(") 0.00(kpc)
 rt:1.25(") 5.46(kpc)
 r_ct:0.0000 r_cr:0.0000
-------- Clump 115: PIEMD Kovner, truncated
 Total mass: 0.011549(cor) 0.010453 (10^12 M_sol)
 rcut:1.25(") 5.46(kpc)
 vdisp:41.80(km/s) b0:0.0756
 rc:0.00(") 0.00(kpc)
 rt:1.25(") 5.46(kpc)
 r_ct:0.0000 r_cr:0.0000
-------- Clump 116: PIEMD Kovner, truncated
 Total mass: 0.011457(cor) 0.010370 (10^12 M_sol)
 rcut:1.24(") 5.44(kpc)
 vdisp:41.71(km/s) b0:0.0753
 rc:0.00(") 0.00(kpc)
 rt:1.24(") 5.44(kpc)
 r_ct:0.0000 r_cr:0.0000
-------- Clump 117: PIEMD Kovner, truncated
 Total mass: 0.011256(cor) 0.010188 (10^12 M_sol)
 rcut:1.23(") 5.39(kpc)
 vdisp:41.53(km/s) b0:0.0746
 rc:0.00(") 0.00(kpc)
 rt:1.23(") 5.39(kpc)
 r_ct:0.0000 r_cr:0.0000
-------- Clump 118: PIEMD Kovner, truncated
 Total mass: 0.011065(cor) 0.010015 (10^12 M_sol)
 rcut:1.22(") 5.34(kpc)
 vdisp:41.35(km/s) b0:0.0740
 rc:0.00(") 0.00(kpc)
 rt:1.22(") 5.34(kpc)
 r_ct:0.0000 r_cr:0.0000
-------- Clump 119: PIEMD Kovner, truncated
 Total mass: 0.009925(cor) 0.008984 (10^12 M_sol)
 rcut:1.16(") 5.06(kpc)
 vdisp:40.24(km/s) b0:0.0701
 rc:0.00(") 0.00(kpc)
 rt:1.16(") 5.06(kpc)
 r_ct:0.0000 r_cr:0.0000
-------- Clump 120: PIEMD Kovner, truncated
 Total mass: 0.009894(cor) 0.008956 (10^12 M_sol)
 rcut:1.15(") 5.05(kpc)
 vdisp:40.21(km/s) b0:0.0699
 rc:0.00(") 0.00(kpc)
 rt:1.15(") 5.05(kpc)
 r_ct:0.0000 r_cr:0.0000
-------- Clump 121: PIEMD Kovner, truncated
 Total mass: 0.009817(cor) 0.008886 (10^12 M_sol)
 rcut:1.15(") 5.03(kpc)
 vdisp:40.13(km/s) b0:0.0697
 rc:0.00(") 0.00(kpc)
 rt:1.15(") 5.03(kpc)
 r_ct:0.0000 r_cr:0.0000
-------- Clump 122: PIEMD Kovner, truncated
 Total mass: 0.009431(cor) 0.008536 (10^12 M_sol)
 rcut:1.13(") 4.93(kpc)
 vdisp:39.73(km/s) b0:0.0683
 rc:0.00(") 0.00(kpc)
 rt:1.13(") 4.93(kpc)
 r_ct:0.0000 r_cr:0.0000
-------- Clump 123: PIEMD Kovner, truncated
 Total mass: 0.009395(cor) 0.008504 (10^12 M_sol)
 rcut:1.13(") 4.92(kpc)
 vdisp:39.69(km/s) b0:0.0682
 rc:0.00(") 0.00(kpc)
 rt:1.13(") 4.92(kpc)
 r_ct:0.0000 r_cr:0.0000
-------- Clump 124: PIEMD Kovner, truncated
 Total mass: 0.009172(cor) 0.008302 (10^12 M_sol)
 rcut:1.11(") 4.87(kpc)
 vdisp:39.46(km/s) b0:0.0673
 rc:0.00(") 0.00(kpc)
 rt:1.11(") 4.87(kpc)
 r_ct:0.0000 r_cr:0.0000
-------- Clump 125: PIEMD Kovner, truncated
 Total mass: 0.008789(cor) 0.007955 (10^12 M_sol)
 rcut:1.09(") 4.76(kpc)
 vdisp:39.04(km/s) b0:0.0659
 rc:0.00(") 0.00(kpc)
 rt:1.09(") 4.76(kpc)
 r_ct:0.0000 r_cr:0.0000
-------- Clump 126: PIEMD Kovner, truncated
 Total mass: 0.008731(cor) 0.007903 (10^12 M_sol)
 rcut:1.08(") 4.75(kpc)
 vdisp:38.97(km/s) b0:0.0657
 rc:0.00(") 0.00(kpc)
 rt:1.08(") 4.75(kpc)
 r_ct:0.0000 r_cr:0.0000
-------- Clump 127: PIEMD Kovner, truncated
 Total mass: 0.008576(cor) 0.007763 (10^12 M_sol)
 rcut:1.08(") 4.70(kpc)
 vdisp:38.80(km/s) b0:0.0651
 rc:0.00(") 0.00(kpc)
 rt:1.08(") 4.70(kpc)
 r_ct:0.0000 r_cr:0.0000
-------- Clump 128: PIEMD Kovner, truncated
 Total mass: 0.008565(cor) 0.007753 (10^12 M_sol)
 rcut:1.07(") 4.70(kpc)
 vdisp:38.79(km/s) b0:0.0651
 rc:0.00(") 0.00(kpc)
 rt:1.07(") 4.70(kpc)
 r_ct:0.0000 r_cr:0.0000
-------- Clump 129: PIEMD Kovner, truncated
 Total mass: 0.008551(cor) 0.007740 (10^12 M_sol)
 rcut:1.07(") 4.70(kpc)
 vdisp:38.77(km/s) b0:0.0650
 rc:0.00(") 0.00(kpc)
 rt:1.07(") 4.70(kpc)
 r_ct:0.0000 r_cr:0.0000
-------- Clump 130: PIEMD Kovner, truncated
 Total mass: 0.008481(cor) 0.007677 (10^12 M_sol)
 rcut:1.07(") 4.68(kpc)
 vdisp:38.69(km/s) b0:0.0648
 rc:0.00(") 0.00(kpc)
 rt:1.07(") 4.68(kpc)
 r_ct:0.0000 r_cr:0.0000
-------- Clump 131: PIEMD Kovner, truncated
 Total mass: 0.008076(cor) 0.007310 (10^12 M_sol)
 rcut:1.04(") 4.57(kpc)
 vdisp:38.22(km/s) b0:0.0632
 rc:0.00(") 0.00(kpc)
 rt:1.04(") 4.57(kpc)
 r_ct:0.0000 r_cr:0.0000
-------- Clump 132: PIEMD Kovner, truncated
 Total mass: 0.008067(cor) 0.007302 (10^12 M_sol)
 rcut:1.04(") 4.56(kpc)
 vdisp:38.21(km/s) b0:0.0632
 rc:0.00(") 0.00(kpc)
 rt:1.04(") 4.56(kpc)
 r_ct:0.0000 r_cr:0.0000
-------- Clump 133: PIEMD Kovner, truncated
 Total mass: 0.007948(cor) 0.007194 (10^12 M_sol)
 rcut:1.04(") 4.53(kpc)
 vdisp:38.07(km/s) b0:0.0627
 rc:0.00(") 0.00(kpc)
 rt:1.04(") 4.53(kpc)
 r_ct:0.0000 r_cr:0.0000
-------- Clump 134: PIEMD Kovner, truncated
 Total mass: 0.007687(cor) 0.006958 (10^12 M_sol)
 rcut:1.02(") 4.45(kpc)
 vdisp:37.75(km/s) b0:0.0617
 rc:0.00(") 0.00(kpc)
 rt:1.02(") 4.45(kpc)
 r_ct:0.0000 r_cr:0.0000
-------- Clump 135: PIEMD Kovner, truncated
 Total mass: 0.007509(cor) 0.006797 (10^12 M_sol)
 rcut:1.01(") 4.40(kpc)
 vdisp:37.53(km/s) b0:0.0609
 rc:0.00(") 0.00(kpc)
 rt:1.01(") 4.40(kpc)
 r_ct:0.0000 r_cr:0.0000
-------- Clump 136: PIEMD Kovner, truncated
 Total mass: 0.007417(cor) 0.006713 (10^12 M_sol)
 rcut:1.00(") 4.37(kpc)
 vdisp:37.42(km/s) b0:0.0606
 rc:0.00(") 0.00(kpc)
 rt:1.00(") 4.37(kpc)
 r_ct:0.0000 r_cr:0.0000
-------- Clump 137: PIEMD Kovner, truncated
 Total mass: 0.007392(cor) 0.006690 (10^12 M_sol)
 rcut:1.00(") 4.37(kpc)
 vdisp:37.38(km/s) b0:0.0605
 rc:0.00(") 0.00(kpc)
 rt:1.00(") 4.37(kpc)
 r_ct:0.0000 r_cr:0.0000
-------- Clump 138: PIEMD Kovner, truncated
 Total mass: 0.007304(cor) 0.006611 (10^12 M_sol)
 rcut:0.99(") 4.34(kpc)
 vdisp:37.27(km/s) b0:0.0601
 rc:0.00(") 0.00(kpc)
 rt:0.99(") 4.34(kpc)
 r_ct:0.0000 r_cr:0.0000
-------- Clump 139: PIEMD Kovner, truncated
 Total mass: 0.007065(cor) 0.006395 (10^12 M_sol)
 rcut:0.98(") 4.27(kpc)
 vdisp:36.96(km/s) b0:0.0591
 rc:0.00(") 0.00(kpc)
 rt:0.98(") 4.27(kpc)
 r_ct:0.0000 r_cr:0.0000
-------- Clump 140: PIEMD Kovner, truncated
 Total mass: 0.007036(cor) 0.006368 (10^12 M_sol)
 rcut:0.97(") 4.26(kpc)
 vdisp:36.93(km/s) b0:0.0590
 rc:0.00(") 0.00(kpc)
 rt:0.97(") 4.26(kpc)
 r_ct:0.0000 r_cr:0.0000
-------- Clump 141: PIEMD Kovner, truncated
 Total mass: 0.006992(cor) 0.006329 (10^12 M_sol)
 rcut:0.97(") 4.25(kpc)
 vdisp:36.87(km/s) b0:0.0588
 rc:0.00(") 0.00(kpc)
 rt:0.97(") 4.25(kpc)
 r_ct:0.0000 r_cr:0.0000
-------- Clump 142: PIEMD Kovner, truncated
 Total mass: 0.006945(cor) 0.006287 (10^12 M_sol)
 rcut:0.97(") 4.23(kpc)
 vdisp:36.81(km/s) b0:0.0586
 rc:0.00(") 0.00(kpc)
 rt:0.97(") 4.23(kpc)
 r_ct:0.0000 r_cr:0.0000
-------- Clump 143: PIEMD Kovner, truncated
 Total mass: 0.006878(cor) 0.006226 (10^12 M_sol)
 rcut:0.96(") 4.21(kpc)
 vdisp:36.72(km/s) b0:0.0583
 rc:0.00(") 0.00(kpc)
 rt:0.96(") 4.21(kpc)
 r_ct:0.0000 r_cr:0.0000
-------- Clump 144: PIEMD Kovner, truncated
 Total mass: 0.006797(cor) 0.006152 (10^12 M_sol)
 rcut:0.96(") 4.19(kpc)
 vdisp:36.61(km/s) b0:0.0580
 rc:0.00(") 0.00(kpc)
 rt:0.96(") 4.19(kpc)
 r_ct:0.0000 r_cr:0.0000
-------- Clump 145: PIEMD Kovner, truncated
 Total mass: 0.006796(cor) 0.006151 (10^12 M_sol)
 rcut:0.96(") 4.19(kpc)
 vdisp:36.61(km/s) b0:0.0580
 rc:0.00(") 0.00(kpc)
 rt:0.96(") 4.19(kpc)
 r_ct:0.0000 r_cr:0.0000
-------- Clump 146: PIEMD Kovner, truncated
 Total mass: 0.006708(cor) 0.006072 (10^12 M_sol)
 rcut:0.95(") 4.16(kpc)
 vdisp:36.49(km/s) b0:0.0576
 rc:0.00(") 0.00(kpc)
 rt:0.95(") 4.16(kpc)
 r_ct:0.0000 r_cr:0.0000
-------- Clump 147: PIEMD Kovner, truncated
 Total mass: 0.006673(cor) 0.006040 (10^12 M_sol)
 rcut:0.95(") 4.15(kpc)
 vdisp:36.44(km/s) b0:0.0574
 rc:0.00(") 0.00(kpc)
 rt:0.95(") 4.15(kpc)
 r_ct:0.0000 r_cr:0.0000
-------- Clump 148: PIEMD Kovner, truncated
 Total mass: 0.006632(cor) 0.006003 (10^12 M_sol)
 rcut:0.95(") 4.14(kpc)
 vdisp:36.38(km/s) b0:0.0573
 rc:0.00(") 0.00(kpc)
 rt:0.95(") 4.14(kpc)
 r_ct:0.0000 r_cr:0.0000
-------- Clump 149: PIEMD Kovner, truncated
 Total mass: 0.006483(cor) 0.005868 (10^12 M_sol)
 rcut:0.93(") 4.09(kpc)
 vdisp:36.18(km/s) b0:0.0566
 rc:0.00(") 0.00(kpc)
 rt:0.93(") 4.09(kpc)
 r_ct:0.0000 r_cr:0.0000
-------- Clump 150: PIEMD Kovner, truncated
 Total mass: 0.006406(cor) 0.005799 (10^12 M_sol)
 rcut:0.93(") 4.07(kpc)
 vdisp:36.07(km/s) b0:0.0563
 rc:0.00(") 0.00(kpc)
 rt:0.93(") 4.07(kpc)
 r_ct:0.0000 r_cr:0.0000
-------- Clump 151: PIEMD Kovner, truncated
 Total mass: 0.006334(cor) 0.005733 (10^12 M_sol)
 rcut:0.92(") 4.04(kpc)
 vdisp:35.97(km/s) b0:0.0560
 rc:0.00(") 0.00(kpc)
 rt:0.92(") 4.04(kpc)
 r_ct:0.0000 r_cr:0.0000
-------- Clump 152: PIEMD Kovner, truncated
 Total mass: 0.006292(cor) 0.005695 (10^12 M_sol)
 rcut:0.92(") 4.03(kpc)
 vdisp:35.91(km/s) b0:0.0558
 rc:0.00(") 0.00(kpc)
 rt:0.92(") 4.03(kpc)
 r_ct:0.0000 r_cr:0.0000
-------- Clump 153: PIEMD Kovner, truncated
 Total mass: 0.006134(cor) 0.005553 (10^12 M_sol)
 rcut:0.91(") 3.98(kpc)
 vdisp:35.68(km/s) b0:0.0551
 rc:0.00(") 0.00(kpc)
 rt:0.91(") 3.98(kpc)
 r_ct:0.0000 r_cr:0.0000
-------- Clump 154: PIEMD Kovner, truncated
 Total mass: 0.005754(cor) 0.005208 (10^12 M_sol)
 rcut:0.88(") 3.85(kpc)
 vdisp:35.12(km/s) b0:0.0533
 rc:0.00(") 0.00(kpc)
 rt:0.88(") 3.85(kpc)
 r_ct:0.0000 r_cr:0.0000
-------- Clump 155: PIEMD Kovner, truncated
 Total mass: 0.005555(cor) 0.005028 (10^12 M_sol)
 rcut:0.87(") 3.79(kpc)
 vdisp:34.81(km/s) b0:0.0524
 rc:0.00(") 0.00(kpc)
 rt:0.87(") 3.79(kpc)
 r_ct:0.0000 r_cr:0.0000
-------- Clump 156: PIEMD Kovner, truncated
 Total mass: 0.005411(cor) 0.004898 (10^12 M_sol)
 rcut:0.85(") 3.74(kpc)
 vdisp:34.58(km/s) b0:0.0517
 rc:0.00(") 0.00(kpc)
 rt:0.85(") 3.74(kpc)
 r_ct:0.0000 r_cr:0.0000
-------- Clump 157: PIEMD Kovner, truncated
 Total mass: 0.005350(cor) 0.004842 (10^12 M_sol)
 rcut:0.85(") 3.72(kpc)
 vdisp:34.48(km/s) b0:0.0514
 rc:0.00(") 0.00(kpc)
 rt:0.85(") 3.72(kpc)
 r_ct:0.0000 r_cr:0.0000
-------- Clump 158: PIEMD Kovner, truncated
 Total mass: 0.005275(cor) 0.004775 (10^12 M_sol)
 rcut:0.84(") 3.69(kpc)
 vdisp:34.36(km/s) b0:0.0511
 rc:0.00(") 0.00(kpc)
 rt:0.84(") 3.69(kpc)
 r_ct:0.0000 r_cr:0.0000
-------- Clump 159: PIEMD Kovner, truncated
 Total mass: 0.005274(cor) 0.004774 (10^12 M_sol)
 rcut:0.84(") 3.69(kpc)
 vdisp:34.36(km/s) b0:0.0511
 rc:0.00(") 0.00(kpc)
 rt:0.84(") 3.69(kpc)
 r_ct:0.0000 r_cr:0.0000
-------- Clump 160: PIEMD Kovner, truncated
 Total mass: 0.005261(cor) 0.004762 (10^12 M_sol)
 rcut:0.84(") 3.68(kpc)
 vdisp:34.34(km/s) b0:0.0510
 rc:0.00(") 0.00(kpc)
 rt:0.84(") 3.68(kpc)
 r_ct:0.0000 r_cr:0.0000
