runmode
	reference	3 59.736256 -29.942908 59.736256 -29.942908
	image	1 arcs.dat
	mass	3 2000 0.425000 mass3.fits
	end
grid
	number		128
	polar		0
	nlens	2
	end
source
	z_source	0.435000
	end
image
	newton		1
	end
potential
0
	profile		81
	x_centre	0.000000
	y_centre	0.000000
	ellipticity	0.496821
	angle_pos	20.614392
	core_radius	0.506229
	core_radius_kpc	2.820553
	cut_radius	17.947865
	cut_radius_kpc	100.000000
	v_disp		251.378852
	z_lens		0.425000
	end
potential
1
	profile		14
	gamma	0.148100
	angle_pos	-49.420600
	kappa	0.000000
	z_lens		0.425000
	end
cline
	nplan		1 4.500000 
	dmax		100.000000
	algorithm		MARCHINGSQUARES
	connect		1
	limitHigh		0.200000
	limitLow		0.050000
	end
grande
	iso	0 0 0.000000 0.000000 0.000000
	name	best
	profile	0 0
	contour	1 0
	large_dist	0.300000
	end
cosmology
	model	1
	H0	70.000000
	omegaM	0.300000
	omegaX	0.700000
	omegaK	0.000000
	wX	-1.000000
	wa	0.000000
	kcourb	0.000000
	end
field
	xmin	-20.000000
	xmax	20.000000
	ymin	-20.000000
	ymax	20.000000
	end
finish
For z_s = 0.4350  DLS/DS:0.0204
DLS:0.0055(lt) 23.76(Mpc) DOS:0.2720(lt) 1165.00(Mpc)
DOL:0.2683(lt) 1149.24(Mpc) DOL_lum:0.5449(lt) 2333.68(Mpc)
Mcrit:7.092454e-02 (10^12 Msol/kpc^2)
Conversion Factor @ z = 0.425000, 1 arcsec == 5.572 kpc
Number of Clumps: 2
-------- Clump 1: PIEMD Kovner, truncated
 Total mass: 7.652200(cor) 6.736315 (10^12 M_sol)
 rcut:17.95(") 100.00(kpc)
 vdisp:251.38(km/s) b0:2.7336
 rc:0.51(") 2.82(kpc)
 rt:17.95(") 100.00(kpc)
 r_ct:0.0000 r_cr:0.0000
-------- Clump 2: External shear and kappa 
 gamma:0.1481
 kappa:0.0000
