runmode
	reference	3 28.164467 -13.968482 28.164467 -13.968482
	image	1 arcs.dat
	mass	3 2000 0.826900 mass3.fits
	end
grid
	number		128
	polar		0
	nlens	1
	end
source
	z_source	0.850000
	end
image
	newton		1
	end
potential
0
	profile		81
	x_centre	0.000000
	y_centre	0.000000
	ellipticity	0.767153
	angle_pos	-89.919952
	core_radius	0.100307
	core_radius_kpc	0.761487
	cut_radius	13.172514
	cut_radius_kpc	100.000000
	v_disp		233.438383
	z_lens		0.826900
	end
cline
	nplan		1 4.500000 
	dmax		40.000000
	algorithm		MARCHINGSQUARES
	limitHigh		0.300000
	limitLow		0.020000
	end
grande
	iso	0 0 0.000000 0.000000 0.000000
	name	best
	profile	0 0
	contour	1 0
	large_dist	0.300000
	end
cosmology
	model	1
	H0	70.000000
	omegaM	0.300000
	omegaX	0.700000
	omegaK	0.000000
	wX	-1.000000
	wa	0.000000
	kcourb	0.000000
	end
field
	xmin	-20.000000
	xmax	20.000000
	ymin	-20.000000
	ymax	20.000000
	end
finish
For z_s = 0.8500  DLS/DS:0.0211
DLS:0.0078(lt) 33.40(Mpc) DOS:0.3689(lt) 1579.72(Mpc)
DOL:0.3656(lt) 1565.87(Mpc) DOL_lum:1.2203(lt) 5226.20(Mpc)
Mcrit:5.022598e-02 (10^12 Msol/kpc^2)
Conversion Factor @ z = 0.826900, 1 arcsec == 7.592 kpc
Number of Clumps: 1
-------- Clump 1: PIEMD Kovner, truncated
 Total mass: 6.598927(cor) 5.927818 (10^12 M_sol)
 rcut:13.17(") 100.00(kpc)
 vdisp:233.44(km/s) b0:2.3574
 rc:0.10(") 0.76(kpc)
 rt:13.17(") 100.00(kpc)
 r_ct:0.0000 r_cr:0.0000
