runmode
	reference	3 87.304253 -62.077565 87.304253 -62.077565
	image	1 arcs.dat
	mass	3 2000 0.375500 mass3.fits
	end
grid
	number		128
	polar		0
	nlens	4
	end
source
	z_source	0.385500
	end
image
	newton		1
	end
potential
0
	profile		81
	x_centre	0.000000
	y_centre	0.000000
	ellipticity	0.578397
	angle_pos	29.880867
	core_radius	0.451212
	core_radius_kpc	2.331344
	cut_radius	19.354158
	cut_radius_kpc	100.000000
	v_disp		190.260227
	z_lens		0.375500
	end
potential
1
	profile		81
	x_centre	1.917589
	y_centre	2.968200
	ellipticity	0.032059
	angle_pos	46.706298
	core_radius	3.520915
	core_radius_kpc	18.192034
	cut_radius	19.354158
	cut_radius_kpc	100.000000
	v_disp		412.144401
	z_lens		0.375500
	end
potential
2
	profile		81
	x_centre	0.005563
	y_centre	3.419280
	ellipticity	0.795925
	angle_pos	16.353779
	core_radius	6.013315
	core_radius_kpc	31.069887
	cut_radius	19.354158
	cut_radius_kpc	100.000000
	v_disp		284.416082
	z_lens		0.375500
	end
potential
3
	profile		14
	gamma	0.116200
	angle_pos	16.187000
	kappa	0.000000
	z_lens		0.375500
	end
cline
	nplan		1 4.500000 
	dmax		100.000000
	algorithm		MARCHINGSQUARES
	connect		1
	limitHigh		0.200000
	limitLow		0.050000
	end
grande
	iso	0 0 0.000000 0.000000 0.000000
	name	best
	profile	0 0
	contour	1 0
	large_dist	0.300000
	end
cosmology
	model	1
	H0	70.000000
	omegaM	0.300000
	omegaX	0.700000
	omegaK	0.000000
	wX	-1.000000
	wa	0.000000
	kcourb	0.000000
	end
field
	xmin	-20.000000
	xmax	20.000000
	ymin	-20.000000
	ymax	20.000000
	end
finish
For z_s = 0.3855  DLS/DS:0.0234
DLS:0.0059(lt) 25.33(Mpc) DOS:0.2530(lt) 1083.38(Mpc)
DOL:0.2488(lt) 1065.74(Mpc) DOL_lum:0.4708(lt) 2016.38(Mpc)
Mcrit:6.672713e-02 (10^12 Msol/kpc^2)
Conversion Factor @ z = 0.375500, 1 arcsec == 5.167 kpc
Number of Clumps: 4
-------- Clump 1: PIEMD Kovner, truncated
 Total mass: 4.383539(cor) 3.877325 (10^12 M_sol)
 rcut:19.35(") 100.00(kpc)
 vdisp:190.26(km/s) b0:1.5660
 rc:0.45(") 2.33(kpc)
 rt:19.35(") 100.00(kpc)
 r_ct:0.0000 r_cr:0.0000
-------- Clump 2: PIEMD Kovner, truncated
 Total mass: 20.569684(cor) 15.752717 (10^12 M_sol)
 rcut:19.35(") 100.00(kpc)
 vdisp:412.14(km/s) b0:7.3482
 rc:3.52(") 18.19(kpc)
 rt:19.35(") 100.00(kpc)
 r_ct:0.0000 r_cr:0.0000
-------- Clump 3: PIEMD Kovner, truncated
 Total mass: 9.795737(cor) 6.764726 (10^12 M_sol)
 rcut:19.35(") 100.00(kpc)
 vdisp:284.42(km/s) b0:3.4994
 rc:6.01(") 31.07(kpc)
 rt:19.35(") 100.00(kpc)
 r_ct:0.0000 r_cr:0.0000
-------- Clump 4: External shear and kappa 
 gamma:0.1162
 kappa:0.0000
