runmode
	reference	3 28.1644673 -13.9684823 28.164467 -13.968482
	inverse	3 0.050000 400
	end
image
	multfile	1 arcs.dat
	newton		1
	forme		-1
	mult_wcs	1
	sigposArcsec		0.500000
	end
grille
	nombre		128
	polaire		0
	nlentille	200
	nlens_opt	2
	end
source
	z_source	0.850000
	end
potential	O2
0
	profil		81
	x_centre	-0.926000
	y_centre	-1.883000
	ellipticite	0.600000
	angle_pos	45.000000
	core_radius_kpc	0.761487
	cut_radius_kpc	100.000000
	v_disp		100.000000
	z_lens		0.826900
	end
limit	O2
0
	x_centre	0 -5.000000 5.000000 0.000000
	y_centre	0 -5.000000 5.000000 0.000000
	ellipticite	1 0.000000 0.800000 0.000000
	angle_pos	1 -1.570796 1.570796 0.001745
	core_radius_kpc	0 0.010000 50.000000 0.010000
	v_disp		1 10.000000 500.000000 0.000000
	end
potential
1
	profil		14
	gamma	1.000000
	angle_pos	0.000000
	kappa	0.000000
	z_lens		0.826900
	end
limit
1
	gamma	1 0.000000 1.200000 0.000000
	angle_pos	1 -1.570796 1.570796 0.001745
	end
potential
2
	profile		81
	x_centre	0.000000
	y_centre	0.000000
	ellipticity	0.767153
	angle_pos	-89.919952
	core_radius	0.100307
	core_radius_kpc	0.761487
	cut_radius	13.172514
	cut_radius_kpc	100.000000
	v_disp		233.438383
	z_lens		0.826900
	end
cline
	nplan		0
	dmax		40.000000
	algorithm		MARCHINGSQUARES
	limitHigh		10.000000
	limitLow		3.000000
	end
grande
	iso	0 0 0.000000 0.000000 0.000000
	name	best
	profil	0 0
	contour	1 0
	large_dist	0.300000
	end
cosmologie
	model	1
	H0	70.000000
	omegaM	0.300000
	omegaX	0.700000
	omegaK	0.000000
	wX	-1.000000
	wa	0.000000
	kcourb	0.000000
	end
cosmolimit
	omegaM	0 0.000000 0.000000
	omegaX	0 0.000000 0.000000
	wX	0 0.000000 0.000000
	wa	0 0.000000 0.000000
	end
field
	xmin	-20.000000
	xmax	20.000000
	ymin	-20.000000
	ymax	20.000000
	end
fini
For z_s = 0.8500  DLS/DS:0.0211
DLS:0.0078(lt) 33.40(Mpc) DOS:0.3689(lt) 1579.72(Mpc)
DOL:0.3656(lt) 1565.87(Mpc) DOL_lum:1.2203(lt) 5226.20(Mpc)
Mcrit:5.022598e-02 (10^12 Msol/kpc^2)
Conversion Factor @ z = 0.826900, 1 arcsec == 7.592 kpc
Number of Clumps: 3
-------- Clump O1: PIEMD Kovner, truncated
 Total mass: 1.210957(cor) 1.087803 (10^12 M_sol)
 rcut:13.17(") 100.00(kpc)
 vdisp:100.00(km/s) b0:0.4326
 rc:0.10(") 0.76(kpc)
 rt:13.17(") 100.00(kpc)
 r_ct:0.0000 r_cr:0.0000
-------- Clump O2: External shear and kappa 
 gamma:1.0000
 kappa:0.0000
-------- Clump 3: PIEMD Kovner, truncated
 Total mass: 6.598927(cor) 5.927818 (10^12 M_sol)
 rcut:13.17(") 100.00(kpc)
 vdisp:233.44(km/s) b0:2.3574
 rc:0.10(") 0.76(kpc)
 rt:13.17(") 100.00(kpc)
 r_ct:0.0000 r_cr:0.0000
