runmode
	reference	3 87.333313 -62.087076 87.333313 -62.087076
	image	1 arcs.dat
	end
grid
	number		30
	polar		0
	nlens	200
	end
image
	z_m_limit	 1 1.0 0 2.307  0.000  0.0000 
	z_m_limit	 1 3.0 0 1.661  0.000  0.0000 
	z_m_limit	 1 6.0 0 3.649  0.000  0.0000 
	z_m_limit	 1 7.0 0 3.973  0.000  0.0000 
	z_m_limit	 1 8.0 0 1.967  0.000  0.0000 
	z_m_limit	 1 10.0 0 5.101  0.000  0.0000 
	z_m_limit	 1 11.0 0 6.752  0.000  0.0000 
	z_m_limit	 1 12.0 0 3.278  0.000  0.0000 
	newton		1
	end
potential
0
	profile		81
	x_centre	-0.176729
	y_centre	4.928891
	ellipticity	0.780736
	angle_pos	119.115790
	core_radius	5.947359
	core_radius_kpc	30.729102
	cut_radius	290.312368
	cut_radius_kpc	1500.000000
	v_disp		954.334544
	z_lens		0.375500
	end
potential
1
	profile		81
	x_centre	46.693263
	y_centre	-58.822105
	ellipticity	0.210629
	angle_pos	4.011594
	core_radius	2.469543
	core_radius_kpc	12.759754
	cut_radius	290.312368
	cut_radius_kpc	1500.000000
	v_disp		517.507226
	z_lens		0.375500
	end
potential
2
	profile		81
	x_centre	61.893604
	y_centre	-72.460707
	ellipticity	0.502632
	angle_pos	0.000000
	core_radius	0.017104
	core_radius_kpc	0.088375
	cut_radius	4.007182
	cut_radius_kpc	20.704503
	v_disp		100.758589
	mag		18.148800
	z_lens		0.375500
	end
potential
3
	profile		81
	x_centre	0.301156
	y_centre	-0.254520
	ellipticity	0.542642
	angle_pos	-16.600000
	core_radius	0.010792
	core_radius_kpc	0.055761
	cut_radius	2.528361
	cut_radius_kpc	13.063658
	v_disp		80.035392
	mag		19.148800
	z_lens		0.375500
	end
potential
4
	profile		81
	x_centre	46.693263
	y_centre	-58.822105
	ellipticity	0.223334
	angle_pos	-69.500000
	core_radius	0.014549
	core_radius_kpc	0.075175
	cut_radius	3.408624
	cut_radius_kpc	17.611843
	v_disp		92.929174
	mag		18.500100
	z_lens		0.375500
	end
potential
5
	profile		81
	x_centre	0.105666
	y_centre	0.109080
	ellipticity	0.502632
	angle_pos	-75.470000
	core_radius	0.013580
	core_radius_kpc	0.070164
	cut_radius	3.181406
	cut_radius_kpc	16.437842
	v_disp		89.778445
	mag		18.649900
	z_lens		0.375500
	end
potential
6
	profile		81
	x_centre	-18.276273
	y_centre	85.186358
	ellipticity	0.193004
	angle_pos	28.240000
	core_radius	0.011825
	core_radius_kpc	0.061099
	cut_radius	2.770378
	cut_radius_kpc	14.314125
	v_disp		83.778403
	mag		18.950300
	z_lens		0.375500
	end
potential
7
	profile		81
	x_centre	65.775036
	y_centre	-62.154733
	ellipticity	0.528004
	angle_pos	61.040000
	core_radius	0.009761
	core_radius_kpc	0.050433
	cut_radius	2.286752
	cut_radius_kpc	11.815301
	v_disp		76.115320
	mag		19.366900
	z_lens		0.375500
	end
potential
8
	profile		81
	x_centre	8.313294
	y_centre	49.417965
	ellipticity	0.300505
	angle_pos	-39.940000
	core_radius	0.009747
	core_radius_kpc	0.050363
	cut_radius	2.283595
	cut_radius_kpc	11.798989
	v_disp		76.062760
	mag		19.369900
	z_lens		0.375500
	end
potential
9
	profile		81
	x_centre	48.980200
	y_centre	34.208107
	ellipticity	0.139332
	angle_pos	-82.510000
	core_radius	0.009367
	core_radius_kpc	0.048396
	cut_radius	2.194417
	cut_radius_kpc	11.338218
	v_disp		74.562778
	mag		19.456400
	z_lens		0.375500
	end
potential
10
	profile		81
	x_centre	40.101425
	y_centre	44.205326
	ellipticity	0.744495
	angle_pos	11.360000
	core_radius	0.009093
	core_radius_kpc	0.046984
	cut_radius	2.130390
	cut_radius_kpc	11.007401
	v_disp		73.466961
	mag		19.520700
	z_lens		0.375500
	end
potential
11
	profile		81
	x_centre	-51.850984
	y_centre	-17.906825
	ellipticity	0.087265
	angle_pos	24.040000
	core_radius	0.008938
	core_radius_kpc	0.046180
	cut_radius	2.093915
	cut_radius_kpc	10.818942
	v_disp		72.835328
	mag		19.558200
	z_lens		0.375500
	end
potential
12
	profile		81
	x_centre	-7.057491
	y_centre	64.311254
	ellipticity	0.085322
	angle_pos	4.410000
	core_radius	0.008340
	core_radius_kpc	0.043091
	cut_radius	1.953885
	cut_radius_kpc	10.095430
	v_disp		70.357772
	mag		19.708500
	z_lens		0.375500
	end
potential
13
	profile		81
	x_centre	-9.073457
	y_centre	34.405904
	ellipticity	0.069619
	angle_pos	-81.320000
	core_radius	0.008143
	core_radius_kpc	0.042072
	cut_radius	1.907652
	cut_radius_kpc	9.856547
	v_disp		69.520370
	mag		19.760500
	z_lens		0.375500
	end
potential
14
	profile		81
	x_centre	54.894663
	y_centre	-34.842715
	ellipticity	0.072572
	angle_pos	-35.210000
	core_radius	0.008080
	core_radius_kpc	0.041748
	cut_radius	1.892950
	cut_radius_kpc	9.780584
	v_disp		69.251961
	mag		19.777300
	z_lens		0.375500
	end
potential
15
	profile		81
	x_centre	-25.054000
	y_centre	1.506608
	ellipticity	0.026322
	angle_pos	8.140000
	core_radius	0.008017
	core_radius_kpc	0.041422
	cut_radius	1.878188
	cut_radius_kpc	9.704313
	v_disp		68.981412
	mag		19.794300
	z_lens		0.375500
	end
potential
16
	profile		81
	x_centre	51.682187
	y_centre	51.321266
	ellipticity	0.409130
	angle_pos	79.390000
	core_radius	0.007995
	core_radius_kpc	0.041310
	cut_radius	1.873092
	cut_radius_kpc	9.677982
	v_disp		68.887762
	mag		19.800200
	z_lens		0.375500
	end
potential
17
	profile		81
	x_centre	34.575764
	y_centre	-59.541196
	ellipticity	0.753915
	angle_pos	4.330000
	core_radius	0.007932
	core_radius_kpc	0.040986
	cut_radius	1.858400
	cut_radius_kpc	9.602069
	v_disp		68.617055
	mag		19.817300
	z_lens		0.375500
	end
potential
18
	profile		81
	x_centre	-3.507080
	y_centre	-66.850979
	ellipticity	0.751512
	angle_pos	14.840000
	core_radius	0.007671
	core_radius_kpc	0.039636
	cut_radius	1.797211
	cut_radius_kpc	9.285917
	v_disp		67.477981
	mag		19.890000
	z_lens		0.375500
	end
potential
19
	profile		81
	x_centre	50.502223
	y_centre	44.618616
	ellipticity	0.562463
	angle_pos	14.840000
	core_radius	0.007667
	core_radius_kpc	0.039616
	cut_radius	1.796301
	cut_radius_kpc	9.281214
	v_disp		67.460892
	mag		19.891100
	z_lens		0.375500
	end
potential
20
	profile		81
	x_centre	61.070060
	y_centre	36.066822
	ellipticity	0.175222
	angle_pos	-72.350000
	core_radius	0.007362
	core_radius_kpc	0.038039
	cut_radius	1.724801
	cut_radius_kpc	8.911787
	v_disp		66.104660
	mag		19.979300
	z_lens		0.375500
	end
potential
21
	profile		81
	x_centre	-3.146312
	y_centre	-20.241765
	ellipticity	0.316470
	angle_pos	43.060000
	core_radius	0.007096
	core_radius_kpc	0.036662
	cut_radius	1.662337
	cut_radius_kpc	8.589044
	v_disp		64.896620
	mag		20.059400
	z_lens		0.375500
	end
potential
22
	profile		81
	x_centre	-18.792140
	y_centre	-33.775737
	ellipticity	0.652474
	angle_pos	-25.490000
	core_radius	0.007017
	core_radius_kpc	0.036257
	cut_radius	1.643990
	cut_radius_kpc	8.494245
	v_disp		64.537491
	mag		20.083500
	z_lens		0.375500
	end
potential
23
	profile		81
	x_centre	-17.991196
	y_centre	33.677600
	ellipticity	0.381220
	angle_pos	-33.340000
	core_radius	0.006908
	core_radius_kpc	0.035690
	cut_radius	1.618300
	cut_radius_kpc	8.361512
	v_disp		64.031264
	mag		20.117700
	z_lens		0.375500
	end
potential
24
	profile		81
	x_centre	-25.052682
	y_centre	39.875410
	ellipticity	0.389582
	angle_pos	52.940000
	core_radius	0.006906
	core_radius_kpc	0.035682
	cut_radius	1.617928
	cut_radius_kpc	8.359587
	v_disp		64.023893
	mag		20.118200
	z_lens		0.375500
	end
potential
25
	profile		81
	x_centre	2.505451
	y_centre	-74.846552
	ellipticity	0.246234
	angle_pos	-69.590000
	core_radius	0.006734
	core_radius_kpc	0.034795
	cut_radius	1.577681
	cut_radius_kpc	8.151636
	v_disp		63.222560
	mag		20.172900
	z_lens		0.375500
	end
potential
26
	profile		81
	x_centre	35.989122
	y_centre	53.602758
	ellipticity	0.073152
	angle_pos	-82.050000
	core_radius	0.006535
	core_radius_kpc	0.033767
	cut_radius	1.531084
	cut_radius_kpc	7.910880
	v_disp		62.281932
	mag		20.238000
	z_lens		0.375500
	end
potential
27
	profile		81
	x_centre	50.884867
	y_centre	37.231238
	ellipticity	0.287728
	angle_pos	87.240000
	core_radius	0.006535
	core_radius_kpc	0.033765
	cut_radius	1.531014
	cut_radius_kpc	7.910516
	v_disp		62.280498
	mag		20.238100
	z_lens		0.375500
	end
potential
28
	profile		81
	x_centre	31.164417
	y_centre	-14.208965
	ellipticity	0.342845
	angle_pos	68.930000
	core_radius	0.006392
	core_radius_kpc	0.033026
	cut_radius	1.497473
	cut_radius_kpc	7.737217
	v_disp		61.594520
	mag		20.286200
	z_lens		0.375500
	end
potential
29
	profile		81
	x_centre	-52.091722
	y_centre	77.140278
	ellipticity	0.201301
	angle_pos	-46.130000
	core_radius	0.006355
	core_radius_kpc	0.032835
	cut_radius	1.488809
	cut_radius_kpc	7.692452
	v_disp		61.416078
	mag		20.298800
	z_lens		0.375500
	end
potential
30
	profile		81
	x_centre	3.732370
	y_centre	-48.922985
	ellipticity	0.687041
	angle_pos	6.900000
	core_radius	0.006316
	core_radius_kpc	0.032633
	cut_radius	1.479650
	cut_radius_kpc	7.645129
	v_disp		61.226873
	mag		20.312200
	z_lens		0.375500
	end
potential
31
	profile		81
	x_centre	26.001043
	y_centre	47.895989
	ellipticity	0.097959
	angle_pos	-30.470000
	core_radius	0.006167
	core_radius_kpc	0.031863
	cut_radius	1.444771
	cut_radius_kpc	7.464914
	v_disp		60.500934
	mag		20.364000
	z_lens		0.375500
	end
potential
32
	profile		81
	x_centre	-49.530872
	y_centre	-80.794161
	ellipticity	0.479103
	angle_pos	4.410000
	core_radius	0.005612
	core_radius_kpc	0.028996
	cut_radius	1.314738
	cut_radius_kpc	6.793050
	v_disp		57.714120
	mag		20.568800
	z_lens		0.375500
	end
potential
33
	profile		81
	x_centre	-53.630046
	y_centre	2.108320
	ellipticity	0.115752
	angle_pos	82.680000
	core_radius	0.005537
	core_radius_kpc	0.028608
	cut_radius	1.297177
	cut_radius_kpc	6.702315
	v_disp		57.327378
	mag		20.598000
	z_lens		0.375500
	end
potential
34
	profile		81
	x_centre	85.204571
	y_centre	40.752277
	ellipticity	0.364646
	angle_pos	45.880000
	core_radius	0.005507
	core_radius_kpc	0.028453
	cut_radius	1.290147
	cut_radius_kpc	6.665992
	v_disp		57.171828
	mag		20.609800
	z_lens		0.375500
	end
potential
35
	profile		81
	x_centre	-46.097248
	y_centre	55.215364
	ellipticity	0.164194
	angle_pos	78.830000
	core_radius	0.005316
	core_radius_kpc	0.027467
	cut_radius	1.245429
	cut_radius_kpc	6.434944
	v_disp		56.172283
	mag		20.686400
	z_lens		0.375500
	end
potential
36
	profile		81
	x_centre	43.206000
	y_centre	7.718139
	ellipticity	0.198153
	angle_pos	-83.110000
	core_radius	0.005250
	core_radius_kpc	0.027128
	cut_radius	1.230040
	cut_radius_kpc	6.355428
	v_disp		55.824145
	mag		20.713400
	z_lens		0.375500
	end
potential
37
	profile		81
	x_centre	70.666670
	y_centre	-17.258575
	ellipticity	0.603750
	angle_pos	-38.720000
	core_radius	0.005226
	core_radius_kpc	0.027000
	cut_radius	1.224275
	cut_radius_kpc	6.325645
	v_disp		55.693188
	mag		20.723600
	z_lens		0.375500
	end
potential
38
	profile		81
	x_centre	48.998602
	y_centre	37.653299
	ellipticity	0.127302
	angle_pos	-0.390000
	core_radius	0.005163
	core_radius_kpc	0.026674
	cut_radius	1.209481
	cut_radius_kpc	6.249205
	v_disp		55.355666
	mag		20.750000
	z_lens		0.375500
	end
potential
39
	profile		81
	x_centre	26.493729
	y_centre	35.522670
	ellipticity	0.555025
	angle_pos	57.690000
	core_radius	0.005149
	core_radius_kpc	0.026604
	cut_radius	1.206310
	cut_radius_kpc	6.232823
	v_disp		55.283060
	mag		20.755700
	z_lens		0.375500
	end
potential
40
	profile		81
	x_centre	-21.322835
	y_centre	-49.965403
	ellipticity	0.080461
	angle_pos	64.600000
	core_radius	0.005075
	core_radius_kpc	0.026221
	cut_radius	1.188938
	cut_radius_kpc	6.143061
	v_disp		54.883535
	mag		20.787200
	z_lens		0.375500
	end
potential
41
	profile		81
	x_centre	2.517401
	y_centre	5.246251
	ellipticity	0.253329
	angle_pos	1.220000
	core_radius	0.005049
	core_radius_kpc	0.026090
	cut_radius	1.182985
	cut_radius_kpc	6.112302
	v_disp		54.745960
	mag		20.798100
	z_lens		0.375500
	end
potential
42
	profile		81
	x_centre	32.508365
	y_centre	-78.883364
	ellipticity	0.430315
	angle_pos	16.680000
	core_radius	0.004872
	core_radius_kpc	0.025173
	cut_radius	1.141403
	cut_radius_kpc	5.897457
	v_disp		53.775205
	mag		20.875800
	z_lens		0.375500
	end
potential
43
	profile		81
	x_centre	13.961978
	y_centre	53.280190
	ellipticity	0.388834
	angle_pos	-15.860000
	core_radius	0.004834
	core_radius_kpc	0.024975
	cut_radius	1.132450
	cut_radius_kpc	5.851198
	v_disp		53.563886
	mag		20.892900
	z_lens		0.375500
	end
potential
44
	profile		81
	x_centre	28.009363
	y_centre	49.029493
	ellipticity	0.406729
	angle_pos	-63.670000
	core_radius	0.004831
	core_radius_kpc	0.024959
	cut_radius	1.131720
	cut_radius_kpc	5.847427
	v_disp		53.546622
	mag		20.894300
	z_lens		0.375500
	end
potential
45
	profile		81
	x_centre	19.581889
	y_centre	44.894927
	ellipticity	0.864472
	angle_pos	-58.710000
	core_radius	0.004762
	core_radius_kpc	0.024607
	cut_radius	1.115730
	cut_radius_kpc	5.764807
	v_disp		53.166990
	mag		20.925200
	z_lens		0.375500
	end
potential
46
	profile		81
	x_centre	14.575503
	y_centre	-49.373894
	ellipticity	0.379090
	angle_pos	77.640000
	core_radius	0.004579
	core_radius_kpc	0.023658
	cut_radius	1.072702
	cut_radius_kpc	5.542489
	v_disp		52.131723
	mag		21.010600
	z_lens		0.375500
	end
potential
47
	profile		81
	x_centre	0.119160
	y_centre	10.959480
	ellipticity	0.412518
	angle_pos	54.860000
	core_radius	0.004532
	core_radius_kpc	0.023416
	cut_radius	1.061742
	cut_radius_kpc	5.485861
	v_disp		51.864725
	mag		21.032900
	z_lens		0.375500
	end
potential
48
	profile		81
	x_centre	-26.347780
	y_centre	34.302305
	ellipticity	0.278365
	angle_pos	42.410000
	core_radius	0.004524
	core_radius_kpc	0.023376
	cut_radius	1.059935
	cut_radius_kpc	5.476522
	v_disp		51.820557
	mag		21.036600
	z_lens		0.375500
	end
potential
49
	profile		81
	x_centre	-8.094683
	y_centre	20.729580
	ellipticity	0.142839
	angle_pos	15.900000
	core_radius	0.004495
	core_radius_kpc	0.023224
	cut_radius	1.053026
	cut_radius_kpc	5.440826
	v_disp		51.651398
	mag		21.050800
	z_lens		0.375500
	end
potential
50
	profile		81
	x_centre	93.974843
	y_centre	66.539104
	ellipticity	0.724755
	angle_pos	81.010000
	core_radius	0.004445
	core_radius_kpc	0.022966
	cut_radius	1.041356
	cut_radius_kpc	5.380527
	v_disp		51.364383
	mag		21.075000
	z_lens		0.375500
	end
potential
51
	profile		81
	x_centre	-61.054108
	y_centre	-51.578788
	ellipticity	0.421767
	angle_pos	-66.680000
	core_radius	0.004417
	core_radius_kpc	0.022822
	cut_radius	1.034806
	cut_radius_kpc	5.346688
	v_disp		51.202607
	mag		21.088700
	z_lens		0.375500
	end
potential
52
	profile		81
	x_centre	-75.631619
	y_centre	50.835723
	ellipticity	0.233091
	angle_pos	-81.690000
	core_radius	0.004406
	core_radius_kpc	0.022763
	cut_radius	1.032141
	cut_radius_kpc	5.332917
	v_disp		51.136627
	mag		21.094300
	z_lens		0.375500
	end
potential
53
	profile		81
	x_centre	15.988644
	y_centre	-50.446891
	ellipticity	0.347922
	angle_pos	-18.090000
	core_radius	0.004389
	core_radius_kpc	0.022675
	cut_radius	1.028156
	cut_radius_kpc	5.312327
	v_disp		51.037815
	mag		21.102700
	z_lens		0.375500
	end
potential
54
	profile		81
	x_centre	35.765810
	y_centre	-56.801979
	ellipticity	0.325739
	angle_pos	-67.690000
	core_radius	0.004336
	core_radius_kpc	0.022402
	cut_radius	1.015779
	cut_radius_kpc	5.248374
	v_disp		50.729675
	mag		21.129000
	z_lens		0.375500
	end
potential
55
	profile		81
	x_centre	38.074086
	y_centre	66.029254
	ellipticity	0.041163
	angle_pos	-25.050000
	core_radius	0.004313
	core_radius_kpc	0.022287
	cut_radius	1.010553
	cut_radius_kpc	5.221374
	v_disp		50.599017
	mag		21.140200
	z_lens		0.375500
	end
potential
56
	profile		81
	x_centre	-42.697959
	y_centre	72.287948
	ellipticity	0.515931
	angle_pos	-68.710000
	core_radius	0.004305
	core_radius_kpc	0.022241
	cut_radius	1.008461
	cut_radius_kpc	5.210565
	v_disp		50.546615
	mag		21.144700
	z_lens		0.375500
	end
potential
57
	profile		81
	x_centre	-46.396541
	y_centre	-30.122774
	ellipticity	0.070047
	angle_pos	16.010000
	core_radius	0.004205
	core_radius_kpc	0.021727
	cut_radius	0.985143
	cut_radius_kpc	5.090082
	v_disp		49.958809
	mag		21.195500
	z_lens		0.375500
	end
potential
58
	profile		81
	x_centre	-14.346565
	y_centre	8.262138
	ellipticity	0.428411
	angle_pos	16.350000
	core_radius	0.004143
	core_radius_kpc	0.021409
	cut_radius	0.970731
	cut_radius_kpc	5.015622
	v_disp		49.592052
	mag		21.227500
	z_lens		0.375500
	end
potential
59
	profile		81
	x_centre	39.312643
	y_centre	58.944015
	ellipticity	0.650572
	angle_pos	1.810000
	core_radius	0.004057
	core_radius_kpc	0.020960
	cut_radius	0.950384
	cut_radius_kpc	4.910490
	v_disp		49.069550
	mag		21.273500
	z_lens		0.375500
	end
potential
60
	profile		81
	x_centre	-8.945924
	y_centre	-61.321688
	ellipticity	0.486544
	angle_pos	-67.000000
	core_radius	0.003942
	core_radius_kpc	0.020367
	cut_radius	0.923505
	cut_radius_kpc	4.771609
	v_disp		48.370667
	mag		21.335800
	z_lens		0.375500
	end
potential
61
	profile		81
	x_centre	38.963228
	y_centre	-36.657470
	ellipticity	0.404252
	angle_pos	-26.950000
	core_radius	0.003928
	core_radius_kpc	0.020295
	cut_radius	0.920236
	cut_radius_kpc	4.754718
	v_disp		48.284982
	mag		21.343500
	z_lens		0.375500
	end
potential
62
	profile		81
	x_centre	32.812794
	y_centre	3.963354
	ellipticity	0.603643
	angle_pos	37.910000
	core_radius	0.003796
	core_radius_kpc	0.019613
	cut_radius	0.889322
	cut_radius_kpc	4.594992
	v_disp		47.467032
	mag		21.417700
	z_lens		0.375500
	end
potential
63
	profile		81
	x_centre	24.076716
	y_centre	-31.307174
	ellipticity	0.649333
	angle_pos	-83.740000
	core_radius	0.003765
	core_radius_kpc	0.019452
	cut_radius	0.882021
	cut_radius_kpc	4.557270
	v_disp		47.271793
	mag		21.435600
	z_lens		0.375500
	end
potential
64
	profile		81
	x_centre	-53.703577
	y_centre	79.767499
	ellipticity	0.727187
	angle_pos	-22.560000
	core_radius	0.003714
	core_radius_kpc	0.019192
	cut_radius	0.870200
	cut_radius_kpc	4.496192
	v_disp		46.953944
	mag		21.464900
	z_lens		0.375500
	end
potential
65
	profile		81
	x_centre	76.972392
	y_centre	28.845979
	ellipticity	0.904793
	angle_pos	42.590000
	core_radius	0.003613
	core_radius_kpc	0.018668
	cut_radius	0.846446
	cut_radius_kpc	4.373456
	v_disp		46.308645
	mag		21.525000
	z_lens		0.375500
	end
potential
66
	profile		81
	x_centre	31.950894
	y_centre	70.783215
	ellipticity	0.630304
	angle_pos	78.870000
	core_radius	0.003613
	core_radius_kpc	0.018667
	cut_radius	0.846407
	cut_radius_kpc	4.373255
	v_disp		46.307579
	mag		21.525100
	z_lens		0.375500
	end
potential
67
	profile		81
	x_centre	38.470649
	y_centre	-52.842897
	ellipticity	0.372333
	angle_pos	-22.460000
	core_radius	0.003547
	core_radius_kpc	0.018328
	cut_radius	0.831035
	cut_radius_kpc	4.293830
	v_disp		45.885142
	mag		21.564900
	z_lens		0.375500
	end
potential
68
	profile		81
	x_centre	-41.797680
	y_centre	24.429888
	ellipticity	0.762345
	angle_pos	67.150000
	core_radius	0.003526
	core_radius_kpc	0.018218
	cut_radius	0.826074
	cut_radius_kpc	4.268200
	v_disp		45.747996
	mag		21.577900
	z_lens		0.375500
	end
potential
69
	profile		81
	x_centre	23.113815
	y_centre	-67.353769
	ellipticity	0.145852
	angle_pos	64.600000
	core_radius	0.003477
	core_radius_kpc	0.017964
	cut_radius	0.814515
	cut_radius_kpc	4.208476
	v_disp		45.426793
	mag		21.608500
	z_lens		0.375500
	end
potential
70
	profile		81
	x_centre	28.468461
	y_centre	25.056973
	ellipticity	0.207486
	angle_pos	76.790000
	core_radius	0.003435
	core_radius_kpc	0.017748
	cut_radius	0.804746
	cut_radius_kpc	4.158003
	v_disp		45.153568
	mag		21.634700
	z_lens		0.375500
	end
potential
71
	profile		81
	x_centre	-19.465491
	y_centre	-27.389455
	ellipticity	0.466718
	angle_pos	-76.300000
	core_radius	0.003386
	core_radius_kpc	0.017496
	cut_radius	0.793303
	cut_radius_kpc	4.098876
	v_disp		44.831377
	mag		21.665800
	z_lens		0.375500
	end
potential
72
	profile		81
	x_centre	3.295363
	y_centre	-16.911770
	ellipticity	0.195955
	angle_pos	57.100000
	core_radius	0.003359
	core_radius_kpc	0.017356
	cut_radius	0.786972
	cut_radius_kpc	4.066163
	v_disp		44.652119
	mag		21.683200
	z_lens		0.375500
	end
potential
73
	profile		81
	x_centre	22.092930
	y_centre	14.755247
	ellipticity	0.133616
	angle_pos	-32.690000
	core_radius	0.003338
	core_radius_kpc	0.017246
	cut_radius	0.781986
	cut_radius_kpc	4.040404
	v_disp		44.510459
	mag		21.697000
	z_lens		0.375500
	end
potential
74
	profile		81
	x_centre	51.786044
	y_centre	49.888417
	ellipticity	0.062697
	angle_pos	73.450000
	core_radius	0.003294
	core_radius_kpc	0.017017
	cut_radius	0.771612
	cut_radius_kpc	3.986803
	v_disp		44.214231
	mag		21.726000
	z_lens		0.375500
	end
potential
75
	profile		81
	x_centre	-4.009574
	y_centre	-4.826594
	ellipticity	0.274070
	angle_pos	-56.880000
	core_radius	0.003281
	core_radius_kpc	0.016953
	cut_radius	0.768704
	cut_radius_kpc	3.971777
	v_disp		44.130828
	mag		21.734200
	z_lens		0.375500
	end
potential
76
	profile		81
	x_centre	77.231989
	y_centre	0.222187
	ellipticity	0.672642
	angle_pos	-87.290000
	core_radius	0.003262
	core_radius_kpc	0.016854
	cut_radius	0.764186
	cut_radius_kpc	3.948433
	v_disp		44.000952
	mag		21.747000
	z_lens		0.375500
	end
potential
77
	profile		81
	x_centre	-33.291788
	y_centre	46.101212
	ellipticity	0.053206
	angle_pos	-47.210000
	core_radius	0.003244
	core_radius_kpc	0.016763
	cut_radius	0.760080
	cut_radius_kpc	3.927216
	v_disp		43.882572
	mag		21.758700
	z_lens		0.375500
	end
potential
78
	profile		81
	x_centre	3.554625
	y_centre	79.748226
	ellipticity	0.388262
	angle_pos	-17.000000
	core_radius	0.003166
	core_radius_kpc	0.016359
	cut_radius	0.741753
	cut_radius_kpc	3.832523
	v_disp		43.350297
	mag		21.811700
	z_lens		0.375500
	end
potential
79
	profile		81
	x_centre	42.765677
	y_centre	-62.262097
	ellipticity	0.351824
	angle_pos	17.120000
	core_radius	0.003093
	core_radius_kpc	0.015979
	cut_radius	0.724535
	cut_radius_kpc	3.743560
	v_disp		42.844204
	mag		21.862700
	z_lens		0.375500
	end
potential
80
	profile		81
	x_centre	-5.303586
	y_centre	-78.633853
	ellipticity	0.814063
	angle_pos	-85.720000
	core_radius	0.003017
	core_radius_kpc	0.015587
	cut_radius	0.706739
	cut_radius_kpc	3.651614
	v_disp		42.314779
	mag		21.916700
	z_lens		0.375500
	end
potential
81
	profile		81
	x_centre	-27.220916
	y_centre	-47.291913
	ellipticity	0.474069
	angle_pos	7.130000
	core_radius	0.002993
	core_radius_kpc	0.015465
	cut_radius	0.701228
	cut_radius_kpc	3.623137
	v_disp		42.149466
	mag		21.933700
	z_lens		0.375500
	end
potential
82
	profile		81
	x_centre	23.351173
	y_centre	-28.509816
	ellipticity	0.298973
	angle_pos	61.220000
	core_radius	0.002884
	core_radius_kpc	0.014904
	cut_radius	0.675770
	cut_radius_kpc	3.491603
	v_disp		41.377293
	mag		22.014000
	z_lens		0.375500
	end
potential
83
	profile		81
	x_centre	-3.734280
	y_centre	26.716616
	ellipticity	0.232343
	angle_pos	23.140000
	core_radius	0.002739
	core_radius_kpc	0.014151
	cut_radius	0.641651
	cut_radius_kpc	3.315315
	v_disp		40.319216
	mag		22.126500
	z_lens		0.375500
	end
potential
84
	profile		81
	x_centre	-35.689383
	y_centre	72.348060
	ellipticity	0.380671
	angle_pos	43.660000
	core_radius	0.002732
	core_radius_kpc	0.014115
	cut_radius	0.640028
	cut_radius_kpc	3.306928
	v_disp		40.268187
	mag		22.132000
	z_lens		0.375500
	end
potential
85
	profile		81
	x_centre	45.345148
	y_centre	12.732073
	ellipticity	0.233814
	angle_pos	-86.120000
	core_radius	0.002650
	core_radius_kpc	0.013693
	cut_radius	0.620896
	cut_radius_kpc	3.208077
	v_disp		39.661769
	mag		22.197900
	z_lens		0.375500
	end
potential
86
	profile		81
	x_centre	94.190338
	y_centre	66.132118
	ellipticity	0.759123
	angle_pos	86.160000
	core_radius	0.002600
	core_radius_kpc	0.013433
	cut_radius	0.609087
	cut_radius_kpc	3.147058
	v_disp		39.282768
	mag		22.239600
	z_lens		0.375500
	end
potential
87
	profile		81
	x_centre	-53.100262
	y_centre	-30.331027
	ellipticity	0.816031
	angle_pos	-29.190000
	core_radius	0.002581
	core_radius_kpc	0.013336
	cut_radius	0.604699
	cut_radius_kpc	3.124387
	v_disp		39.141014
	mag		22.255300
	z_lens		0.375500
	end
potential
88
	profile		81
	x_centre	-27.822053
	y_centre	24.549539
	ellipticity	0.196129
	angle_pos	-48.660000
	core_radius	0.002548
	core_radius_kpc	0.013166
	cut_radius	0.596979
	cut_radius_kpc	3.084500
	v_disp		38.890370
	mag		22.283200
	z_lens		0.375500
	end
potential
89
	profile		81
	x_centre	-20.223384
	y_centre	71.264813
	ellipticity	0.261006
	angle_pos	44.970000
	core_radius	0.002488
	core_radius_kpc	0.012855
	cut_radius	0.582880
	cut_radius_kpc	3.011652
	v_disp		38.428380
	mag		22.335100
	z_lens		0.375500
	end
potential
90
	profile		81
	x_centre	-1.396111
	y_centre	16.147071
	ellipticity	0.457583
	angle_pos	25.030000
	core_radius	0.002485
	core_radius_kpc	0.012837
	cut_radius	0.582075
	cut_radius_kpc	3.007494
	v_disp		38.401844
	mag		22.338100
	z_lens		0.375500
	end
potential
91
	profile		81
	x_centre	41.114915
	y_centre	-71.589064
	ellipticity	0.436103
	angle_pos	-74.240000
	core_radius	0.002459
	core_radius_kpc	0.012704
	cut_radius	0.576022
	cut_radius_kpc	2.976218
	v_disp		38.201646
	mag		22.360800
	z_lens		0.375500
	end
potential
92
	profile		81
	x_centre	-77.267340
	y_centre	-17.943444
	ellipticity	0.127364
	angle_pos	15.700000
	core_radius	0.002412
	core_radius_kpc	0.012464
	cut_radius	0.565170
	cut_radius_kpc	2.920148
	v_disp		37.840083
	mag		22.402100
	z_lens		0.375500
	end
potential
93
	profile		81
	x_centre	0.376985
	y_centre	-2.504521
	ellipticity	0.074632
	angle_pos	48.110000
	core_radius	0.002411
	core_radius_kpc	0.012459
	cut_radius	0.564910
	cut_radius_kpc	2.918803
	v_disp		37.831371
	mag		22.403100
	z_lens		0.375500
	end
potential
94
	profile		81
	x_centre	-77.198272
	y_centre	-36.994602
	ellipticity	0.139175
	angle_pos	59.290000
	core_radius	0.002407
	core_radius_kpc	0.012436
	cut_radius	0.563896
	cut_radius_kpc	2.913566
	v_disp		37.797413
	mag		22.407000
	z_lens		0.375500
	end
potential
95
	profile		81
	x_centre	15.016410
	y_centre	-15.757152
	ellipticity	0.099068
	angle_pos	43.950000
	core_radius	0.002391
	core_radius_kpc	0.012354
	cut_radius	0.560143
	cut_radius_kpc	2.894175
	v_disp		37.671428
	mag		22.421500
	z_lens		0.375500
	end
potential
96
	profile		81
	x_centre	-40.196286
	y_centre	19.754089
	ellipticity	0.485041
	angle_pos	-60.170000
	core_radius	0.002389
	core_radius_kpc	0.012346
	cut_radius	0.559782
	cut_radius_kpc	2.892310
	v_disp		37.659286
	mag		22.422900
	z_lens		0.375500
	end
potential
97
	profile		81
	x_centre	17.317007
	y_centre	-44.219094
	ellipticity	0.793970
	angle_pos	36.770000
	core_radius	0.002379
	core_radius_kpc	0.012293
	cut_radius	0.557390
	cut_radius_kpc	2.879949
	v_disp		37.578728
	mag		22.432200
	z_lens		0.375500
	end
potential
98
	profile		81
	x_centre	-43.422533
	y_centre	7.196053
	ellipticity	0.431810
	angle_pos	31.260000
	core_radius	0.002329
	core_radius_kpc	0.012034
	cut_radius	0.545656
	cut_radius_kpc	2.819323
	v_disp		37.181087
	mag		22.478400
	z_lens		0.375500
	end
potential
99
	profile		81
	x_centre	-54.101327
	y_centre	28.128892
	ellipticity	0.613587
	angle_pos	84.910000
	core_radius	0.002284
	core_radius_kpc	0.011801
	cut_radius	0.535105
	cut_radius_kpc	2.764807
	v_disp		36.819855
	mag		22.520800
	z_lens		0.375500
	end
potential
100
	profile		81
	x_centre	90.385027
	y_centre	58.744526
	ellipticity	0.183552
	angle_pos	18.560000
	core_radius	0.002276
	core_radius_kpc	0.011762
	cut_radius	0.533334
	cut_radius_kpc	2.755655
	v_disp		36.758864
	mag		22.528000
	z_lens		0.375500
	end
potential
101
	profile		81
	x_centre	-50.683341
	y_centre	-57.729484
	ellipticity	0.711628
	angle_pos	-38.390000
	core_radius	0.002246
	core_radius_kpc	0.011605
	cut_radius	0.526186
	cut_radius_kpc	2.718722
	v_disp		36.511702
	mag		22.557300
	z_lens		0.375500
	end
potential
102
	profile		81
	x_centre	58.860621
	y_centre	65.501641
	ellipticity	0.551555
	angle_pos	10.680000
	core_radius	0.002206
	core_radius_kpc	0.011396
	cut_radius	0.516748
	cut_radius_kpc	2.669960
	v_disp		36.182792
	mag		22.596600
	z_lens		0.375500
	end
potential
103
	profile		81
	x_centre	77.278739
	y_centre	-14.692651
	ellipticity	0.349933
	angle_pos	25.350000
	core_radius	0.002184
	core_radius_kpc	0.011283
	cut_radius	0.511587
	cut_radius_kpc	2.643290
	v_disp		36.001623
	mag		22.618400
	z_lens		0.375500
	end
potential
104
	profile		81
	x_centre	-15.041700
	y_centre	74.998849
	ellipticity	0.325930
	angle_pos	22.820000
	core_radius	0.002182
	core_radius_kpc	0.011274
	cut_radius	0.511186
	cut_radius_kpc	2.641221
	v_disp		35.987533
	mag		22.620100
	z_lens		0.375500
	end
potential
105
	profile		81
	x_centre	41.867422
	y_centre	85.957472
	ellipticity	0.197379
	angle_pos	8.920000
	core_radius	0.002179
	core_radius_kpc	0.011257
	cut_radius	0.510433
	cut_radius_kpc	2.637332
	v_disp		35.961026
	mag		22.623300
	z_lens		0.375500
	end
potential
106
	profile		81
	x_centre	37.751721
	y_centre	-37.258245
	ellipticity	0.063330
	angle_pos	70.030000
	core_radius	0.002175
	core_radius_kpc	0.011236
	cut_radius	0.509471
	cut_radius_kpc	2.632357
	v_disp		35.927093
	mag		22.627400
	z_lens		0.375500
	end
potential
107
	profile		81
	x_centre	-72.863386
	y_centre	10.765990
	ellipticity	0.269529
	angle_pos	35.660000
	core_radius	0.002157
	core_radius_kpc	0.011145
	cut_radius	0.505335
	cut_radius_kpc	2.610988
	v_disp		35.780967
	mag		22.645100
	z_lens		0.375500
	end
potential
108
	profile		81
	x_centre	-24.008601
	y_centre	-46.862760
	ellipticity	0.468380
	angle_pos	21.940000
	core_radius	0.002156
	core_radius_kpc	0.011142
	cut_radius	0.505195
	cut_radius_kpc	2.610266
	v_disp		35.776024
	mag		22.645700
	z_lens		0.375500
	end
potential
109
	profile		81
	x_centre	22.388657
	y_centre	-14.412014
	ellipticity	0.229736
	angle_pos	-45.870000
	core_radius	0.002152
	core_radius_kpc	0.011118
	cut_radius	0.504126
	cut_radius_kpc	2.604743
	v_disp		35.738151
	mag		22.650300
	z_lens		0.375500
	end
potential
110
	profile		81
	x_centre	27.075570
	y_centre	56.895729
	ellipticity	0.470067
	angle_pos	40.290000
	core_radius	0.002136
	core_radius_kpc	0.011034
	cut_radius	0.500333
	cut_radius_kpc	2.585144
	v_disp		35.603450
	mag		22.666700
	z_lens		0.375500
	end
potential
111
	profile		81
	x_centre	52.623466
	y_centre	-28.228396
	ellipticity	0.577521
	angle_pos	-88.870000
	core_radius	0.002132
	core_radius_kpc	0.011016
	cut_radius	0.499504
	cut_radius_kpc	2.580862
	v_disp		35.573949
	mag		22.670300
	z_lens		0.375500
	end
potential
112
	profile		81
	x_centre	-30.355886
	y_centre	43.877266
	ellipticity	0.408638
	angle_pos	-18.460000
	core_radius	0.002127
	core_radius_kpc	0.010988
	cut_radius	0.498218
	cut_radius_kpc	2.574215
	v_disp		35.528108
	mag		22.675900
	z_lens		0.375500
	end
potential
113
	profile		81
	x_centre	-15.171531
	y_centre	74.829631
	ellipticity	0.250540
	angle_pos	-3.310000
	core_radius	0.002094
	core_radius_kpc	0.010820
	cut_radius	0.490590
	cut_radius_kpc	2.534806
	v_disp		35.255110
	mag		22.709400
	z_lens		0.375500
	end
potential
114
	profile		81
	x_centre	17.907734
	y_centre	24.317613
	ellipticity	0.709361
	angle_pos	-39.720000
	core_radius	0.002067
	core_radius_kpc	0.010679
	cut_radius	0.484194
	cut_radius_kpc	2.501755
	v_disp		35.024511
	mag		22.737900
	z_lens		0.375500
	end
potential
115
	profile		81
	x_centre	-40.070015
	y_centre	20.153735
	ellipticity	0.292532
	angle_pos	71.340000
	core_radius	0.002048
	core_radius_kpc	0.010584
	cut_radius	0.479887
	cut_radius_kpc	2.479504
	v_disp		34.868405
	mag		22.757300
	z_lens		0.375500
	end
potential
116
	profile		81
	x_centre	-12.825363
	y_centre	71.762731
	ellipticity	0.017077
	angle_pos	5.360000
	core_radius	0.002013
	core_radius_kpc	0.010402
	cut_radius	0.471671
	cut_radius_kpc	2.437052
	v_disp		34.568623
	mag		22.794800
	z_lens		0.375500
	end
potential
117
	profile		81
	x_centre	26.685704
	y_centre	41.577824
	ellipticity	0.577013
	angle_pos	-34.620000
	core_radius	0.001970
	core_radius_kpc	0.010179
	cut_radius	0.461529
	cut_radius_kpc	2.384651
	v_disp		34.194958
	mag		22.842000
	z_lens		0.375500
	end
potential
118
	profile		81
	x_centre	34.754013
	y_centre	-71.043254
	ellipticity	0.379941
	angle_pos	-7.640000
	core_radius	0.001946
	core_radius_kpc	0.010056
	cut_radius	0.455973
	cut_radius_kpc	2.355943
	v_disp		33.988506
	mag		22.868300
	z_lens		0.375500
	end
potential
119
	profile		81
	x_centre	-24.016964
	y_centre	-47.132762
	ellipticity	0.138283
	angle_pos	-49.960000
	core_radius	0.001931
	core_radius_kpc	0.009978
	cut_radius	0.452417
	cut_radius_kpc	2.337571
	v_disp		33.855722
	mag		22.885300
	z_lens		0.375500
	end
potential
120
	profile		81
	x_centre	-10.213825
	y_centre	6.567003
	ellipticity	0.109531
	angle_pos	-61.830000
	core_radius	0.001921
	core_radius_kpc	0.009927
	cut_radius	0.450131
	cut_radius_kpc	2.325760
	v_disp		33.770079
	mag		22.896300
	z_lens		0.375500
	end
potential
121
	profile		81
	x_centre	84.942011
	y_centre	49.997285
	ellipticity	0.320473
	angle_pos	-86.960000
	core_radius	0.001901
	core_radius_kpc	0.009820
	cut_radius	0.445286
	cut_radius_kpc	2.300725
	v_disp		33.587840
	mag		22.919800
	z_lens		0.375500
	end
potential
122
	profile		81
	x_centre	-0.897438
	y_centre	45.278277
	ellipticity	0.106898
	angle_pos	-37.750000
	core_radius	0.001882
	core_radius_kpc	0.009726
	cut_radius	0.441021
	cut_radius_kpc	2.278688
	v_disp		33.426590
	mag		22.940700
	z_lens		0.375500
	end
potential
123
	profile		81
	x_centre	-33.054006
	y_centre	-54.367524
	ellipticity	0.475214
	angle_pos	85.590000
	core_radius	0.001848
	core_radius_kpc	0.009547
	cut_radius	0.432872
	cut_radius_kpc	2.236582
	v_disp		33.116321
	mag		22.981200
	z_lens		0.375500
	end
potential
124
	profile		81
	x_centre	50.912270
	y_centre	-30.574785
	ellipticity	0.058335
	angle_pos	-86.680000
	core_radius	0.001843
	core_radius_kpc	0.009523
	cut_radius	0.431796
	cut_radius_kpc	2.231027
	v_disp		33.075169
	mag		22.986600
	z_lens		0.375500
	end
potential
125
	profile		81
	x_centre	23.800990
	y_centre	48.735290
	ellipticity	0.336321
	angle_pos	-45.500000
	core_radius	0.001843
	core_radius_kpc	0.009521
	cut_radius	0.431717
	cut_radius_kpc	2.230616
	v_disp		33.072123
	mag		22.987000
	z_lens		0.375500
	end
potential
126
	profile		81
	x_centre	54.851707
	y_centre	54.149323
	ellipticity	0.390384
	angle_pos	-11.200000
	core_radius	0.001759
	core_radius_kpc	0.009088
	cut_radius	0.412078
	cut_radius_kpc	2.129143
	v_disp		32.311125
	mag		23.088100
	z_lens		0.375500
	end
potential
127
	profile		81
	x_centre	-67.090173
	y_centre	23.502890
	ellipticity	0.712191
	angle_pos	-86.550000
	core_radius	0.001716
	core_radius_kpc	0.008868
	cut_radius	0.402086
	cut_radius_kpc	2.077518
	v_disp		31.917001
	mag		23.141400
	z_lens		0.375500
	end
potential
128
	profile		81
	x_centre	-2.665225
	y_centre	12.957448
	ellipticity	0.494119
	angle_pos	-84.520000
	core_radius	0.001690
	core_radius_kpc	0.008732
	cut_radius	0.395912
	cut_radius_kpc	2.045619
	v_disp		31.671022
	mag		23.175000
	z_lens		0.375500
	end
potential
129
	profile		81
	x_centre	51.946059
	y_centre	-10.732069
	ellipticity	0.261501
	angle_pos	-63.600000
	core_radius	0.001688
	core_radius_kpc	0.008722
	cut_radius	0.395457
	cut_radius_kpc	2.043266
	v_disp		31.652796
	mag		23.177500
	z_lens		0.375500
	end
potential
130
	profile		81
	x_centre	1.366185
	y_centre	-4.732929
	ellipticity	0.138333
	angle_pos	-84.480000
	core_radius	0.001650
	core_radius_kpc	0.008526
	cut_radius	0.386598
	cut_radius_kpc	1.997491
	v_disp		31.296234
	mag		23.226700
	z_lens		0.375500
	end
potential
131
	profile		81
	x_centre	75.605763
	y_centre	-50.817493
	ellipticity	0.102383
	angle_pos	81.940000
	core_radius	0.001647
	core_radius_kpc	0.008508
	cut_radius	0.385797
	cut_radius_kpc	1.993356
	v_disp		31.263823
	mag		23.231200
	z_lens		0.375500
	end
potential
132
	profile		81
	x_centre	44.929625
	y_centre	-59.102165
	ellipticity	0.088631
	angle_pos	-3.420000
	core_radius	0.001645
	core_radius_kpc	0.008500
	cut_radius	0.385424
	cut_radius_kpc	1.991429
	v_disp		31.248709
	mag		23.233300
	z_lens		0.375500
	end
potential
133
	profile		81
	x_centre	28.504626
	y_centre	60.322566
	ellipticity	0.541964
	angle_pos	86.750000
	core_radius	0.001625
	core_radius_kpc	0.008398
	cut_radius	0.380802
	cut_radius_kpc	1.967546
	v_disp		31.060760
	mag		23.259500
	z_lens		0.375500
	end
potential
134
	profile		81
	x_centre	-3.996422
	y_centre	4.202207
	ellipticity	0.136143
	angle_pos	-88.580000
	core_radius	0.001617
	core_radius_kpc	0.008355
	cut_radius	0.378825
	cut_radius_kpc	1.957333
	v_disp		30.980047
	mag		23.270800
	z_lens		0.375500
	end
potential
135
	profile		81
	x_centre	-16.119121
	y_centre	85.064297
	ellipticity	0.066990
	angle_pos	-49.270000
	core_radius	0.001611
	core_radius_kpc	0.008326
	cut_radius	0.377537
	cut_radius_kpc	1.950674
	v_disp		30.927305
	mag		23.278200
	z_lens		0.375500
	end
potential
136
	profile		81
	x_centre	-20.116450
	y_centre	76.668434
	ellipticity	0.203914
	angle_pos	-72.760000
	core_radius	0.001602
	core_radius_kpc	0.008275
	cut_radius	0.375214
	cut_radius_kpc	1.938674
	v_disp		30.832027
	mag		23.291600
	z_lens		0.375500
	end
potential
137
	profile		81
	x_centre	-62.948242
	y_centre	-29.745858
	ellipticity	0.624523
	angle_pos	44.160000
	core_radius	0.001583
	core_radius_kpc	0.008181
	cut_radius	0.370970
	cut_radius_kpc	1.916747
	v_disp		30.657171
	mag		23.316300
	z_lens		0.375500
	end
potential
138
	profile		81
	x_centre	41.401298
	y_centre	-66.948772
	ellipticity	0.068403
	angle_pos	-43.470000
	core_radius	0.001577
	core_radius_kpc	0.008150
	cut_radius	0.369538
	cut_radius_kpc	1.909347
	v_disp		30.597932
	mag		23.324700
	z_lens		0.375500
	end
potential
139
	profile		81
	x_centre	63.568333
	y_centre	9.785392
	ellipticity	0.276682
	angle_pos	78.600000
	core_radius	0.001564
	core_radius_kpc	0.008079
	cut_radius	0.366302
	cut_radius_kpc	1.892626
	v_disp		30.463660
	mag		23.343800
	z_lens		0.375500
	end
potential
140
	profile		81
	x_centre	-32.086155
	y_centre	-29.066433
	ellipticity	0.392801
	angle_pos	-80.130000
	core_radius	0.001555
	core_radius_kpc	0.008037
	cut_radius	0.364417
	cut_radius_kpc	1.882889
	v_disp		30.385198
	mag		23.355000
	z_lens		0.375500
	end
potential
141
	profile		81
	x_centre	-67.261934
	y_centre	47.878391
	ellipticity	0.330220
	angle_pos	44.740000
	core_radius	0.001544
	core_radius_kpc	0.007979
	cut_radius	0.361792
	cut_radius_kpc	1.869325
	v_disp		30.275553
	mag		23.370700
	z_lens		0.375500
	end
potential
142
	profile		81
	x_centre	-9.836744
	y_centre	11.466637
	ellipticity	0.166472
	angle_pos	32.510000
	core_radius	0.001543
	core_radius_kpc	0.007972
	cut_radius	0.361476
	cut_radius_kpc	1.867690
	v_disp		30.262310
	mag		23.372600
	z_lens		0.375500
	end
potential
143
	profile		81
	x_centre	-10.413879
	y_centre	-16.404616
	ellipticity	0.248842
	angle_pos	-53.440000
	core_radius	0.001543
	core_radius_kpc	0.007972
	cut_radius	0.361459
	cut_radius_kpc	1.867604
	v_disp		30.261613
	mag		23.372700
	z_lens		0.375500
	end
potential
144
	profile		81
	x_centre	-24.512266
	y_centre	-46.920472
	ellipticity	0.497394
	angle_pos	-88.320000
	core_radius	0.001537
	core_radius_kpc	0.007943
	cut_radius	0.360163
	cut_radius_kpc	1.860908
	v_disp		30.207312
	mag		23.380500
	z_lens		0.375500
	end
potential
145
	profile		81
	x_centre	-8.285682
	y_centre	5.461966
	ellipticity	0.137096
	angle_pos	10.340000
	core_radius	0.001518
	core_radius_kpc	0.007845
	cut_radius	0.355712
	cut_radius_kpc	1.837912
	v_disp		30.020096
	mag		23.407500
	z_lens		0.375500
	end
potential
146
	profile		81
	x_centre	23.992594
	y_centre	-69.114359
	ellipticity	0.081095
	angle_pos	-63.050000
	core_radius	0.001499
	core_radius_kpc	0.007743
	cut_radius	0.351107
	cut_radius_kpc	1.814115
	v_disp		29.825112
	mag		23.435800
	z_lens		0.375500
	end
potential
147
	profile		81
	x_centre	27.482826
	y_centre	-60.151180
	ellipticity	0.088738
	angle_pos	78.120000
	core_radius	0.001493
	core_radius_kpc	0.007715
	cut_radius	0.349816
	cut_radius_kpc	1.807444
	v_disp		29.770222
	mag		23.443800
	z_lens		0.375500
	end
potential
148
	profile		81
	x_centre	-53.372545
	y_centre	-31.670360
	ellipticity	0.350229
	angle_pos	-58.800000
	core_radius	0.001440
	core_radius_kpc	0.007442
	cut_radius	0.337426
	cut_radius_kpc	1.743431
	v_disp		29.238297
	mag		23.522100
	z_lens		0.375500
	end
potential
149
	profile		81
	x_centre	7.881529
	y_centre	-46.007205
	ellipticity	0.167282
	angle_pos	15.790000
	core_radius	0.001424
	core_radius_kpc	0.007356
	cut_radius	0.333533
	cut_radius_kpc	1.723316
	v_disp		29.069133
	mag		23.547300
	z_lens		0.375500
	end
potential
150
	profile		81
	x_centre	-23.300700
	y_centre	38.223397
	ellipticity	0.044135
	angle_pos	-6.680000
	core_radius	0.001422
	core_radius_kpc	0.007346
	cut_radius	0.333088
	cut_radius_kpc	1.721016
	v_disp		29.049728
	mag		23.550200
	z_lens		0.375500
	end
potential
151
	profile		81
	x_centre	1.025890
	y_centre	7.395475
	ellipticity	0.253134
	angle_pos	70.650000
	core_radius	0.001407
	core_radius_kpc	0.007267
	cut_radius	0.329518
	cut_radius_kpc	1.702569
	v_disp		28.893628
	mag		23.573600
	z_lens		0.375500
	end
potential
152
	profile		81
	x_centre	46.062392
	y_centre	-64.999438
	ellipticity	0.285936
	angle_pos	-36.940000
	core_radius	0.001393
	core_radius_kpc	0.007197
	cut_radius	0.326347
	cut_radius_kpc	1.686183
	v_disp		28.754252
	mag		23.594600
	z_lens		0.375500
	end
potential
153
	profile		81
	x_centre	10.853336
	y_centre	24.379741
	ellipticity	0.248428
	angle_pos	-35.090000
	core_radius	0.001390
	core_radius_kpc	0.007183
	cut_radius	0.325701
	cut_radius_kpc	1.682848
	v_disp		28.725796
	mag		23.598900
	z_lens		0.375500
	end
potential
154
	profile		81
	x_centre	-60.956640
	y_centre	-30.032728
	ellipticity	0.646680
	angle_pos	28.420000
	core_radius	0.001389
	core_radius_kpc	0.007178
	cut_radius	0.325461
	cut_radius_kpc	1.681608
	v_disp		28.715215
	mag		23.600500
	z_lens		0.375500
	end
potential
155
	profile		81
	x_centre	94.365963
	y_centre	66.423567
	ellipticity	0.968417
	angle_pos	-89.410000
	core_radius	0.001389
	core_radius_kpc	0.007178
	cut_radius	0.325461
	cut_radius_kpc	1.681608
	v_disp		28.715215
	mag		23.600500
	z_lens		0.375500
	end
potential
156
	profile		81
	x_centre	60.195412
	y_centre	2.936500
	ellipticity	0.063603
	angle_pos	-33.500000
	core_radius	0.001388
	core_radius_kpc	0.007174
	cut_radius	0.325296
	cut_radius_kpc	1.680757
	v_disp		28.707943
	mag		23.601600
	z_lens		0.375500
	end
potential
157
	profile		81
	x_centre	-15.330252
	y_centre	-79.916400
	ellipticity	0.370449
	angle_pos	-36.850000
	core_radius	0.001373
	core_radius_kpc	0.007095
	cut_radius	0.321691
	cut_radius_kpc	1.662129
	v_disp		28.548420
	mag		23.625800
	z_lens		0.375500
	end
potential
158
	profile		81
	x_centre	33.844975
	y_centre	-9.900562
	ellipticity	0.490089
	angle_pos	64.420000
	core_radius	0.001365
	core_radius_kpc	0.007055
	cut_radius	0.319874
	cut_radius_kpc	1.652741
	v_disp		28.467680
	mag		23.638100
	z_lens		0.375500
	end
potential
159
	profile		81
	x_centre	44.035972
	y_centre	55.637414
	ellipticity	0.664950
	angle_pos	74.590000
	core_radius	0.001359
	core_radius_kpc	0.007022
	cut_radius	0.318404
	cut_radius_kpc	1.645147
	v_disp		28.402206
	mag		23.648100
	z_lens		0.375500
	end
potential
160
	profile		81
	x_centre	-7.080145
	y_centre	23.570051
	ellipticity	0.068564
	angle_pos	10.550000
	core_radius	0.001317
	core_radius_kpc	0.006805
	cut_radius	0.308545
	cut_radius_kpc	1.594207
	v_disp		27.959029
	mag		23.716400
	z_lens		0.375500
	end
potential
161
	profile		81
	x_centre	18.064958
	y_centre	-64.613217
	ellipticity	0.370588
	angle_pos	76.680000
	core_radius	0.001306
	core_radius_kpc	0.006747
	cut_radius	0.305942
	cut_radius_kpc	1.580756
	v_disp		27.840824
	mag		23.734800
	z_lens		0.375500
	end
potential
162
	profile		81
	x_centre	-1.199325
	y_centre	54.289075
	ellipticity	0.194937
	angle_pos	72.480000
	core_radius	0.001251
	core_radius_kpc	0.006466
	cut_radius	0.293170
	cut_radius_kpc	1.514763
	v_disp		27.253487
	mag		23.827400
	z_lens		0.375500
	end
potential
163
	profile		81
	x_centre	4.775855
	y_centre	-31.236225
	ellipticity	0.447694
	angle_pos	11.900000
	core_radius	0.001235
	core_radius_kpc	0.006381
	cut_radius	0.289320
	cut_radius_kpc	1.494875
	v_disp		27.073978
	mag		23.856100
	z_lens		0.375500
	end
potential
164
	profile		81
	x_centre	-42.028539
	y_centre	24.239000
	ellipticity	0.342911
	angle_pos	50.240000
	core_radius	0.001230
	core_radius_kpc	0.006353
	cut_radius	0.288057
	cut_radius_kpc	1.488349
	v_disp		27.014820
	mag		23.865600
	z_lens		0.375500
	end
potential
165
	profile		81
	x_centre	33.816960
	y_centre	46.615851
	ellipticity	0.130171
	angle_pos	81.970000
	core_radius	0.001208
	core_radius_kpc	0.006240
	cut_radius	0.282943
	cut_radius_kpc	1.461924
	v_disp		26.773927
	mag		23.904500
	z_lens		0.375500
	end
potential
166
	profile		81
	x_centre	83.497214
	y_centre	-44.663639
	ellipticity	0.567349
	angle_pos	-77.520000
	core_radius	0.001199
	core_radius_kpc	0.006196
	cut_radius	0.280956
	cut_radius_kpc	1.451660
	v_disp		26.679770
	mag		23.919800
	z_lens		0.375500
	end
potential
167
	profile		81
	x_centre	66.113527
	y_centre	-45.548132
	ellipticity	0.359186
	angle_pos	79.940000
	core_radius	0.001195
	core_radius_kpc	0.006177
	cut_radius	0.280065
	cut_radius_kpc	1.447054
	v_disp		26.637415
	mag		23.926700
	z_lens		0.375500
	end
potential
168
	profile		81
	x_centre	-18.319606
	y_centre	11.667145
	ellipticity	0.158202
	angle_pos	-42.070000
	core_radius	0.001187
	core_radius_kpc	0.006132
	cut_radius	0.278060
	cut_radius_kpc	1.436696
	v_disp		26.541904
	mag		23.942300
	z_lens		0.375500
	end
potential
169
	profile		81
	x_centre	14.655973
	y_centre	10.548097
	ellipticity	0.174462
	angle_pos	68.980000
	core_radius	0.001165
	core_radius_kpc	0.006017
	cut_radius	0.272822
	cut_radius_kpc	1.409629
	v_disp		26.290696
	mag		23.983600
	z_lens		0.375500
	end
potential
170
	profile		81
	x_centre	-31.216055
	y_centre	74.592228
	ellipticity	0.186808
	angle_pos	-33.280000
	core_radius	0.001161
	core_radius_kpc	0.005998
	cut_radius	0.271944
	cut_radius_kpc	1.405092
	v_disp		26.248354
	mag		23.990600
	z_lens		0.375500
	end
potential
171
	profile		81
	x_centre	78.117763
	y_centre	70.039982
	ellipticity	0.542832
	angle_pos	-87.170000
	core_radius	0.001154
	core_radius_kpc	0.005962
	cut_radius	0.270333
	cut_radius_kpc	1.396770
	v_disp		26.170503
	mag		24.003500
	z_lens		0.375500
	end
potential
172
	profile		81
	x_centre	12.114247
	y_centre	24.840409
	ellipticity	0.332080
	angle_pos	-42.370000
	core_radius	0.001149
	core_radius_kpc	0.005937
	cut_radius	0.269202
	cut_radius_kpc	1.390928
	v_disp		26.115724
	mag		24.012600
	z_lens		0.375500
	end
potential
173
	profile		81
	x_centre	83.753247
	y_centre	-53.480239
	ellipticity	0.195335
	angle_pos	83.990000
	core_radius	0.001134
	core_radius_kpc	0.005861
	cut_radius	0.265741
	cut_radius_kpc	1.373045
	v_disp		25.947294
	mag		24.040700
	z_lens		0.375500
	end
potential
174
	profile		81
	x_centre	-23.311226
	y_centre	-46.743809
	ellipticity	0.041328
	angle_pos	-74.290000
	core_radius	0.001119
	core_radius_kpc	0.005783
	cut_radius	0.262204
	cut_radius_kpc	1.354768
	v_disp		25.774015
	mag		24.069800
	z_lens		0.375500
	end
potential
175
	profile		81
	x_centre	52.716535
	y_centre	11.025965
	ellipticity	0.256039
	angle_pos	-43.800000
	core_radius	0.001113
	core_radius_kpc	0.005748
	cut_radius	0.260651
	cut_radius_kpc	1.346743
	v_disp		25.697571
	mag		24.082700
	z_lens		0.375500
	end
potential
176
	profile		81
	x_centre	-6.358632
	y_centre	-6.504305
	ellipticity	0.167627
	angle_pos	-69.420000
	core_radius	0.001110
	core_radius_kpc	0.005737
	cut_radius	0.260147
	cut_radius_kpc	1.344141
	v_disp		25.672731
	mag		24.086900
	z_lens		0.375500
	end
potential
177
	profile		81
	x_centre	-15.570704
	y_centre	83.102376
	ellipticity	0.243826
	angle_pos	-22.740000
	core_radius	0.001088
	core_radius_kpc	0.005622
	cut_radius	0.254905
	cut_radius_kpc	1.317058
	v_disp		25.412774
	mag		24.131100
	z_lens		0.375500
	end
potential
178
	profile		81
	x_centre	-29.144519
	y_centre	65.949199
	ellipticity	0.203865
	angle_pos	20.400000
	core_radius	0.001086
	core_radius_kpc	0.005612
	cut_radius	0.254460
	cut_radius_kpc	1.314755
	v_disp		25.390548
	mag		24.134900
	z_lens		0.375500
	end
potential
179
	profile		81
	x_centre	21.838990
	y_centre	-32.980704
	ellipticity	0.072824
	angle_pos	-55.070000
	core_radius	0.001076
	core_radius_kpc	0.005559
	cut_radius	0.252046
	cut_radius_kpc	1.302281
	v_disp		25.269816
	mag		24.155600
	z_lens		0.375500
	end
potential
180
	profile		81
	x_centre	58.508164
	y_centre	68.605031
	ellipticity	0.070906
	angle_pos	51.230000
	core_radius	0.001071
	core_radius_kpc	0.005534
	cut_radius	0.250922
	cut_radius_kpc	1.296477
	v_disp		25.213439
	mag		24.165300
	z_lens		0.375500
	end
potential
181
	profile		81
	x_centre	-42.896406
	y_centre	-79.344152
	ellipticity	0.014673
	angle_pos	-8.880000
	core_radius	0.001059
	core_radius_kpc	0.005474
	cut_radius	0.248210
	cut_radius_kpc	1.282463
	v_disp		25.076798
	mag		24.188900
	z_lens		0.375500
	end
potential
182
	profile		81
	x_centre	29.001748
	y_centre	-17.055969
	ellipticity	0.063487
	angle_pos	75.340000
	core_radius	0.001059
	core_radius_kpc	0.005474
	cut_radius	0.248198
	cut_radius_kpc	1.282404
	v_disp		25.076220
	mag		24.189000
	z_lens		0.375500
	end
potential
183
	profile		81
	x_centre	-6.197872
	y_centre	41.130905
	ellipticity	0.125915
	angle_pos	-23.290000
	core_radius	0.001054
	core_radius_kpc	0.005443
	cut_radius	0.246819
	cut_radius_kpc	1.275278
	v_disp		25.006452
	mag		24.201100
	z_lens		0.375500
	end
potential
184
	profile		81
	x_centre	35.843677
	y_centre	41.974805
	ellipticity	0.140306
	angle_pos	-32.420000
	core_radius	0.001050
	core_radius_kpc	0.005425
	cut_radius	0.245991
	cut_radius_kpc	1.270998
	v_disp		24.964454
	mag		24.208400
	z_lens		0.375500
	end
potential
185
	profile		81
	x_centre	47.843025
	y_centre	-64.161404
	ellipticity	0.266945
	angle_pos	45.700000
	core_radius	0.001001
	core_radius_kpc	0.005174
	cut_radius	0.234584
	cut_radius_kpc	1.212062
	v_disp		24.378786
	mag		24.311500
	z_lens		0.375500
	end
potential
186
	profile		81
	x_centre	27.201986
	y_centre	36.390096
	ellipticity	0.091384
	angle_pos	-24.010000
	core_radius	0.000992
	core_radius_kpc	0.005127
	cut_radius	0.232487
	cut_radius_kpc	1.201226
	v_disp		24.269570
	mag		24.331000
	z_lens		0.375500
	end
potential
187
	profile		81
	x_centre	60.577757
	y_centre	63.373103
	ellipticity	0.655047
	angle_pos	52.060000
	core_radius	0.000980
	core_radius_kpc	0.005061
	cut_radius	0.229498
	cut_radius_kpc	1.185782
	v_disp		24.113046
	mag		24.359100
	z_lens		0.375500
	end
potential
188
	profile		81
	x_centre	-66.813464
	y_centre	-45.822158
	ellipticity	0.334873
	angle_pos	-74.770000
	core_radius	0.000970
	core_radius_kpc	0.005010
	cut_radius	0.227185
	cut_radius_kpc	1.173829
	v_disp		23.991206
	mag		24.381100
	z_lens		0.375500
	end
potential
189
	profile		81
	x_centre	28.748135
	y_centre	50.148902
	ellipticity	0.015294
	angle_pos	68.540000
	core_radius	0.000958
	core_radius_kpc	0.004950
	cut_radius	0.224460
	cut_radius_kpc	1.159751
	v_disp		23.846908
	mag		24.407300
	z_lens		0.375500
	end
potential
190
	profile		81
	x_centre	70.889604
	y_centre	64.097705
	ellipticity	0.128785
	angle_pos	-59.030000
	core_radius	0.000950
	core_radius_kpc	0.004906
	cut_radius	0.222464
	cut_radius_kpc	1.149436
	v_disp		23.740621
	mag		24.426700
	z_lens		0.375500
	end
potential
191
	profile		81
	x_centre	32.331377
	y_centre	-28.220505
	ellipticity	0.327272
	angle_pos	-86.530000
	core_radius	0.000928
	core_radius_kpc	0.004796
	cut_radius	0.217480
	cut_radius_kpc	1.123686
	v_disp		23.473188
	mag		24.475900
	z_lens		0.375500
	end
potential
192
	profile		81
	x_centre	16.261362
	y_centre	-28.954931
	ellipticity	0.193039
	angle_pos	0.270000
	core_radius	0.000922
	core_radius_kpc	0.004765
	cut_radius	0.216042
	cut_radius_kpc	1.116259
	v_disp		23.395486
	mag		24.490300
	z_lens		0.375500
	end
potential
193
	profile		81
	x_centre	68.465862
	y_centre	-22.952375
	ellipticity	0.130299
	angle_pos	-22.130000
	core_radius	0.000917
	core_radius_kpc	0.004739
	cut_radius	0.214891
	cut_radius_kpc	1.110311
	v_disp		23.333080
	mag		24.501900
	z_lens		0.375500
	end
potential
194
	profile		81
	x_centre	40.858579
	y_centre	-40.992563
	ellipticity	0.084285
	angle_pos	-40.180000
	core_radius	0.000913
	core_radius_kpc	0.004716
	cut_radius	0.213855
	cut_radius_kpc	1.104956
	v_disp		23.276736
	mag		24.512400
	z_lens		0.375500
	end
potential
195
	profile		81
	x_centre	17.908844
	y_centre	31.096413
	ellipticity	0.189219
	angle_pos	3.970000
	core_radius	0.000910
	core_radius_kpc	0.004703
	cut_radius	0.213265
	cut_radius_kpc	1.101907
	v_disp		23.244600
	mag		24.518400
	z_lens		0.375500
	end
potential
196
	profile		81
	x_centre	-15.935496
	y_centre	-40.651283
	ellipticity	0.223324
	angle_pos	-77.290000
	core_radius	0.000879
	core_radius_kpc	0.004544
	cut_radius	0.206034
	cut_radius_kpc	1.064547
	v_disp		22.847152
	mag		24.593300
	z_lens		0.375500
	end
potential
197
	profile		81
	x_centre	-61.014621
	y_centre	76.898064
	ellipticity	0.210281
	angle_pos	-34.710000
	core_radius	0.000876
	core_radius_kpc	0.004528
	cut_radius	0.205314
	cut_radius_kpc	1.060828
	v_disp		22.807206
	mag		24.600900
	z_lens		0.375500
	end
potential
198
	profile		81
	x_centre	42.306278
	y_centre	21.484892
	ellipticity	0.252617
	angle_pos	78.880000
	core_radius	0.000872
	core_radius_kpc	0.004505
	cut_radius	0.204277
	cut_radius_kpc	1.055467
	v_disp		22.749512
	mag		24.611900
	z_lens		0.375500
	end
potential
199
	profile		81
	x_centre	86.190831
	y_centre	62.153514
	ellipticity	0.499624
	angle_pos	-18.390000
	core_radius	0.000872
	core_radius_kpc	0.004504
	cut_radius	0.204202
	cut_radius_kpc	1.055079
	v_disp		22.745321
	mag		24.612700
	z_lens		0.375500
	end
cline
	nplan		1 3.000000 
	dmax		100.000000
	algorithm		MARCHINGSQUARES
	limitHigh		1.000000
	limitLow		0.100000
	end
grande
	iso	0 0 0.000000 0.000000 0.000000
	name	best
	profile	0 0
	contour	1 0
	large_dist	0.300000
	end
cosmology
	model	1
	H0	70.000000
	omegaM	0.300000
	omegaX	0.700000
	omegaK	0.000000
	wX	-1.000000
	wa	0.000000
	kcourb	0.000000
	end
field
	xmin	-89.996115
	xmax	90.003885
	ymin	-90.001986
	ymax	89.998014
	end
finish
For z_s = 0.8000  DLS/DS:0.4741
DLS:0.1715(lt) 734.30(Mpc) DOS:0.3616(lt) 1548.71(Mpc)
DOL:0.2488(lt) 1065.74(Mpc) DOL_lum:0.4708(lt) 2016.38(Mpc)
Mcrit:3.290371e-03 (10^12 Msol/kpc^2)
Conversion Factor @ z = 0.375500, 1 arcsec == 5.167 kpc
Number of Clumps: 200
-------- Clump 1: PIEMD Kovner, truncated
 Total mass: 1654.327018(cor) 1467.338575 (10^12 M_sol)
 rcut:290.31(") 1500.00(kpc)
 vdisp:954.33(km/s) b0:39.3991
 rc:5.95(") 30.73(kpc)
 rt:290.31(") 1500.00(kpc)
 r_ct:0.0000 r_cr:0.0000
-------- Clump 2: PIEMD Kovner, truncated
 Total mass: 486.466469(cor) 436.606563 (10^12 M_sol)
 rcut:290.31(") 1500.00(kpc)
 vdisp:517.51(km/s) b0:11.5856
 rc:2.47(") 12.76(kpc)
 rt:290.31(") 1500.00(kpc)
 r_ct:0.0000 r_cr:0.0000
-------- Clump 3: PIEMD Kovner, truncated
 Total mass: 0.254541(cor) 0.229416 (10^12 M_sol)
 rcut:4.01(") 20.70(kpc)
 vdisp:100.76(km/s) b0:0.4392
 rc:0.02(") 0.09(kpc)
 rt:4.01(") 20.70(kpc)
 r_ct:0.0000 r_cr:0.0000
-------- Clump 4: PIEMD Kovner, truncated
 Total mass: 0.101335(cor) 0.091332 (10^12 M_sol)
 rcut:2.53(") 13.06(kpc)
 vdisp:80.04(km/s) b0:0.2771
 rc:0.01(") 0.06(kpc)
 rt:2.53(") 13.06(kpc)
 r_ct:0.0000 r_cr:0.0000
-------- Clump 5: PIEMD Kovner, truncated
 Total mass: 0.184178(cor) 0.165998 (10^12 M_sol)
 rcut:3.41(") 17.61(kpc)
 vdisp:92.93(km/s) b0:0.3736
 rc:0.01(") 0.08(kpc)
 rt:3.41(") 17.61(kpc)
 r_ct:0.0000 r_cr:0.0000
-------- Clump 6: PIEMD Kovner, truncated
 Total mass: 0.160442(cor) 0.144605 (10^12 M_sol)
 rcut:3.18(") 16.44(kpc)
 vdisp:89.78(km/s) b0:0.3487
 rc:0.01(") 0.07(kpc)
 rt:3.18(") 16.44(kpc)
 r_ct:0.0000 r_cr:0.0000
-------- Clump 7: PIEMD Kovner, truncated
 Total mass: 0.121663(cor) 0.109654 (10^12 M_sol)
 rcut:2.77(") 14.31(kpc)
 vdisp:83.78(km/s) b0:0.3036
 rc:0.01(") 0.06(kpc)
 rt:2.77(") 14.31(kpc)
 r_ct:0.0000 r_cr:0.0000
-------- Clump 8: PIEMD Kovner, truncated
 Total mass: 0.082893(cor) 0.074711 (10^12 M_sol)
 rcut:2.29(") 11.82(kpc)
 vdisp:76.12(km/s) b0:0.2506
 rc:0.01(") 0.05(kpc)
 rt:2.29(") 11.82(kpc)
 r_ct:0.0000 r_cr:0.0000
-------- Clump 9: PIEMD Kovner, truncated
 Total mass: 0.082664(cor) 0.074505 (10^12 M_sol)
 rcut:2.28(") 11.80(kpc)
 vdisp:76.06(km/s) b0:0.2503
 rc:0.01(") 0.05(kpc)
 rt:2.28(") 11.80(kpc)
 r_ct:0.0000 r_cr:0.0000
-------- Clump 10: PIEMD Kovner, truncated
 Total mass: 0.076334(cor) 0.068799 (10^12 M_sol)
 rcut:2.19(") 11.34(kpc)
 vdisp:74.56(km/s) b0:0.2405
 rc:0.01(") 0.05(kpc)
 rt:2.19(") 11.34(kpc)
 r_ct:0.0000 r_cr:0.0000
-------- Clump 11: PIEMD Kovner, truncated
 Total mass: 0.071945(cor) 0.064843 (10^12 M_sol)
 rcut:2.13(") 11.01(kpc)
 vdisp:73.47(km/s) b0:0.2335
 rc:0.01(") 0.05(kpc)
 rt:2.13(") 11.01(kpc)
 r_ct:0.0000 r_cr:0.0000
-------- Clump 12: PIEMD Kovner, truncated
 Total mass: 0.069502(cor) 0.062642 (10^12 M_sol)
 rcut:2.09(") 10.82(kpc)
 vdisp:72.84(km/s) b0:0.2295
 rc:0.01(") 0.05(kpc)
 rt:2.09(") 10.82(kpc)
 r_ct:0.0000 r_cr:0.0000
-------- Clump 13: PIEMD Kovner, truncated
 Total mass: 0.060517(cor) 0.054544 (10^12 M_sol)
 rcut:1.95(") 10.10(kpc)
 vdisp:70.36(km/s) b0:0.2141
 rc:0.01(") 0.04(kpc)
 rt:1.95(") 10.10(kpc)
 r_ct:0.0000 r_cr:0.0000
-------- Clump 14: PIEMD Kovner, truncated
 Total mass: 0.057687(cor) 0.051993 (10^12 M_sol)
 rcut:1.91(") 9.86(kpc)
 vdisp:69.52(km/s) b0:0.2091
 rc:0.01(") 0.04(kpc)
 rt:1.91(") 9.86(kpc)
 r_ct:0.0000 r_cr:0.0000
-------- Clump 15: PIEMD Kovner, truncated
 Total mass: 0.056801(cor) 0.051195 (10^12 M_sol)
 rcut:1.89(") 9.78(kpc)
 vdisp:69.25(km/s) b0:0.2075
 rc:0.01(") 0.04(kpc)
 rt:1.89(") 9.78(kpc)
 r_ct:0.0000 r_cr:0.0000
-------- Clump 16: PIEMD Kovner, truncated
 Total mass: 0.055919(cor) 0.050399 (10^12 M_sol)
 rcut:1.88(") 9.70(kpc)
 vdisp:68.98(km/s) b0:0.2058
 rc:0.01(") 0.04(kpc)
 rt:1.88(") 9.70(kpc)
 r_ct:0.0000 r_cr:0.0000
-------- Clump 17: PIEMD Kovner, truncated
 Total mass: 0.055616(cor) 0.050126 (10^12 M_sol)
 rcut:1.87(") 9.68(kpc)
 vdisp:68.89(km/s) b0:0.2053
 rc:0.01(") 0.04(kpc)
 rt:1.87(") 9.68(kpc)
 r_ct:0.0000 r_cr:0.0000
-------- Clump 18: PIEMD Kovner, truncated
 Total mass: 0.054747(cor) 0.049343 (10^12 M_sol)
 rcut:1.86(") 9.60(kpc)
 vdisp:68.62(km/s) b0:0.2037
 rc:0.01(") 0.04(kpc)
 rt:1.86(") 9.60(kpc)
 r_ct:0.0000 r_cr:0.0000
-------- Clump 19: PIEMD Kovner, truncated
 Total mass: 0.051201(cor) 0.046147 (10^12 M_sol)
 rcut:1.80(") 9.29(kpc)
 vdisp:67.48(km/s) b0:0.1970
 rc:0.01(") 0.04(kpc)
 rt:1.80(") 9.29(kpc)
 r_ct:0.0000 r_cr:0.0000
-------- Clump 20: PIEMD Kovner, truncated
 Total mass: 0.051149(cor) 0.046100 (10^12 M_sol)
 rcut:1.80(") 9.28(kpc)
 vdisp:67.46(km/s) b0:0.1969
 rc:0.01(") 0.04(kpc)
 rt:1.80(") 9.28(kpc)
 r_ct:0.0000 r_cr:0.0000
-------- Clump 21: PIEMD Kovner, truncated
 Total mass: 0.047158(cor) 0.042503 (10^12 M_sol)
 rcut:1.72(") 8.91(kpc)
 vdisp:66.10(km/s) b0:0.1890
 rc:0.01(") 0.04(kpc)
 rt:1.72(") 8.91(kpc)
 r_ct:0.0000 r_cr:0.0000
-------- Clump 22: PIEMD Kovner, truncated
 Total mass: 0.043804(cor) 0.039481 (10^12 M_sol)
 rcut:1.66(") 8.59(kpc)
 vdisp:64.90(km/s) b0:0.1822
 rc:0.01(") 0.04(kpc)
 rt:1.66(") 8.59(kpc)
 r_ct:0.0000 r_cr:0.0000
-------- Clump 23: PIEMD Kovner, truncated
 Total mass: 0.042843(cor) 0.038614 (10^12 M_sol)
 rcut:1.64(") 8.49(kpc)
 vdisp:64.54(km/s) b0:0.1802
 rc:0.01(") 0.04(kpc)
 rt:1.64(") 8.49(kpc)
 r_ct:0.0000 r_cr:0.0000
-------- Clump 24: PIEMD Kovner, truncated
 Total mass: 0.041514(cor) 0.037417 (10^12 M_sol)
 rcut:1.62(") 8.36(kpc)
 vdisp:64.03(km/s) b0:0.1774
 rc:0.01(") 0.04(kpc)
 rt:1.62(") 8.36(kpc)
 r_ct:0.0000 r_cr:0.0000
-------- Clump 25: PIEMD Kovner, truncated
 Total mass: 0.041495(cor) 0.037399 (10^12 M_sol)
 rcut:1.62(") 8.36(kpc)
 vdisp:64.02(km/s) b0:0.1773
 rc:0.01(") 0.04(kpc)
 rt:1.62(") 8.36(kpc)
 r_ct:0.0000 r_cr:0.0000
-------- Clump 26: PIEMD Kovner, truncated
 Total mass: 0.039456(cor) 0.035562 (10^12 M_sol)
 rcut:1.58(") 8.15(kpc)
 vdisp:63.22(km/s) b0:0.1729
 rc:0.01(") 0.03(kpc)
 rt:1.58(") 8.15(kpc)
 r_ct:0.0000 r_cr:0.0000
-------- Clump 27: PIEMD Kovner, truncated
 Total mass: 0.037160(cor) 0.033492 (10^12 M_sol)
 rcut:1.53(") 7.91(kpc)
 vdisp:62.28(km/s) b0:0.1678
 rc:0.01(") 0.03(kpc)
 rt:1.53(") 7.91(kpc)
 r_ct:0.0000 r_cr:0.0000
-------- Clump 28: PIEMD Kovner, truncated
 Total mass: 0.037157(cor) 0.033489 (10^12 M_sol)
 rcut:1.53(") 7.91(kpc)
 vdisp:62.28(km/s) b0:0.1678
 rc:0.01(") 0.03(kpc)
 rt:1.53(") 7.91(kpc)
 r_ct:0.0000 r_cr:0.0000
-------- Clump 29: PIEMD Kovner, truncated
 Total mass: 0.035547(cor) 0.032038 (10^12 M_sol)
 rcut:1.50(") 7.74(kpc)
 vdisp:61.59(km/s) b0:0.1641
 rc:0.01(") 0.03(kpc)
 rt:1.50(") 7.74(kpc)
 r_ct:0.0000 r_cr:0.0000
-------- Clump 30: PIEMD Kovner, truncated
 Total mass: 0.035136(cor) 0.031668 (10^12 M_sol)
 rcut:1.49(") 7.69(kpc)
 vdisp:61.42(km/s) b0:0.1632
 rc:0.01(") 0.03(kpc)
 rt:1.49(") 7.69(kpc)
 r_ct:0.0000 r_cr:0.0000
-------- Clump 31: PIEMD Kovner, truncated
 Total mass: 0.034705(cor) 0.031280 (10^12 M_sol)
 rcut:1.48(") 7.65(kpc)
 vdisp:61.23(km/s) b0:0.1622
 rc:0.01(") 0.03(kpc)
 rt:1.48(") 7.65(kpc)
 r_ct:0.0000 r_cr:0.0000
-------- Clump 32: PIEMD Kovner, truncated
 Total mass: 0.033089(cor) 0.029823 (10^12 M_sol)
 rcut:1.44(") 7.46(kpc)
 vdisp:60.50(km/s) b0:0.1583
 rc:0.01(") 0.03(kpc)
 rt:1.44(") 7.46(kpc)
 r_ct:0.0000 r_cr:0.0000
-------- Clump 33: PIEMD Kovner, truncated
 Total mass: 0.027400(cor) 0.024696 (10^12 M_sol)
 rcut:1.31(") 6.79(kpc)
 vdisp:57.71(km/s) b0:0.1441
 rc:0.01(") 0.03(kpc)
 rt:1.31(") 6.79(kpc)
 r_ct:0.0000 r_cr:0.0000
-------- Clump 34: PIEMD Kovner, truncated
 Total mass: 0.026673(cor) 0.024041 (10^12 M_sol)
 rcut:1.30(") 6.70(kpc)
 vdisp:57.33(km/s) b0:0.1422
 rc:0.01(") 0.03(kpc)
 rt:1.30(") 6.70(kpc)
 r_ct:0.0000 r_cr:0.0000
-------- Clump 35: PIEMD Kovner, truncated
 Total mass: 0.026385(cor) 0.023781 (10^12 M_sol)
 rcut:1.29(") 6.67(kpc)
 vdisp:57.17(km/s) b0:0.1414
 rc:0.01(") 0.03(kpc)
 rt:1.29(") 6.67(kpc)
 r_ct:0.0000 r_cr:0.0000
-------- Clump 36: PIEMD Kovner, truncated
 Total mass: 0.024588(cor) 0.022161 (10^12 M_sol)
 rcut:1.25(") 6.43(kpc)
 vdisp:56.17(km/s) b0:0.1365
 rc:0.01(") 0.03(kpc)
 rt:1.25(") 6.43(kpc)
 r_ct:0.0000 r_cr:0.0000
-------- Clump 37: PIEMD Kovner, truncated
 Total mass: 0.023984(cor) 0.021616 (10^12 M_sol)
 rcut:1.23(") 6.36(kpc)
 vdisp:55.82(km/s) b0:0.1348
 rc:0.01(") 0.03(kpc)
 rt:1.23(") 6.36(kpc)
 r_ct:0.0000 r_cr:0.0000
-------- Clump 38: PIEMD Kovner, truncated
 Total mass: 0.023760(cor) 0.021414 (10^12 M_sol)
 rcut:1.22(") 6.33(kpc)
 vdisp:55.69(km/s) b0:0.1342
 rc:0.01(") 0.03(kpc)
 rt:1.22(") 6.33(kpc)
 r_ct:0.0000 r_cr:0.0000
-------- Clump 39: PIEMD Kovner, truncated
 Total mass: 0.023189(cor) 0.020900 (10^12 M_sol)
 rcut:1.21(") 6.25(kpc)
 vdisp:55.36(km/s) b0:0.1326
 rc:0.01(") 0.03(kpc)
 rt:1.21(") 6.25(kpc)
 r_ct:0.0000 r_cr:0.0000
-------- Clump 40: PIEMD Kovner, truncated
 Total mass: 0.023067(cor) 0.020790 (10^12 M_sol)
 rcut:1.21(") 6.23(kpc)
 vdisp:55.28(km/s) b0:0.1322
 rc:0.01(") 0.03(kpc)
 rt:1.21(") 6.23(kpc)
 r_ct:0.0000 r_cr:0.0000
-------- Clump 41: PIEMD Kovner, truncated
 Total mass: 0.022408(cor) 0.020196 (10^12 M_sol)
 rcut:1.19(") 6.14(kpc)
 vdisp:54.88(km/s) b0:0.1303
 rc:0.01(") 0.03(kpc)
 rt:1.19(") 6.14(kpc)
 r_ct:0.0000 r_cr:0.0000
-------- Clump 42: PIEMD Kovner, truncated
 Total mass: 0.022184(cor) 0.019994 (10^12 M_sol)
 rcut:1.18(") 6.11(kpc)
 vdisp:54.75(km/s) b0:0.1297
 rc:0.01(") 0.03(kpc)
 rt:1.18(") 6.11(kpc)
 r_ct:0.0000 r_cr:0.0000
-------- Clump 43: PIEMD Kovner, truncated
 Total mass: 0.020652(cor) 0.018613 (10^12 M_sol)
 rcut:1.14(") 5.90(kpc)
 vdisp:53.78(km/s) b0:0.1251
 rc:0.00(") 0.03(kpc)
 rt:1.14(") 5.90(kpc)
 r_ct:0.0000 r_cr:0.0000
-------- Clump 44: PIEMD Kovner, truncated
 Total mass: 0.020329(cor) 0.018322 (10^12 M_sol)
 rcut:1.13(") 5.85(kpc)
 vdisp:53.56(km/s) b0:0.1241
 rc:0.00(") 0.02(kpc)
 rt:1.13(") 5.85(kpc)
 r_ct:0.0000 r_cr:0.0000
-------- Clump 45: PIEMD Kovner, truncated
 Total mass: 0.020303(cor) 0.018299 (10^12 M_sol)
 rcut:1.13(") 5.85(kpc)
 vdisp:53.55(km/s) b0:0.1240
 rc:0.00(") 0.02(kpc)
 rt:1.13(") 5.85(kpc)
 r_ct:0.0000 r_cr:0.0000
-------- Clump 46: PIEMD Kovner, truncated
 Total mass: 0.019733(cor) 0.017785 (10^12 M_sol)
 rcut:1.12(") 5.76(kpc)
 vdisp:53.17(km/s) b0:0.1223
 rc:0.00(") 0.02(kpc)
 rt:1.12(") 5.76(kpc)
 r_ct:0.0000 r_cr:0.0000
-------- Clump 47: PIEMD Kovner, truncated
 Total mass: 0.018241(cor) 0.016440 (10^12 M_sol)
 rcut:1.07(") 5.54(kpc)
 vdisp:52.13(km/s) b0:0.1176
 rc:0.00(") 0.02(kpc)
 rt:1.07(") 5.54(kpc)
 r_ct:0.0000 r_cr:0.0000
-------- Clump 48: PIEMD Kovner, truncated
 Total mass: 0.017870(cor) 0.016106 (10^12 M_sol)
 rcut:1.06(") 5.49(kpc)
 vdisp:51.86(km/s) b0:0.1164
 rc:0.00(") 0.02(kpc)
 rt:1.06(") 5.49(kpc)
 r_ct:0.0000 r_cr:0.0000
-------- Clump 49: PIEMD Kovner, truncated
 Total mass: 0.017809(cor) 0.016051 (10^12 M_sol)
 rcut:1.06(") 5.48(kpc)
 vdisp:51.82(km/s) b0:0.1162
 rc:0.00(") 0.02(kpc)
 rt:1.06(") 5.48(kpc)
 r_ct:0.0000 r_cr:0.0000
-------- Clump 50: PIEMD Kovner, truncated
 Total mass: 0.017578(cor) 0.015843 (10^12 M_sol)
 rcut:1.05(") 5.44(kpc)
 vdisp:51.65(km/s) b0:0.1154
 rc:0.00(") 0.02(kpc)
 rt:1.05(") 5.44(kpc)
 r_ct:0.0000 r_cr:0.0000
-------- Clump 51: PIEMD Kovner, truncated
 Total mass: 0.017190(cor) 0.015493 (10^12 M_sol)
 rcut:1.04(") 5.38(kpc)
 vdisp:51.36(km/s) b0:0.1141
 rc:0.00(") 0.02(kpc)
 rt:1.04(") 5.38(kpc)
 r_ct:0.0000 r_cr:0.0000
-------- Clump 52: PIEMD Kovner, truncated
 Total mass: 0.016975(cor) 0.015299 (10^12 M_sol)
 rcut:1.03(") 5.35(kpc)
 vdisp:51.20(km/s) b0:0.1134
 rc:0.00(") 0.02(kpc)
 rt:1.03(") 5.35(kpc)
 r_ct:0.0000 r_cr:0.0000
-------- Clump 53: PIEMD Kovner, truncated
 Total mass: 0.016887(cor) 0.015220 (10^12 M_sol)
 rcut:1.03(") 5.33(kpc)
 vdisp:51.14(km/s) b0:0.1131
 rc:0.00(") 0.02(kpc)
 rt:1.03(") 5.33(kpc)
 r_ct:0.0000 r_cr:0.0000
-------- Clump 54: PIEMD Kovner, truncated
 Total mass: 0.016757(cor) 0.015103 (10^12 M_sol)
 rcut:1.03(") 5.31(kpc)
 vdisp:51.04(km/s) b0:0.1127
 rc:0.00(") 0.02(kpc)
 rt:1.03(") 5.31(kpc)
 r_ct:0.0000 r_cr:0.0000
-------- Clump 55: PIEMD Kovner, truncated
 Total mass: 0.016356(cor) 0.014742 (10^12 M_sol)
 rcut:1.02(") 5.25(kpc)
 vdisp:50.73(km/s) b0:0.1113
 rc:0.00(") 0.02(kpc)
 rt:1.02(") 5.25(kpc)
 r_ct:0.0000 r_cr:0.0000
-------- Clump 56: PIEMD Kovner, truncated
 Total mass: 0.016188(cor) 0.014590 (10^12 M_sol)
 rcut:1.01(") 5.22(kpc)
 vdisp:50.60(km/s) b0:0.1108
 rc:0.00(") 0.02(kpc)
 rt:1.01(") 5.22(kpc)
 r_ct:0.0000 r_cr:0.0000
-------- Clump 57: PIEMD Kovner, truncated
 Total mass: 0.016121(cor) 0.014530 (10^12 M_sol)
 rcut:1.01(") 5.21(kpc)
 vdisp:50.55(km/s) b0:0.1105
 rc:0.00(") 0.02(kpc)
 rt:1.01(") 5.21(kpc)
 r_ct:0.0000 r_cr:0.0000
-------- Clump 58: PIEMD Kovner, truncated
 Total mass: 0.015384(cor) 0.013866 (10^12 M_sol)
 rcut:0.99(") 5.09(kpc)
 vdisp:49.96(km/s) b0:0.1080
 rc:0.00(") 0.02(kpc)
 rt:0.99(") 5.09(kpc)
 r_ct:0.0000 r_cr:0.0000
-------- Clump 59: PIEMD Kovner, truncated
 Total mass: 0.014937(cor) 0.013463 (10^12 M_sol)
 rcut:0.97(") 5.02(kpc)
 vdisp:49.59(km/s) b0:0.1064
 rc:0.00(") 0.02(kpc)
 rt:0.97(") 5.02(kpc)
 r_ct:0.0000 r_cr:0.0000
-------- Clump 60: PIEMD Kovner, truncated
 Total mass: 0.014318(cor) 0.012905 (10^12 M_sol)
 rcut:0.95(") 4.91(kpc)
 vdisp:49.07(km/s) b0:0.1042
 rc:0.00(") 0.02(kpc)
 rt:0.95(") 4.91(kpc)
 r_ct:0.0000 r_cr:0.0000
-------- Clump 61: PIEMD Kovner, truncated
 Total mass: 0.013519(cor) 0.012185 (10^12 M_sol)
 rcut:0.92(") 4.77(kpc)
 vdisp:48.37(km/s) b0:0.1012
 rc:0.00(") 0.02(kpc)
 rt:0.92(") 4.77(kpc)
 r_ct:0.0000 r_cr:0.0000
-------- Clump 62: PIEMD Kovner, truncated
 Total mass: 0.013424(cor) 0.012099 (10^12 M_sol)
 rcut:0.92(") 4.75(kpc)
 vdisp:48.28(km/s) b0:0.1009
 rc:0.00(") 0.02(kpc)
 rt:0.92(") 4.75(kpc)
 r_ct:0.0000 r_cr:0.0000
-------- Clump 63: PIEMD Kovner, truncated
 Total mass: 0.012537(cor) 0.011300 (10^12 M_sol)
 rcut:0.89(") 4.59(kpc)
 vdisp:47.47(km/s) b0:0.0975
 rc:0.00(") 0.02(kpc)
 rt:0.89(") 4.59(kpc)
 r_ct:0.0000 r_cr:0.0000
-------- Clump 64: PIEMD Kovner, truncated
 Total mass: 0.012332(cor) 0.011115 (10^12 M_sol)
 rcut:0.88(") 4.56(kpc)
 vdisp:47.27(km/s) b0:0.0967
 rc:0.00(") 0.02(kpc)
 rt:0.88(") 4.56(kpc)
 r_ct:0.0000 r_cr:0.0000
-------- Clump 65: PIEMD Kovner, truncated
 Total mass: 0.012004(cor) 0.010819 (10^12 M_sol)
 rcut:0.87(") 4.50(kpc)
 vdisp:46.95(km/s) b0:0.0954
 rc:0.00(") 0.02(kpc)
 rt:0.87(") 4.50(kpc)
 r_ct:0.0000 r_cr:0.0000
-------- Clump 66: PIEMD Kovner, truncated
 Total mass: 0.011357(cor) 0.010236 (10^12 M_sol)
 rcut:0.85(") 4.37(kpc)
 vdisp:46.31(km/s) b0:0.0928
 rc:0.00(") 0.02(kpc)
 rt:0.85(") 4.37(kpc)
 r_ct:0.0000 r_cr:0.0000
-------- Clump 67: PIEMD Kovner, truncated
 Total mass: 0.011356(cor) 0.010235 (10^12 M_sol)
 rcut:0.85(") 4.37(kpc)
 vdisp:46.31(km/s) b0:0.0928
 rc:0.00(") 0.02(kpc)
 rt:0.85(") 4.37(kpc)
 r_ct:0.0000 r_cr:0.0000
-------- Clump 68: PIEMD Kovner, truncated
 Total mass: 0.010948(cor) 0.009867 (10^12 M_sol)
 rcut:0.83(") 4.29(kpc)
 vdisp:45.89(km/s) b0:0.0911
 rc:0.00(") 0.02(kpc)
 rt:0.83(") 4.29(kpc)
 r_ct:0.0000 r_cr:0.0000
-------- Clump 69: PIEMD Kovner, truncated
 Total mass: 0.010817(cor) 0.009750 (10^12 M_sol)
 rcut:0.83(") 4.27(kpc)
 vdisp:45.75(km/s) b0:0.0905
 rc:0.00(") 0.02(kpc)
 rt:0.83(") 4.27(kpc)
 r_ct:0.0000 r_cr:0.0000
-------- Clump 70: PIEMD Kovner, truncated
 Total mass: 0.010517(cor) 0.009479 (10^12 M_sol)
 rcut:0.81(") 4.21(kpc)
 vdisp:45.43(km/s) b0:0.0893
 rc:0.00(") 0.02(kpc)
 rt:0.81(") 4.21(kpc)
 r_ct:0.0000 r_cr:0.0000
-------- Clump 71: PIEMD Kovner, truncated
 Total mass: 0.010266(cor) 0.009253 (10^12 M_sol)
 rcut:0.80(") 4.16(kpc)
 vdisp:45.15(km/s) b0:0.0882
 rc:0.00(") 0.02(kpc)
 rt:0.80(") 4.16(kpc)
 r_ct:0.0000 r_cr:0.0000
-------- Clump 72: PIEMD Kovner, truncated
 Total mass: 0.009976(cor) 0.008991 (10^12 M_sol)
 rcut:0.79(") 4.10(kpc)
 vdisp:44.83(km/s) b0:0.0869
 rc:0.00(") 0.02(kpc)
 rt:0.79(") 4.10(kpc)
 r_ct:0.0000 r_cr:0.0000
-------- Clump 73: PIEMD Kovner, truncated
 Total mass: 0.009817(cor) 0.008848 (10^12 M_sol)
 rcut:0.79(") 4.07(kpc)
 vdisp:44.65(km/s) b0:0.0863
 rc:0.00(") 0.02(kpc)
 rt:0.79(") 4.07(kpc)
 r_ct:0.0000 r_cr:0.0000
-------- Clump 74: PIEMD Kovner, truncated
 Total mass: 0.009693(cor) 0.008737 (10^12 M_sol)
 rcut:0.78(") 4.04(kpc)
 vdisp:44.51(km/s) b0:0.0857
 rc:0.00(") 0.02(kpc)
 rt:0.78(") 4.04(kpc)
 r_ct:0.0000 r_cr:0.0000
-------- Clump 75: PIEMD Kovner, truncated
 Total mass: 0.009438(cor) 0.008506 (10^12 M_sol)
 rcut:0.77(") 3.99(kpc)
 vdisp:44.21(km/s) b0:0.0846
 rc:0.00(") 0.02(kpc)
 rt:0.77(") 3.99(kpc)
 r_ct:0.0000 r_cr:0.0000
-------- Clump 76: PIEMD Kovner, truncated
 Total mass: 0.009367(cor) 0.008442 (10^12 M_sol)
 rcut:0.77(") 3.97(kpc)
 vdisp:44.13(km/s) b0:0.0842
 rc:0.00(") 0.02(kpc)
 rt:0.77(") 3.97(kpc)
 r_ct:0.0000 r_cr:0.0000
-------- Clump 77: PIEMD Kovner, truncated
 Total mass: 0.009257(cor) 0.008343 (10^12 M_sol)
 rcut:0.76(") 3.95(kpc)
 vdisp:44.00(km/s) b0:0.0838
 rc:0.00(") 0.02(kpc)
 rt:0.76(") 3.95(kpc)
 r_ct:0.0000 r_cr:0.0000
-------- Clump 78: PIEMD Kovner, truncated
 Total mass: 0.009158(cor) 0.008254 (10^12 M_sol)
 rcut:0.76(") 3.93(kpc)
 vdisp:43.88(km/s) b0:0.0833
 rc:0.00(") 0.02(kpc)
 rt:0.76(") 3.93(kpc)
 r_ct:0.0000 r_cr:0.0000
-------- Clump 79: PIEMD Kovner, truncated
 Total mass: 0.008722(cor) 0.007861 (10^12 M_sol)
 rcut:0.74(") 3.83(kpc)
 vdisp:43.35(km/s) b0:0.0813
 rc:0.00(") 0.02(kpc)
 rt:0.74(") 3.83(kpc)
 r_ct:0.0000 r_cr:0.0000
-------- Clump 80: PIEMD Kovner, truncated
 Total mass: 0.008321(cor) 0.007500 (10^12 M_sol)
 rcut:0.72(") 3.74(kpc)
 vdisp:42.84(km/s) b0:0.0794
 rc:0.00(") 0.02(kpc)
 rt:0.72(") 3.74(kpc)
 r_ct:0.0000 r_cr:0.0000
-------- Clump 81: PIEMD Kovner, truncated
 Total mass: 0.007918(cor) 0.007136 (10^12 M_sol)
 rcut:0.71(") 3.65(kpc)
 vdisp:42.31(km/s) b0:0.0775
 rc:0.00(") 0.02(kpc)
 rt:0.71(") 3.65(kpc)
 r_ct:0.0000 r_cr:0.0000
-------- Clump 82: PIEMD Kovner, truncated
 Total mass: 0.007795(cor) 0.007025 (10^12 M_sol)
 rcut:0.70(") 3.62(kpc)
 vdisp:42.15(km/s) b0:0.0769
 rc:0.00(") 0.02(kpc)
 rt:0.70(") 3.62(kpc)
 r_ct:0.0000 r_cr:0.0000
-------- Clump 83: PIEMD Kovner, truncated
 Total mass: 0.007239(cor) 0.006524 (10^12 M_sol)
 rcut:0.68(") 3.49(kpc)
 vdisp:41.38(km/s) b0:0.0741
 rc:0.00(") 0.01(kpc)
 rt:0.68(") 3.49(kpc)
 r_ct:0.0000 r_cr:0.0000
-------- Clump 84: PIEMD Kovner, truncated
 Total mass: 0.006526(cor) 0.005882 (10^12 M_sol)
 rcut:0.64(") 3.32(kpc)
 vdisp:40.32(km/s) b0:0.0703
 rc:0.00(") 0.01(kpc)
 rt:0.64(") 3.32(kpc)
 r_ct:0.0000 r_cr:0.0000
-------- Clump 85: PIEMD Kovner, truncated
 Total mass: 0.006493(cor) 0.005853 (10^12 M_sol)
 rcut:0.64(") 3.31(kpc)
 vdisp:40.27(km/s) b0:0.0701
 rc:0.00(") 0.01(kpc)
 rt:0.64(") 3.31(kpc)
 r_ct:0.0000 r_cr:0.0000
-------- Clump 86: PIEMD Kovner, truncated
 Total mass: 0.006111(cor) 0.005508 (10^12 M_sol)
 rcut:0.62(") 3.21(kpc)
 vdisp:39.66(km/s) b0:0.0681
 rc:0.00(") 0.01(kpc)
 rt:0.62(") 3.21(kpc)
 r_ct:0.0000 r_cr:0.0000
-------- Clump 87: PIEMD Kovner, truncated
 Total mass: 0.005881(cor) 0.005300 (10^12 M_sol)
 rcut:0.61(") 3.15(kpc)
 vdisp:39.28(km/s) b0:0.0668
 rc:0.00(") 0.01(kpc)
 rt:0.61(") 3.15(kpc)
 r_ct:0.0000 r_cr:0.0000
-------- Clump 88: PIEMD Kovner, truncated
 Total mass: 0.005796(cor) 0.005224 (10^12 M_sol)
 rcut:0.60(") 3.12(kpc)
 vdisp:39.14(km/s) b0:0.0663
 rc:0.00(") 0.01(kpc)
 rt:0.60(") 3.12(kpc)
 r_ct:0.0000 r_cr:0.0000
-------- Clump 89: PIEMD Kovner, truncated
 Total mass: 0.005649(cor) 0.005092 (10^12 M_sol)
 rcut:0.60(") 3.08(kpc)
 vdisp:38.89(km/s) b0:0.0654
 rc:0.00(") 0.01(kpc)
 rt:0.60(") 3.08(kpc)
 r_ct:0.0000 r_cr:0.0000
-------- Clump 90: PIEMD Kovner, truncated
 Total mass: 0.005386(cor) 0.004854 (10^12 M_sol)
 rcut:0.58(") 3.01(kpc)
 vdisp:38.43(km/s) b0:0.0639
 rc:0.00(") 0.01(kpc)
 rt:0.58(") 3.01(kpc)
 r_ct:0.0000 r_cr:0.0000
-------- Clump 91: PIEMD Kovner, truncated
 Total mass: 0.005371(cor) 0.004841 (10^12 M_sol)
 rcut:0.58(") 3.01(kpc)
 vdisp:38.40(km/s) b0:0.0638
 rc:0.00(") 0.01(kpc)
 rt:0.58(") 3.01(kpc)
 r_ct:0.0000 r_cr:0.0000
-------- Clump 92: PIEMD Kovner, truncated
 Total mass: 0.005260(cor) 0.004740 (10^12 M_sol)
 rcut:0.58(") 2.98(kpc)
 vdisp:38.20(km/s) b0:0.0631
 rc:0.00(") 0.01(kpc)
 rt:0.58(") 2.98(kpc)
 r_ct:0.0000 r_cr:0.0000
-------- Clump 93: PIEMD Kovner, truncated
 Total mass: 0.005063(cor) 0.004564 (10^12 M_sol)
 rcut:0.57(") 2.92(kpc)
 vdisp:37.84(km/s) b0:0.0619
 rc:0.00(") 0.01(kpc)
 rt:0.57(") 2.92(kpc)
 r_ct:0.0000 r_cr:0.0000
-------- Clump 94: PIEMD Kovner, truncated
 Total mass: 0.005059(cor) 0.004559 (10^12 M_sol)
 rcut:0.56(") 2.92(kpc)
 vdisp:37.83(km/s) b0:0.0619
 rc:0.00(") 0.01(kpc)
 rt:0.56(") 2.92(kpc)
 r_ct:0.0000 r_cr:0.0000
-------- Clump 95: PIEMD Kovner, truncated
 Total mass: 0.005041(cor) 0.004543 (10^12 M_sol)
 rcut:0.56(") 2.91(kpc)
 vdisp:37.80(km/s) b0:0.0618
 rc:0.00(") 0.01(kpc)
 rt:0.56(") 2.91(kpc)
 r_ct:0.0000 r_cr:0.0000
-------- Clump 96: PIEMD Kovner, truncated
 Total mass: 0.004974(cor) 0.004483 (10^12 M_sol)
 rcut:0.56(") 2.89(kpc)
 vdisp:37.67(km/s) b0:0.0614
 rc:0.00(") 0.01(kpc)
 rt:0.56(") 2.89(kpc)
 r_ct:0.0000 r_cr:0.0000
-------- Clump 97: PIEMD Kovner, truncated
 Total mass: 0.004967(cor) 0.004477 (10^12 M_sol)
 rcut:0.56(") 2.89(kpc)
 vdisp:37.66(km/s) b0:0.0614
 rc:0.00(") 0.01(kpc)
 rt:0.56(") 2.89(kpc)
 r_ct:0.0000 r_cr:0.0000
-------- Clump 98: PIEMD Kovner, truncated
 Total mass: 0.004925(cor) 0.004439 (10^12 M_sol)
 rcut:0.56(") 2.88(kpc)
 vdisp:37.58(km/s) b0:0.0611
 rc:0.00(") 0.01(kpc)
 rt:0.56(") 2.88(kpc)
 r_ct:0.0000 r_cr:0.0000
-------- Clump 99: PIEMD Kovner, truncated
 Total mass: 0.004720(cor) 0.004254 (10^12 M_sol)
 rcut:0.55(") 2.82(kpc)
 vdisp:37.18(km/s) b0:0.0598
 rc:0.00(") 0.01(kpc)
 rt:0.55(") 2.82(kpc)
 r_ct:0.0000 r_cr:0.0000
-------- Clump 100: PIEMD Kovner, truncated
 Total mass: 0.004539(cor) 0.004091 (10^12 M_sol)
 rcut:0.54(") 2.76(kpc)
 vdisp:36.82(km/s) b0:0.0586
 rc:0.00(") 0.01(kpc)
 rt:0.54(") 2.76(kpc)
 r_ct:0.0000 r_cr:0.0000
-------- Clump 101: PIEMD Kovner, truncated
 Total mass: 0.004509(cor) 0.004064 (10^12 M_sol)
 rcut:0.53(") 2.76(kpc)
 vdisp:36.76(km/s) b0:0.0585
 rc:0.00(") 0.01(kpc)
 rt:0.53(") 2.76(kpc)
 r_ct:0.0000 r_cr:0.0000
-------- Clump 102: PIEMD Kovner, truncated
 Total mass: 0.004389(cor) 0.003956 (10^12 M_sol)
 rcut:0.53(") 2.72(kpc)
 vdisp:36.51(km/s) b0:0.0577
 rc:0.00(") 0.01(kpc)
 rt:0.53(") 2.72(kpc)
 r_ct:0.0000 r_cr:0.0000
-------- Clump 103: PIEMD Kovner, truncated
 Total mass: 0.004233(cor) 0.003815 (10^12 M_sol)
 rcut:0.52(") 2.67(kpc)
 vdisp:36.18(km/s) b0:0.0566
 rc:0.00(") 0.01(kpc)
 rt:0.52(") 2.67(kpc)
 r_ct:0.0000 r_cr:0.0000
-------- Clump 104: PIEMD Kovner, truncated
 Total mass: 0.004149(cor) 0.003739 (10^12 M_sol)
 rcut:0.51(") 2.64(kpc)
 vdisp:36.00(km/s) b0:0.0561
 rc:0.00(") 0.01(kpc)
 rt:0.51(") 2.64(kpc)
 r_ct:0.0000 r_cr:0.0000
-------- Clump 105: PIEMD Kovner, truncated
 Total mass: 0.004142(cor) 0.003733 (10^12 M_sol)
 rcut:0.51(") 2.64(kpc)
 vdisp:35.99(km/s) b0:0.0560
 rc:0.00(") 0.01(kpc)
 rt:0.51(") 2.64(kpc)
 r_ct:0.0000 r_cr:0.0000
-------- Clump 106: PIEMD Kovner, truncated
 Total mass: 0.004130(cor) 0.003722 (10^12 M_sol)
 rcut:0.51(") 2.64(kpc)
 vdisp:35.96(km/s) b0:0.0559
 rc:0.00(") 0.01(kpc)
 rt:0.51(") 2.64(kpc)
 r_ct:0.0000 r_cr:0.0000
-------- Clump 107: PIEMD Kovner, truncated
 Total mass: 0.004115(cor) 0.003708 (10^12 M_sol)
 rcut:0.51(") 2.63(kpc)
 vdisp:35.93(km/s) b0:0.0558
 rc:0.00(") 0.01(kpc)
 rt:0.51(") 2.63(kpc)
 r_ct:0.0000 r_cr:0.0000
-------- Clump 108: PIEMD Kovner, truncated
 Total mass: 0.004048(cor) 0.003648 (10^12 M_sol)
 rcut:0.51(") 2.61(kpc)
 vdisp:35.78(km/s) b0:0.0554
 rc:0.00(") 0.01(kpc)
 rt:0.51(") 2.61(kpc)
 r_ct:0.0000 r_cr:0.0000
-------- Clump 109: PIEMD Kovner, truncated
 Total mass: 0.004046(cor) 0.003646 (10^12 M_sol)
 rcut:0.51(") 2.61(kpc)
 vdisp:35.78(km/s) b0:0.0554
 rc:0.00(") 0.01(kpc)
 rt:0.51(") 2.61(kpc)
 r_ct:0.0000 r_cr:0.0000
-------- Clump 110: PIEMD Kovner, truncated
 Total mass: 0.004029(cor) 0.003631 (10^12 M_sol)
 rcut:0.50(") 2.60(kpc)
 vdisp:35.74(km/s) b0:0.0553
 rc:0.00(") 0.01(kpc)
 rt:0.50(") 2.60(kpc)
 r_ct:0.0000 r_cr:0.0000
-------- Clump 111: PIEMD Kovner, truncated
 Total mass: 0.003968(cor) 0.003577 (10^12 M_sol)
 rcut:0.50(") 2.59(kpc)
 vdisp:35.60(km/s) b0:0.0548
 rc:0.00(") 0.01(kpc)
 rt:0.50(") 2.59(kpc)
 r_ct:0.0000 r_cr:0.0000
-------- Clump 112: PIEMD Kovner, truncated
 Total mass: 0.003955(cor) 0.003565 (10^12 M_sol)
 rcut:0.50(") 2.58(kpc)
 vdisp:35.57(km/s) b0:0.0547
 rc:0.00(") 0.01(kpc)
 rt:0.50(") 2.58(kpc)
 r_ct:0.0000 r_cr:0.0000
-------- Clump 113: PIEMD Kovner, truncated
 Total mass: 0.003935(cor) 0.003546 (10^12 M_sol)
 rcut:0.50(") 2.57(kpc)
 vdisp:35.53(km/s) b0:0.0546
 rc:0.00(") 0.01(kpc)
 rt:0.50(") 2.57(kpc)
 r_ct:0.0000 r_cr:0.0000
-------- Clump 114: PIEMD Kovner, truncated
 Total mass: 0.003815(cor) 0.003439 (10^12 M_sol)
 rcut:0.49(") 2.53(kpc)
 vdisp:35.26(km/s) b0:0.0538
 rc:0.00(") 0.01(kpc)
 rt:0.49(") 2.53(kpc)
 r_ct:0.0000 r_cr:0.0000
-------- Clump 115: PIEMD Kovner, truncated
 Total mass: 0.003716(cor) 0.003350 (10^12 M_sol)
 rcut:0.48(") 2.50(kpc)
 vdisp:35.02(km/s) b0:0.0531
 rc:0.00(") 0.01(kpc)
 rt:0.48(") 2.50(kpc)
 r_ct:0.0000 r_cr:0.0000
-------- Clump 116: PIEMD Kovner, truncated
 Total mass: 0.003651(cor) 0.003290 (10^12 M_sol)
 rcut:0.48(") 2.48(kpc)
 vdisp:34.87(km/s) b0:0.0526
 rc:0.00(") 0.01(kpc)
 rt:0.48(") 2.48(kpc)
 r_ct:0.0000 r_cr:0.0000
-------- Clump 117: PIEMD Kovner, truncated
 Total mass: 0.003527(cor) 0.003179 (10^12 M_sol)
 rcut:0.47(") 2.44(kpc)
 vdisp:34.57(km/s) b0:0.0517
 rc:0.00(") 0.01(kpc)
 rt:0.47(") 2.44(kpc)
 r_ct:0.0000 r_cr:0.0000
-------- Clump 118: PIEMD Kovner, truncated
 Total mass: 0.003377(cor) 0.003043 (10^12 M_sol)
 rcut:0.46(") 2.38(kpc)
 vdisp:34.19(km/s) b0:0.0506
 rc:0.00(") 0.01(kpc)
 rt:0.46(") 2.38(kpc)
 r_ct:0.0000 r_cr:0.0000
-------- Clump 119: PIEMD Kovner, truncated
 Total mass: 0.003296(cor) 0.002970 (10^12 M_sol)
 rcut:0.46(") 2.36(kpc)
 vdisp:33.99(km/s) b0:0.0500
 rc:0.00(") 0.01(kpc)
 rt:0.46(") 2.36(kpc)
 r_ct:0.0000 r_cr:0.0000
-------- Clump 120: PIEMD Kovner, truncated
 Total mass: 0.003245(cor) 0.002924 (10^12 M_sol)
 rcut:0.45(") 2.34(kpc)
 vdisp:33.86(km/s) b0:0.0496
 rc:0.00(") 0.01(kpc)
 rt:0.45(") 2.34(kpc)
 r_ct:0.0000 r_cr:0.0000
-------- Clump 121: PIEMD Kovner, truncated
 Total mass: 0.003212(cor) 0.002895 (10^12 M_sol)
 rcut:0.45(") 2.33(kpc)
 vdisp:33.77(km/s) b0:0.0493
 rc:0.00(") 0.01(kpc)
 rt:0.45(") 2.33(kpc)
 r_ct:0.0000 r_cr:0.0000
-------- Clump 122: PIEMD Kovner, truncated
 Total mass: 0.003143(cor) 0.002833 (10^12 M_sol)
 rcut:0.45(") 2.30(kpc)
 vdisp:33.59(km/s) b0:0.0488
 rc:0.00(") 0.01(kpc)
 rt:0.45(") 2.30(kpc)
 r_ct:0.0000 r_cr:0.0000
-------- Clump 123: PIEMD Kovner, truncated
 Total mass: 0.003083(cor) 0.002779 (10^12 M_sol)
 rcut:0.44(") 2.28(kpc)
 vdisp:33.43(km/s) b0:0.0483
 rc:0.00(") 0.01(kpc)
 rt:0.44(") 2.28(kpc)
 r_ct:0.0000 r_cr:0.0000
-------- Clump 124: PIEMD Kovner, truncated
 Total mass: 0.002970(cor) 0.002677 (10^12 M_sol)
 rcut:0.43(") 2.24(kpc)
 vdisp:33.12(km/s) b0:0.0474
 rc:0.00(") 0.01(kpc)
 rt:0.43(") 2.24(kpc)
 r_ct:0.0000 r_cr:0.0000
-------- Clump 125: PIEMD Kovner, truncated
 Total mass: 0.002956(cor) 0.002664 (10^12 M_sol)
 rcut:0.43(") 2.23(kpc)
 vdisp:33.08(km/s) b0:0.0473
 rc:0.00(") 0.01(kpc)
 rt:0.43(") 2.23(kpc)
 r_ct:0.0000 r_cr:0.0000
-------- Clump 126: PIEMD Kovner, truncated
 Total mass: 0.002954(cor) 0.002663 (10^12 M_sol)
 rcut:0.43(") 2.23(kpc)
 vdisp:33.07(km/s) b0:0.0473
 rc:0.00(") 0.01(kpc)
 rt:0.43(") 2.23(kpc)
 r_ct:0.0000 r_cr:0.0000
-------- Clump 127: PIEMD Kovner, truncated
 Total mass: 0.002692(cor) 0.002426 (10^12 M_sol)
 rcut:0.41(") 2.13(kpc)
 vdisp:32.31(km/s) b0:0.0452
 rc:0.00(") 0.01(kpc)
 rt:0.41(") 2.13(kpc)
 r_ct:0.0000 r_cr:0.0000
-------- Clump 128: PIEMD Kovner, truncated
 Total mass: 0.002563(cor) 0.002310 (10^12 M_sol)
 rcut:0.40(") 2.08(kpc)
 vdisp:31.92(km/s) b0:0.0441
 rc:0.00(") 0.01(kpc)
 rt:0.40(") 2.08(kpc)
 r_ct:0.0000 r_cr:0.0000
-------- Clump 129: PIEMD Kovner, truncated
 Total mass: 0.002485(cor) 0.002239 (10^12 M_sol)
 rcut:0.40(") 2.05(kpc)
 vdisp:31.67(km/s) b0:0.0434
 rc:0.00(") 0.01(kpc)
 rt:0.40(") 2.05(kpc)
 r_ct:0.0000 r_cr:0.0000
-------- Clump 130: PIEMD Kovner, truncated
 Total mass: 0.002479(cor) 0.002234 (10^12 M_sol)
 rcut:0.40(") 2.04(kpc)
 vdisp:31.65(km/s) b0:0.0433
 rc:0.00(") 0.01(kpc)
 rt:0.40(") 2.04(kpc)
 r_ct:0.0000 r_cr:0.0000
-------- Clump 131: PIEMD Kovner, truncated
 Total mass: 0.002369(cor) 0.002135 (10^12 M_sol)
 rcut:0.39(") 2.00(kpc)
 vdisp:31.30(km/s) b0:0.0424
 rc:0.00(") 0.01(kpc)
 rt:0.39(") 2.00(kpc)
 r_ct:0.0000 r_cr:0.0000
-------- Clump 132: PIEMD Kovner, truncated
 Total mass: 0.002359(cor) 0.002126 (10^12 M_sol)
 rcut:0.39(") 1.99(kpc)
 vdisp:31.26(km/s) b0:0.0423
 rc:0.00(") 0.01(kpc)
 rt:0.39(") 1.99(kpc)
 r_ct:0.0000 r_cr:0.0000
-------- Clump 133: PIEMD Kovner, truncated
 Total mass: 0.002355(cor) 0.002122 (10^12 M_sol)
 rcut:0.39(") 1.99(kpc)
 vdisp:31.25(km/s) b0:0.0422
 rc:0.00(") 0.01(kpc)
 rt:0.39(") 1.99(kpc)
 r_ct:0.0000 r_cr:0.0000
-------- Clump 134: PIEMD Kovner, truncated
 Total mass: 0.002299(cor) 0.002072 (10^12 M_sol)
 rcut:0.38(") 1.97(kpc)
 vdisp:31.06(km/s) b0:0.0417
 rc:0.00(") 0.01(kpc)
 rt:0.38(") 1.97(kpc)
 r_ct:0.0000 r_cr:0.0000
-------- Clump 135: PIEMD Kovner, truncated
 Total mass: 0.002275(cor) 0.002050 (10^12 M_sol)
 rcut:0.38(") 1.96(kpc)
 vdisp:30.98(km/s) b0:0.0415
 rc:0.00(") 0.01(kpc)
 rt:0.38(") 1.96(kpc)
 r_ct:0.0000 r_cr:0.0000
-------- Clump 136: PIEMD Kovner, truncated
 Total mass: 0.002259(cor) 0.002036 (10^12 M_sol)
 rcut:0.38(") 1.95(kpc)
 vdisp:30.93(km/s) b0:0.0414
 rc:0.00(") 0.01(kpc)
 rt:0.38(") 1.95(kpc)
 r_ct:0.0000 r_cr:0.0000
-------- Clump 137: PIEMD Kovner, truncated
 Total mass: 0.002232(cor) 0.002011 (10^12 M_sol)
 rcut:0.38(") 1.94(kpc)
 vdisp:30.83(km/s) b0:0.0411
 rc:0.00(") 0.01(kpc)
 rt:0.38(") 1.94(kpc)
 r_ct:0.0000 r_cr:0.0000
-------- Clump 138: PIEMD Kovner, truncated
 Total mass: 0.002182(cor) 0.001966 (10^12 M_sol)
 rcut:0.37(") 1.92(kpc)
 vdisp:30.66(km/s) b0:0.0407
 rc:0.00(") 0.01(kpc)
 rt:0.37(") 1.92(kpc)
 r_ct:0.0000 r_cr:0.0000
-------- Clump 139: PIEMD Kovner, truncated
 Total mass: 0.002165(cor) 0.001951 (10^12 M_sol)
 rcut:0.37(") 1.91(kpc)
 vdisp:30.60(km/s) b0:0.0405
 rc:0.00(") 0.01(kpc)
 rt:0.37(") 1.91(kpc)
 r_ct:0.0000 r_cr:0.0000
-------- Clump 140: PIEMD Kovner, truncated
 Total mass: 0.002127(cor) 0.001917 (10^12 M_sol)
 rcut:0.37(") 1.89(kpc)
 vdisp:30.46(km/s) b0:0.0401
 rc:0.00(") 0.01(kpc)
 rt:0.37(") 1.89(kpc)
 r_ct:0.0000 r_cr:0.0000
-------- Clump 141: PIEMD Kovner, truncated
 Total mass: 0.002105(cor) 0.001897 (10^12 M_sol)
 rcut:0.36(") 1.88(kpc)
 vdisp:30.39(km/s) b0:0.0399
 rc:0.00(") 0.01(kpc)
 rt:0.36(") 1.88(kpc)
 r_ct:0.0000 r_cr:0.0000
-------- Clump 142: PIEMD Kovner, truncated
 Total mass: 0.002075(cor) 0.001870 (10^12 M_sol)
 rcut:0.36(") 1.87(kpc)
 vdisp:30.28(km/s) b0:0.0397
 rc:0.00(") 0.01(kpc)
 rt:0.36(") 1.87(kpc)
 r_ct:0.0000 r_cr:0.0000
-------- Clump 143: PIEMD Kovner, truncated
 Total mass: 0.002071(cor) 0.001867 (10^12 M_sol)
 rcut:0.36(") 1.87(kpc)
 vdisp:30.26(km/s) b0:0.0396
 rc:0.00(") 0.01(kpc)
 rt:0.36(") 1.87(kpc)
 r_ct:0.0000 r_cr:0.0000
-------- Clump 144: PIEMD Kovner, truncated
 Total mass: 0.002071(cor) 0.001867 (10^12 M_sol)
 rcut:0.36(") 1.87(kpc)
 vdisp:30.26(km/s) b0:0.0396
 rc:0.00(") 0.01(kpc)
 rt:0.36(") 1.87(kpc)
 r_ct:0.0000 r_cr:0.0000
-------- Clump 145: PIEMD Kovner, truncated
 Total mass: 0.002056(cor) 0.001853 (10^12 M_sol)
 rcut:0.36(") 1.86(kpc)
 vdisp:30.21(km/s) b0:0.0395
 rc:0.00(") 0.01(kpc)
 rt:0.36(") 1.86(kpc)
 r_ct:0.0000 r_cr:0.0000
-------- Clump 146: PIEMD Kovner, truncated
 Total mass: 0.002006(cor) 0.001808 (10^12 M_sol)
 rcut:0.36(") 1.84(kpc)
 vdisp:30.02(km/s) b0:0.0390
 rc:0.00(") 0.01(kpc)
 rt:0.36(") 1.84(kpc)
 r_ct:0.0000 r_cr:0.0000
-------- Clump 147: PIEMD Kovner, truncated
 Total mass: 0.001954(cor) 0.001761 (10^12 M_sol)
 rcut:0.35(") 1.81(kpc)
 vdisp:29.83(km/s) b0:0.0385
 rc:0.00(") 0.01(kpc)
 rt:0.35(") 1.81(kpc)
 r_ct:0.0000 r_cr:0.0000
-------- Clump 148: PIEMD Kovner, truncated
 Total mass: 0.001940(cor) 0.001748 (10^12 M_sol)
 rcut:0.35(") 1.81(kpc)
 vdisp:29.77(km/s) b0:0.0383
 rc:0.00(") 0.01(kpc)
 rt:0.35(") 1.81(kpc)
 r_ct:0.0000 r_cr:0.0000
-------- Clump 149: PIEMD Kovner, truncated
 Total mass: 0.001805(cor) 0.001627 (10^12 M_sol)
 rcut:0.34(") 1.74(kpc)
 vdisp:29.24(km/s) b0:0.0370
 rc:0.00(") 0.01(kpc)
 rt:0.34(") 1.74(kpc)
 r_ct:0.0000 r_cr:0.0000
-------- Clump 150: PIEMD Kovner, truncated
 Total mass: 0.001763(cor) 0.001589 (10^12 M_sol)
 rcut:0.33(") 1.72(kpc)
 vdisp:29.07(km/s) b0:0.0366
 rc:0.00(") 0.01(kpc)
 rt:0.33(") 1.72(kpc)
 r_ct:0.0000 r_cr:0.0000
-------- Clump 151: PIEMD Kovner, truncated
 Total mass: 0.001759(cor) 0.001585 (10^12 M_sol)
 rcut:0.33(") 1.72(kpc)
 vdisp:29.05(km/s) b0:0.0365
 rc:0.00(") 0.01(kpc)
 rt:0.33(") 1.72(kpc)
 r_ct:0.0000 r_cr:0.0000
-------- Clump 152: PIEMD Kovner, truncated
 Total mass: 0.001721(cor) 0.001551 (10^12 M_sol)
 rcut:0.33(") 1.70(kpc)
 vdisp:28.89(km/s) b0:0.0361
 rc:0.00(") 0.01(kpc)
 rt:0.33(") 1.70(kpc)
 r_ct:0.0000 r_cr:0.0000
-------- Clump 153: PIEMD Kovner, truncated
 Total mass: 0.001688(cor) 0.001522 (10^12 M_sol)
 rcut:0.33(") 1.69(kpc)
 vdisp:28.75(km/s) b0:0.0358
 rc:0.00(") 0.01(kpc)
 rt:0.33(") 1.69(kpc)
 r_ct:0.0000 r_cr:0.0000
-------- Clump 154: PIEMD Kovner, truncated
 Total mass: 0.001682(cor) 0.001516 (10^12 M_sol)
 rcut:0.33(") 1.68(kpc)
 vdisp:28.73(km/s) b0:0.0357
 rc:0.00(") 0.01(kpc)
 rt:0.33(") 1.68(kpc)
 r_ct:0.0000 r_cr:0.0000
-------- Clump 155: PIEMD Kovner, truncated
 Total mass: 0.001679(cor) 0.001513 (10^12 M_sol)
 rcut:0.33(") 1.68(kpc)
 vdisp:28.72(km/s) b0:0.0357
 rc:0.00(") 0.01(kpc)
 rt:0.33(") 1.68(kpc)
 r_ct:0.0000 r_cr:0.0000
-------- Clump 156: PIEMD Kovner, truncated
 Total mass: 0.001679(cor) 0.001513 (10^12 M_sol)
 rcut:0.33(") 1.68(kpc)
 vdisp:28.72(km/s) b0:0.0357
 rc:0.00(") 0.01(kpc)
 rt:0.33(") 1.68(kpc)
 r_ct:0.0000 r_cr:0.0000
-------- Clump 157: PIEMD Kovner, truncated
 Total mass: 0.001677(cor) 0.001512 (10^12 M_sol)
 rcut:0.33(") 1.68(kpc)
 vdisp:28.71(km/s) b0:0.0357
 rc:0.00(") 0.01(kpc)
 rt:0.33(") 1.68(kpc)
 r_ct:0.0000 r_cr:0.0000
-------- Clump 158: PIEMD Kovner, truncated
 Total mass: 0.001640(cor) 0.001479 (10^12 M_sol)
 rcut:0.32(") 1.66(kpc)
 vdisp:28.55(km/s) b0:0.0353
 rc:0.00(") 0.01(kpc)
 rt:0.32(") 1.66(kpc)
 r_ct:0.0000 r_cr:0.0000
-------- Clump 159: PIEMD Kovner, truncated
 Total mass: 0.001622(cor) 0.001462 (10^12 M_sol)
 rcut:0.32(") 1.65(kpc)
 vdisp:28.47(km/s) b0:0.0351
 rc:0.00(") 0.01(kpc)
 rt:0.32(") 1.65(kpc)
 r_ct:0.0000 r_cr:0.0000
-------- Clump 160: PIEMD Kovner, truncated
 Total mass: 0.001607(cor) 0.001448 (10^12 M_sol)
 rcut:0.32(") 1.65(kpc)
 vdisp:28.40(km/s) b0:0.0349
 rc:0.00(") 0.01(kpc)
 rt:0.32(") 1.65(kpc)
 r_ct:0.0000 r_cr:0.0000
-------- Clump 161: PIEMD Kovner, truncated
 Total mass: 0.001509(cor) 0.001360 (10^12 M_sol)
 rcut:0.31(") 1.59(kpc)
 vdisp:27.96(km/s) b0:0.0338
 rc:0.00(") 0.01(kpc)
 rt:0.31(") 1.59(kpc)
 r_ct:0.0000 r_cr:0.0000
-------- Clump 162: PIEMD Kovner, truncated
 Total mass: 0.001484(cor) 0.001337 (10^12 M_sol)
 rcut:0.31(") 1.58(kpc)
 vdisp:27.84(km/s) b0:0.0335
 rc:0.00(") 0.01(kpc)
 rt:0.31(") 1.58(kpc)
 r_ct:0.0000 r_cr:0.0000
-------- Clump 163: PIEMD Kovner, truncated
 Total mass: 0.001362(cor) 0.001228 (10^12 M_sol)
 rcut:0.29(") 1.51(kpc)
 vdisp:27.25(km/s) b0:0.0321
 rc:0.00(") 0.01(kpc)
 rt:0.29(") 1.51(kpc)
 r_ct:0.0000 r_cr:0.0000
-------- Clump 164: PIEMD Kovner, truncated
 Total mass: 0.001327(cor) 0.001196 (10^12 M_sol)
 rcut:0.29(") 1.49(kpc)
 vdisp:27.07(km/s) b0:0.0317
 rc:0.00(") 0.01(kpc)
 rt:0.29(") 1.49(kpc)
 r_ct:0.0000 r_cr:0.0000
-------- Clump 165: PIEMD Kovner, truncated
 Total mass: 0.001315(cor) 0.001186 (10^12 M_sol)
 rcut:0.29(") 1.49(kpc)
 vdisp:27.01(km/s) b0:0.0316
 rc:0.00(") 0.01(kpc)
 rt:0.29(") 1.49(kpc)
 r_ct:0.0000 r_cr:0.0000
-------- Clump 166: PIEMD Kovner, truncated
 Total mass: 0.001269(cor) 0.001144 (10^12 M_sol)
 rcut:0.28(") 1.46(kpc)
 vdisp:26.77(km/s) b0:0.0310
 rc:0.00(") 0.01(kpc)
 rt:0.28(") 1.46(kpc)
 r_ct:0.0000 r_cr:0.0000
-------- Clump 167: PIEMD Kovner, truncated
 Total mass: 0.001251(cor) 0.001128 (10^12 M_sol)
 rcut:0.28(") 1.45(kpc)
 vdisp:26.68(km/s) b0:0.0308
 rc:0.00(") 0.01(kpc)
 rt:0.28(") 1.45(kpc)
 r_ct:0.0000 r_cr:0.0000
-------- Clump 168: PIEMD Kovner, truncated
 Total mass: 0.001243(cor) 0.001121 (10^12 M_sol)
 rcut:0.28(") 1.45(kpc)
 vdisp:26.64(km/s) b0:0.0307
 rc:0.00(") 0.01(kpc)
 rt:0.28(") 1.45(kpc)
 r_ct:0.0000 r_cr:0.0000
-------- Clump 169: PIEMD Kovner, truncated
 Total mass: 0.001226(cor) 0.001105 (10^12 M_sol)
 rcut:0.28(") 1.44(kpc)
 vdisp:26.54(km/s) b0:0.0305
 rc:0.00(") 0.01(kpc)
 rt:0.28(") 1.44(kpc)
 r_ct:0.0000 r_cr:0.0000
-------- Clump 170: PIEMD Kovner, truncated
 Total mass: 0.001180(cor) 0.001063 (10^12 M_sol)
 rcut:0.27(") 1.41(kpc)
 vdisp:26.29(km/s) b0:0.0299
 rc:0.00(") 0.01(kpc)
 rt:0.27(") 1.41(kpc)
 r_ct:0.0000 r_cr:0.0000
-------- Clump 171: PIEMD Kovner, truncated
 Total mass: 0.001172(cor) 0.001057 (10^12 M_sol)
 rcut:0.27(") 1.41(kpc)
 vdisp:26.25(km/s) b0:0.0298
 rc:0.00(") 0.01(kpc)
 rt:0.27(") 1.41(kpc)
 r_ct:0.0000 r_cr:0.0000
-------- Clump 172: PIEMD Kovner, truncated
 Total mass: 0.001158(cor) 0.001044 (10^12 M_sol)
 rcut:0.27(") 1.40(kpc)
 vdisp:26.17(km/s) b0:0.0296
 rc:0.00(") 0.01(kpc)
 rt:0.27(") 1.40(kpc)
 r_ct:0.0000 r_cr:0.0000
-------- Clump 173: PIEMD Kovner, truncated
 Total mass: 0.001149(cor) 0.001035 (10^12 M_sol)
 rcut:0.27(") 1.39(kpc)
 vdisp:26.12(km/s) b0:0.0295
 rc:0.00(") 0.01(kpc)
 rt:0.27(") 1.39(kpc)
 r_ct:0.0000 r_cr:0.0000
-------- Clump 174: PIEMD Kovner, truncated
 Total mass: 0.001119(cor) 0.001009 (10^12 M_sol)
 rcut:0.27(") 1.37(kpc)
 vdisp:25.95(km/s) b0:0.0291
 rc:0.00(") 0.01(kpc)
 rt:0.27(") 1.37(kpc)
 r_ct:0.0000 r_cr:0.0000
-------- Clump 175: PIEMD Kovner, truncated
 Total mass: 0.001090(cor) 0.000982 (10^12 M_sol)
 rcut:0.26(") 1.35(kpc)
 vdisp:25.77(km/s) b0:0.0287
 rc:0.00(") 0.01(kpc)
 rt:0.26(") 1.35(kpc)
 r_ct:0.0000 r_cr:0.0000
-------- Clump 176: PIEMD Kovner, truncated
 Total mass: 0.001077(cor) 0.000971 (10^12 M_sol)
 rcut:0.26(") 1.35(kpc)
 vdisp:25.70(km/s) b0:0.0286
 rc:0.00(") 0.01(kpc)
 rt:0.26(") 1.35(kpc)
 r_ct:0.0000 r_cr:0.0000
-------- Clump 177: PIEMD Kovner, truncated
 Total mass: 0.001073(cor) 0.000967 (10^12 M_sol)
 rcut:0.26(") 1.34(kpc)
 vdisp:25.67(km/s) b0:0.0285
 rc:0.00(") 0.01(kpc)
 rt:0.26(") 1.34(kpc)
 r_ct:0.0000 r_cr:0.0000
-------- Clump 178: PIEMD Kovner, truncated
 Total mass: 0.001030(cor) 0.000928 (10^12 M_sol)
 rcut:0.25(") 1.32(kpc)
 vdisp:25.41(km/s) b0:0.0279
 rc:0.00(") 0.01(kpc)
 rt:0.25(") 1.32(kpc)
 r_ct:0.0000 r_cr:0.0000
-------- Clump 179: PIEMD Kovner, truncated
 Total mass: 0.001026(cor) 0.000925 (10^12 M_sol)
 rcut:0.25(") 1.31(kpc)
 vdisp:25.39(km/s) b0:0.0279
 rc:0.00(") 0.01(kpc)
 rt:0.25(") 1.31(kpc)
 r_ct:0.0000 r_cr:0.0000
-------- Clump 180: PIEMD Kovner, truncated
 Total mass: 0.001007(cor) 0.000908 (10^12 M_sol)
 rcut:0.25(") 1.30(kpc)
 vdisp:25.27(km/s) b0:0.0276
 rc:0.00(") 0.01(kpc)
 rt:0.25(") 1.30(kpc)
 r_ct:0.0000 r_cr:0.0000
-------- Clump 181: PIEMD Kovner, truncated
 Total mass: 0.000998(cor) 0.000900 (10^12 M_sol)
 rcut:0.25(") 1.30(kpc)
 vdisp:25.21(km/s) b0:0.0275
 rc:0.00(") 0.01(kpc)
 rt:0.25(") 1.30(kpc)
 r_ct:0.0000 r_cr:0.0000
-------- Clump 182: PIEMD Kovner, truncated
 Total mass: 0.000977(cor) 0.000880 (10^12 M_sol)
 rcut:0.25(") 1.28(kpc)
 vdisp:25.08(km/s) b0:0.0272
 rc:0.00(") 0.01(kpc)
 rt:0.25(") 1.28(kpc)
 r_ct:0.0000 r_cr:0.0000
-------- Clump 183: PIEMD Kovner, truncated
 Total mass: 0.000977(cor) 0.000880 (10^12 M_sol)
 rcut:0.25(") 1.28(kpc)
 vdisp:25.08(km/s) b0:0.0272
 rc:0.00(") 0.01(kpc)
 rt:0.25(") 1.28(kpc)
 r_ct:0.0000 r_cr:0.0000
-------- Clump 184: PIEMD Kovner, truncated
 Total mass: 0.000966(cor) 0.000870 (10^12 M_sol)
 rcut:0.25(") 1.28(kpc)
 vdisp:25.01(km/s) b0:0.0271
 rc:0.00(") 0.01(kpc)
 rt:0.25(") 1.28(kpc)
 r_ct:0.0000 r_cr:0.0000
-------- Clump 185: PIEMD Kovner, truncated
 Total mass: 0.000959(cor) 0.000865 (10^12 M_sol)
 rcut:0.25(") 1.27(kpc)
 vdisp:24.96(km/s) b0:0.0270
 rc:0.00(") 0.01(kpc)
 rt:0.25(") 1.27(kpc)
 r_ct:0.0000 r_cr:0.0000
-------- Clump 186: PIEMD Kovner, truncated
 Total mass: 0.000872(cor) 0.000786 (10^12 M_sol)
 rcut:0.23(") 1.21(kpc)
 vdisp:24.38(km/s) b0:0.0257
 rc:0.00(") 0.01(kpc)
 rt:0.23(") 1.21(kpc)
 r_ct:0.0000 r_cr:0.0000
-------- Clump 187: PIEMD Kovner, truncated
 Total mass: 0.000857(cor) 0.000772 (10^12 M_sol)
 rcut:0.23(") 1.20(kpc)
 vdisp:24.27(km/s) b0:0.0255
 rc:0.00(") 0.01(kpc)
 rt:0.23(") 1.20(kpc)
 r_ct:0.0000 r_cr:0.0000
-------- Clump 188: PIEMD Kovner, truncated
 Total mass: 0.000835(cor) 0.000752 (10^12 M_sol)
 rcut:0.23(") 1.19(kpc)
 vdisp:24.11(km/s) b0:0.0252
 rc:0.00(") 0.01(kpc)
 rt:0.23(") 1.19(kpc)
 r_ct:0.0000 r_cr:0.0000
-------- Clump 189: PIEMD Kovner, truncated
 Total mass: 0.000818(cor) 0.000737 (10^12 M_sol)
 rcut:0.23(") 1.17(kpc)
 vdisp:23.99(km/s) b0:0.0249
 rc:0.00(") 0.01(kpc)
 rt:0.23(") 1.17(kpc)
 r_ct:0.0000 r_cr:0.0000
-------- Clump 190: PIEMD Kovner, truncated
 Total mass: 0.000799(cor) 0.000720 (10^12 M_sol)
 rcut:0.22(") 1.16(kpc)
 vdisp:23.85(km/s) b0:0.0246
 rc:0.00(") 0.00(kpc)
 rt:0.22(") 1.16(kpc)
 r_ct:0.0000 r_cr:0.0000
-------- Clump 191: PIEMD Kovner, truncated
 Total mass: 0.000785(cor) 0.000707 (10^12 M_sol)
 rcut:0.22(") 1.15(kpc)
 vdisp:23.74(km/s) b0:0.0244
 rc:0.00(") 0.00(kpc)
 rt:0.22(") 1.15(kpc)
 r_ct:0.0000 r_cr:0.0000
-------- Clump 192: PIEMD Kovner, truncated
 Total mass: 0.000750(cor) 0.000676 (10^12 M_sol)
 rcut:0.22(") 1.12(kpc)
 vdisp:23.47(km/s) b0:0.0238
 rc:0.00(") 0.00(kpc)
 rt:0.22(") 1.12(kpc)
 r_ct:0.0000 r_cr:0.0000
-------- Clump 193: PIEMD Kovner, truncated
 Total mass: 0.000740(cor) 0.000667 (10^12 M_sol)
 rcut:0.22(") 1.12(kpc)
 vdisp:23.40(km/s) b0:0.0237
 rc:0.00(") 0.00(kpc)
 rt:0.22(") 1.12(kpc)
 r_ct:0.0000 r_cr:0.0000
-------- Clump 194: PIEMD Kovner, truncated
 Total mass: 0.000732(cor) 0.000660 (10^12 M_sol)
 rcut:0.21(") 1.11(kpc)
 vdisp:23.33(km/s) b0:0.0236
 rc:0.00(") 0.00(kpc)
 rt:0.21(") 1.11(kpc)
 r_ct:0.0000 r_cr:0.0000
-------- Clump 195: PIEMD Kovner, truncated
 Total mass: 0.000725(cor) 0.000653 (10^12 M_sol)
 rcut:0.21(") 1.10(kpc)
 vdisp:23.28(km/s) b0:0.0234
 rc:0.00(") 0.00(kpc)
 rt:0.21(") 1.10(kpc)
 r_ct:0.0000 r_cr:0.0000
-------- Clump 196: PIEMD Kovner, truncated
 Total mass: 0.000721(cor) 0.000650 (10^12 M_sol)
 rcut:0.21(") 1.10(kpc)
 vdisp:23.24(km/s) b0:0.0234
 rc:0.00(") 0.00(kpc)
 rt:0.21(") 1.10(kpc)
 r_ct:0.0000 r_cr:0.0000
-------- Clump 197: PIEMD Kovner, truncated
 Total mass: 0.000673(cor) 0.000606 (10^12 M_sol)
 rcut:0.21(") 1.06(kpc)
 vdisp:22.85(km/s) b0:0.0226
 rc:0.00(") 0.00(kpc)
 rt:0.21(") 1.06(kpc)
 r_ct:0.0000 r_cr:0.0000
-------- Clump 198: PIEMD Kovner, truncated
 Total mass: 0.000668(cor) 0.000602 (10^12 M_sol)
 rcut:0.21(") 1.06(kpc)
 vdisp:22.81(km/s) b0:0.0225
 rc:0.00(") 0.00(kpc)
 rt:0.21(") 1.06(kpc)
 r_ct:0.0000 r_cr:0.0000
-------- Clump 199: PIEMD Kovner, truncated
 Total mass: 0.000661(cor) 0.000596 (10^12 M_sol)
 rcut:0.20(") 1.06(kpc)
 vdisp:22.75(km/s) b0:0.0224
 rc:0.00(") 0.00(kpc)
 rt:0.20(") 1.06(kpc)
 r_ct:0.0000 r_cr:0.0000
-------- Clump 200: PIEMD Kovner, truncated
 Total mass: 0.000661(cor) 0.000596 (10^12 M_sol)
 rcut:0.20(") 1.06(kpc)
 vdisp:22.75(km/s) b0:0.0224
 rc:0.00(") 0.00(kpc)
 rt:0.20(") 1.06(kpc)
 r_ct:0.0000 r_cr:0.0000
