runmode
	reference	3 10.863918 -20.603346 10.863918 -20.603346
	shearfield	1 4.000000 shearfield.dat 50
	image	1 arcs.dat
	mass	3 2000 0.292400 mass3.fits
	end
grid
	number		128
	polar		0
	nlens	1
	end
source
	z_source	0.302400
	end
image
	newton		1
	end
potential
0
	profile		81
	x_centre	0.000000
	y_centre	0.000000
	ellipticity	0.612439
	angle_pos	60.135138
	core_radius	2.125908
	core_radius_kpc	9.302005
	cut_radius	22.854298
	cut_radius_kpc	100.000000
	v_disp		474.711675
	z_lens		0.292400
	end
cline
	nplan		1 4.500000 
	dmax		100.000000
	algorithm		MARCHINGSQUARES
	connect		1
	limitHigh		0.200000
	limitLow		0.050000
	end
grande
	iso	0 0 0.000000 0.000000 0.000000
	name	best
	profile	0 0
	contour	1 0
	large_dist	0.300000
	end
cosmology
	model	1
	H0	70.000000
	omegaM	0.300000
	omegaX	0.700000
	omegaK	0.000000
	wX	-1.000000
	wa	0.000000
	kcourb	0.000000
	end
field
	xmin	-20.000000
	xmax	20.000000
	ymin	-20.000000
	ymax	20.000000
	end
finish
For z_s = 0.3024  DLS/DS:0.0306
DLS:0.0066(lt) 28.25(Mpc) DOS:0.2157(lt) 923.84(Mpc)
DOL:0.2107(lt) 902.52(Mpc) DOL_lum:0.3520(lt) 1507.48(Mpc)
Mcrit:6.025001e-02 (10^12 Msol/kpc^2)
Conversion Factor @ z = 0.292400, 1 arcsec == 4.376 kpc
Number of Clumps: 1
-------- Clump 1: PIEMD Kovner, truncated
 Total mass: 27.289064(cor) 22.598341 (10^12 M_sol)
 rcut:22.85(") 100.00(kpc)
 vdisp:474.71(km/s) b0:9.7487
 rc:2.13(") 9.30(kpc)
 rt:22.85(") 100.00(kpc)
 r_ct:0.0000 r_cr:0.0000
